Archive member included to satisfy reference by file (symbol)

c:/progra~2/gnuarm~1/102021~1.10/bin/../lib/gcc/arm-none-eabi/10.3.1/../../../../arm-none-eabi/lib/thumb/v7-m/nofp\libg.a(lib_a-errno.o)
                              CMakeFiles/STM32.elf.dir/Core/Src/retarget.c.obj (__errno)
c:/progra~2/gnuarm~1/102021~1.10/bin/../lib/gcc/arm-none-eabi/10.3.1/../../../../arm-none-eabi/lib/thumb/v7-m/nofp\libg.a(lib_a-exit.o)
                              c:/progra~2/gnuarm~1/102021~1.10/bin/../lib/gcc/arm-none-eabi/10.3.1/../../../../arm-none-eabi/lib/thumb/v7-m/nofp/crt0.o (exit)
c:/progra~2/gnuarm~1/102021~1.10/bin/../lib/gcc/arm-none-eabi/10.3.1/../../../../arm-none-eabi/lib/thumb/v7-m/nofp\libg.a(lib_a-impure.o)
                              c:/progra~2/gnuarm~1/102021~1.10/bin/../lib/gcc/arm-none-eabi/10.3.1/../../../../arm-none-eabi/lib/thumb/v7-m/nofp\libg.a(lib_a-exit.o) (_global_impure_ptr)
c:/progra~2/gnuarm~1/102021~1.10/bin/../lib/gcc/arm-none-eabi/10.3.1/../../../../arm-none-eabi/lib/thumb/v7-m/nofp\libg.a(lib_a-init.o)
                              c:/progra~2/gnuarm~1/102021~1.10/bin/../lib/gcc/arm-none-eabi/10.3.1/../../../../arm-none-eabi/lib/thumb/v7-m/nofp/crt0.o (__libc_init_array)
c:/progra~2/gnuarm~1/102021~1.10/bin/../lib/gcc/arm-none-eabi/10.3.1/../../../../arm-none-eabi/lib/thumb/v7-m/nofp\libg.a(lib_a-memset.o)
                              c:/progra~2/gnuarm~1/102021~1.10/bin/../lib/gcc/arm-none-eabi/10.3.1/../../../../arm-none-eabi/lib/thumb/v7-m/nofp/crt0.o (memset)
c:/progra~2/gnuarm~1/102021~1.10/bin/../lib/gcc/arm-none-eabi/10.3.1/../../../../arm-none-eabi/lib/thumb/v7-m/nofp\libg.a(lib_a-printf.o)
                              CMakeFiles/STM32.elf.dir/Core/Src/main.c.obj (printf)
c:/progra~2/gnuarm~1/102021~1.10/bin/../lib/gcc/arm-none-eabi/10.3.1/../../../../arm-none-eabi/lib/thumb/v7-m/nofp\libg.a(lib_a-setvbuf.o)
                              CMakeFiles/STM32.elf.dir/Core/Src/retarget.c.obj (setvbuf)
c:/progra~2/gnuarm~1/102021~1.10/bin/../lib/gcc/arm-none-eabi/10.3.1/../../../../arm-none-eabi/lib/thumb/v7-m/nofp\libg.a(lib_a-sprintf.o)
                              CMakeFiles/STM32.elf.dir/Core/Src/usart.c.obj (sprintf)
c:/progra~2/gnuarm~1/102021~1.10/bin/../lib/gcc/arm-none-eabi/10.3.1/../../../../arm-none-eabi/lib/thumb/v7-m/nofp\libg.a(lib_a-strcmp.o)
                              CMakeFiles/STM32.elf.dir/Core/Src/Motor.c.obj (strcmp)
c:/progra~2/gnuarm~1/102021~1.10/bin/../lib/gcc/arm-none-eabi/10.3.1/../../../../arm-none-eabi/lib/thumb/v7-m/nofp\libg.a(lib_a-strlen-stub.o)
                              CMakeFiles/STM32.elf.dir/Core/Src/usart.c.obj (strlen)
c:/progra~2/gnuarm~1/102021~1.10/bin/../lib/gcc/arm-none-eabi/10.3.1/../../../../arm-none-eabi/lib/thumb/v7-m/nofp\libg.a(lib_a-svfprintf.o)
                              c:/progra~2/gnuarm~1/102021~1.10/bin/../lib/gcc/arm-none-eabi/10.3.1/../../../../arm-none-eabi/lib/thumb/v7-m/nofp\libg.a(lib_a-sprintf.o) (_svfprintf_r)
c:/progra~2/gnuarm~1/102021~1.10/bin/../lib/gcc/arm-none-eabi/10.3.1/../../../../arm-none-eabi/lib/thumb/v7-m/nofp\libg.a(lib_a-vfprintf.o)
                              c:/progra~2/gnuarm~1/102021~1.10/bin/../lib/gcc/arm-none-eabi/10.3.1/../../../../arm-none-eabi/lib/thumb/v7-m/nofp\libg.a(lib_a-printf.o) (_vfprintf_r)
c:/progra~2/gnuarm~1/102021~1.10/bin/../lib/gcc/arm-none-eabi/10.3.1/../../../../arm-none-eabi/lib/thumb/v7-m/nofp\libg.a(lib_a-wsetup.o)
                              c:/progra~2/gnuarm~1/102021~1.10/bin/../lib/gcc/arm-none-eabi/10.3.1/../../../../arm-none-eabi/lib/thumb/v7-m/nofp\libg.a(lib_a-vfprintf.o) (__swsetup_r)
c:/progra~2/gnuarm~1/102021~1.10/bin/../lib/gcc/arm-none-eabi/10.3.1/../../../../arm-none-eabi/lib/thumb/v7-m/nofp\libg.a(lib_a-__call_atexit.o)
                              c:/progra~2/gnuarm~1/102021~1.10/bin/../lib/gcc/arm-none-eabi/10.3.1/../../../../arm-none-eabi/lib/thumb/v7-m/nofp\libg.a(lib_a-exit.o) (__call_exitprocs)
c:/progra~2/gnuarm~1/102021~1.10/bin/../lib/gcc/arm-none-eabi/10.3.1/../../../../arm-none-eabi/lib/thumb/v7-m/nofp\libg.a(lib_a-atexit.o)
                              c:/progra~2/gnuarm~1/102021~1.10/bin/../lib/gcc/arm-none-eabi/10.3.1/../../../../arm-none-eabi/lib/thumb/v7-m/nofp\libg.a(lib_a-__call_atexit.o) (atexit)
c:/progra~2/gnuarm~1/102021~1.10/bin/../lib/gcc/arm-none-eabi/10.3.1/../../../../arm-none-eabi/lib/thumb/v7-m/nofp\libg.a(lib_a-dtoa.o)
                              c:/progra~2/gnuarm~1/102021~1.10/bin/../lib/gcc/arm-none-eabi/10.3.1/../../../../arm-none-eabi/lib/thumb/v7-m/nofp\libg.a(lib_a-svfprintf.o) (_dtoa_r)
c:/progra~2/gnuarm~1/102021~1.10/bin/../lib/gcc/arm-none-eabi/10.3.1/../../../../arm-none-eabi/lib/thumb/v7-m/nofp\libg.a(lib_a-fflush.o)
                              c:/progra~2/gnuarm~1/102021~1.10/bin/../lib/gcc/arm-none-eabi/10.3.1/../../../../arm-none-eabi/lib/thumb/v7-m/nofp\libg.a(lib_a-setvbuf.o) (_fflush_r)
[...]
Memory Configuration

Name             Origin             Length             Attributes
RAM              0x20000000         0x00005000         xrw
FLASH            0x08000000         0x00010000         xr
*default*        0x00000000         0xffffffff

Linker script and memory map

LOAD c:/progra~2/gnuarm~1/102021~1.10/bin/../lib/gcc/arm-none-eabi/10.3.1/thumb/v7-m/nofp/crti.o
LOAD c:/progra~2/gnuarm~1/102021~1.10/bin/../lib/gcc/arm-none-eabi/10.3.1/thumb/v7-m/nofp/crtbegin.o
LOAD c:/progra~2/gnuarm~1/102021~1.10/bin/../lib/gcc/arm-none-eabi/10.3.1/../../../../arm-none-eabi/lib/thumb/v7-m/nofp/crt0.o
LOAD CMakeFiles/STM32.elf.dir/Core/Src/Control.c.obj
LOAD CMakeFiles/STM32.elf.dir/Core/Src/Motor.c.obj
LOAD CMakeFiles/STM32.elf.dir/Core/Src/gpio.c.obj
LOAD CMakeFiles/STM32.elf.dir/Core/Src/main.c.obj
LOAD CMakeFiles/STM32.elf.dir/Core/Src/retarget.c.obj
LOAD CMakeFiles/STM32.elf.dir/Core/Src/stm32f1xx_hal_msp.c.obj
LOAD CMakeFiles/STM32.elf.dir/Core/Src/stm32f1xx_it.c.obj
LOAD CMakeFiles/STM32.elf.dir/Core/Src/syscalls.c.obj
LOAD CMakeFiles/STM32.elf.dir/Core/Src/sysmem.c.obj
LOAD CMakeFiles/STM32.elf.dir/Core/Src/system_stm32f1xx.c.obj
LOAD CMakeFiles/STM32.elf.dir/Core/Src/tim.c.obj
LOAD CMakeFiles/STM32.elf.dir/Core/Src/usart.c.obj
LOAD CMakeFiles/STM32.elf.dir/Core/Startup/startup_stm32f103c8tx.s.obj
LOAD CMakeFiles/STM32.elf.dir/Drivers/STM32F1xx_HAL_Driver/Src/stm32f1xx_hal.c.obj
LOAD CMakeFiles/STM32.elf.dir/Drivers/STM32F1xx_HAL_Driver/Src/stm32f1xx_hal_cortex.c.obj
LOAD CMakeFiles/STM32.elf.dir/Drivers/STM32F1xx_HAL_Driver/Src/stm32f1xx_hal_dma.c.obj
LOAD CMakeFiles/STM32.elf.dir/Drivers/STM32F1xx_HAL_Driver/Src/stm32f1xx_hal_exti.c.obj
LOAD CMakeFiles/STM32.elf.dir/Drivers/STM32F1xx_HAL_Driver/Src/stm32f1xx_hal_flash.c.obj
LOAD CMakeFiles/STM32.elf.dir/Drivers/STM32F1xx_HAL_Driver/Src/stm32f1xx_hal_flash_ex.c.obj
LOAD CMakeFiles/STM32.elf.dir/Drivers/STM32F1xx_HAL_Driver/Src/stm32f1xx_hal_gpio.c.obj
LOAD CMakeFiles/STM32.elf.dir/Drivers/STM32F1xx_HAL_Driver/Src/stm32f1xx_hal_gpio_ex.c.obj
LOAD CMakeFiles/STM32.elf.dir/Drivers/STM32F1xx_HAL_Driver/Src/stm32f1xx_hal_pwr.c.obj
LOAD CMakeFiles/STM32.elf.dir/Drivers/STM32F1xx_HAL_Driver/Src/stm32f1xx_hal_rcc.c.obj
LOAD CMakeFiles/STM32.elf.dir/Drivers/STM32F1xx_HAL_Driver/Src/stm32f1xx_hal_rcc_ex.c.obj
LOAD CMakeFiles/STM32.elf.dir/Drivers/STM32F1xx_HAL_Driver/Src/stm32f1xx_hal_tim.c.obj
LOAD CMakeFiles/STM32.elf.dir/Drivers/STM32F1xx_HAL_Driver/Src/stm32f1xx_hal_tim_ex.c.obj
LOAD CMakeFiles/STM32.elf.dir/Drivers/STM32F1xx_HAL_Driver/Src/stm32f1xx_hal_uart.c.obj
START GROUP
LOAD c:/progra~2/gnuarm~1/102021~1.10/bin/../lib/gcc/arm-none-eabi/10.3.1/thumb/v7-m/nofp\libgcc.a
LOAD c:/progra~2/gnuarm~1/102021~1.10/bin/../lib/gcc/arm-none-eabi/10.3.1/../../../../arm-none-eabi/lib/thumb/v7-m/nofp\libg.a
LOAD c:/progra~2/gnuarm~1/102021~1.10/bin/../lib/gcc/arm-none-eabi/10.3.1/../../../../arm-none-eabi/lib/thumb/v7-m/nofp\libc.a
END GROUP
LOAD c:/progra~2/gnuarm~1/102021~1.10/bin/../lib/gcc/arm-none-eabi/10.3.1/thumb/v7-m/nofp/crtend.o
LOAD c:/progra~2/gnuarm~1/102021~1.10/bin/../lib/gcc/arm-none-eabi/10.3.1/thumb/v7-m/nofp/crtn.o
                0x20005000                _estack = (ORIGIN (RAM) + LENGTH (RAM))
                0x00000200                _Min_Heap_Size = 0x200
                0x00000400                _Min_Stack_Size = 0x400

.isr_vector     0x08000000      0x10c
                0x08000000                . = ALIGN (0x4)
 *(.isr_vector)
 .isr_vector    0x08000000      0x10c CMakeFiles/STM32.elf.dir/Core/Startup/startup_stm32f103c8tx.s.obj
                0x08000000                g_pfnVectors
                0x0800010c                . = ALIGN (0x4)

.text           0x08000110     0x9490
                0x08000110                . = ALIGN (0x4)
 *(.text)
 .text          0x08000110       0x40 c:/progra~2/gnuarm~1/102021~1.10/bin/../lib/gcc/arm-none-eabi/10.3.1/thumb/v7-m/nofp/crtbegin.o
 .text          0x08000150       0xec c:/progra~2/gnuarm~1/102021~1.10/bin/../lib/gcc/arm-none-eabi/10.3.1/../../../../arm-none-eabi/lib/thumb/v7-m/nofp\libg.a(lib_a-memcpy.o)
                0x08000150                memcpy
 .text          0x0800023c      0x378 c:/progra~2/gnuarm~1/102021~1.10/bin/../lib/gcc/arm-none-eabi/10.3.1/thumb/v7-m/nofp\libgcc.a(_arm_addsubdf3.o)
                0x0800023c                __aeabi_drsub
                0x08000244                __aeabi_dsub
                0x08000244                __subdf3
                0x08000248                __aeabi_dadd
                0x08000248                __adddf3
                0x080004c0                __floatunsidf
                0x080004c0                __aeabi_ui2d
                0x080004e0                __floatsidf
                0x080004e0                __aeabi_i2d
                0x08000504                __aeabi_f2d
                0x08000504                __extendsfdf2
                0x08000548                __floatundidf
                0x08000548                __aeabi_ul2d
                0x08000558                __floatdidf
                0x08000558                __aeabi_l2d
 .text          0x080005b4      0x424 c:/progra~2/gnuarm~1/102021~1.10/bin/../lib/gcc/arm-none-eabi/10.3.1/thumb/v7-m/nofp\libgcc.a(_arm_muldivdf3.o)
                0x080005b4                __aeabi_dmul
                0x080005b4                __muldf3
                0x08000808                __divdf3
                0x08000808                __aeabi_ddiv
 .text          0x080009d8      0x110 c:/progra~2/gnuarm~1/102021~1.10/bin/../lib/gcc/arm-none-eabi/10.3.1/thumb/v7-m/nofp\libgcc.a(_arm_cmpdf2.o)
                0x080009d8                __gtdf2
                0x080009d8                __gedf2
                0x080009e0                __ltdf2
                0x080009e0                __ledf2
                0x080009e8                __nedf2
                0x080009e8                __eqdf2
                0x080009e8                __cmpdf2
                0x08000a64                __aeabi_cdrcmple
                0x08000a74                __aeabi_cdcmpeq
                0x08000a74                __aeabi_cdcmple
                0x08000a84                __aeabi_dcmpeq
                0x08000a98                __aeabi_dcmplt
                0x08000aac                __aeabi_dcmple
                0x08000ac0                __aeabi_dcmpge
                0x08000ad4                __aeabi_dcmpgt
 .text          0x08000ae8       0x2c c:/progra~2/gnuarm~1/102021~1.10/bin/../lib/gcc/arm-none-eabi/10.3.1/thumb/v7-m/nofp\libgcc.a(_arm_unorddf2.o)
                0x08000ae8                __unorddf2
                0x08000ae8                __aeabi_dcmpun
 .text          0x08000b14       0x50 c:/progra~2/gnuarm~1/102021~1.10/bin/../lib/gcc/arm-none-eabi/10.3.1/thumb/v7-m/nofp\libgcc.a(_arm_fixdfsi.o)
                0x08000b14                __aeabi_d2iz
                0x08000b14                __fixdfsi
 .text          0x08000b64       0x30 c:/progra~2/gnuarm~1/102021~1.10/bin/../lib/gcc/arm-none-eabi/10.3.1/thumb/v7-m/nofp\libgcc.a(_aeabi_uldivmod.o)
                0x08000b64                __aeabi_uldivmod
 .text          0x08000b94      0x2d4 c:/progra~2/gnuarm~1/102021~1.10/bin/../lib/gcc/arm-none-eabi/10.3.1/thumb/v7-m/nofp\libgcc.a(_udivmoddi4.o)
                0x08000b94                __udivmoddi4
 .text          0x08000e68        0x4 c:/progra~2/gnuarm~1/102021~1.10/bin/../lib/gcc/arm-none-eabi/10.3.1/thumb/v7-m/nofp\libgcc.a(_dvmd_tls.o)
                0x08000e68                __aeabi_idiv0
                0x08000e68                __aeabi_ldiv0
 *(.text*)
 .text.Arm_Init
                0x08000e6c       0x38 CMakeFiles/STM32.elf.dir/Core/Src/Motor.c.obj
                0x08000e6c                Arm_Init
 .text.Back_Left
                0x08000ea4       0x48 CMakeFiles/STM32.elf.dir/Core/Src/Motor.c.obj
                0x08000ea4                Back_Left
 .text.Front_Right
                0x08000eec       0x40 CMakeFiles/STM32.elf.dir/Core/Src/Motor.c.obj
                0x08000eec                Front_Right
 .text.Back_Right
                0x08000f2c       0x40 CMakeFiles/STM32.elf.dir/Core/Src/Motor.c.obj
                0x08000f2c                Back_Right
 .text.Front_Left
                0x08000f6c       0x48 CMakeFiles/STM32.elf.dir/Core/Src/Motor.c.obj
                0x08000f6c                Front_Left
 .text.Forward  0x08000fb4       0x2c CMakeFiles/STM32.elf.dir/Core/Src/Motor.c.obj
                0x08000fb4                Forward
 .text.PID_Update
                0x08000fe0       0x10 CMakeFiles/STM32.elf.dir/Core/Src/Motor.c.obj
                0x08000fe0                PID_Update
 .text.PIDController_Init
                0x08000ff0       0x18 CMakeFiles/STM32.elf.dir/Core/Src/Motor.c.obj
                0x08000ff0                PIDController_Init
 .text.MX_GPIO_Init
                0x08001008       0xf0 CMakeFiles/STM32.elf.dir/Core/Src/gpio.c.obj
                0x08001008                MX_GPIO_Init
 .text.Error_Handler
                0x080010f8        0x4 CMakeFiles/STM32.elf.dir/Core/Src/main.c.obj
                0x080010f8                Error_Handler
 .text.SystemClock_Config
                0x080010fc       0x64 CMakeFiles/STM32.elf.dir/Core/Src/main.c.obj
                0x080010fc                SystemClock_Config
 .text.main     0x08001160      0x184 CMakeFiles/STM32.elf.dir/Core/Src/main.c.obj
                0x08001160                main
 .text.RetargetInit
                0x080012e4       0x20 CMakeFiles/STM32.elf.dir/Core/Src/retarget.c.obj
                0x080012e4                RetargetInit
 .text._isatty  0x08001304       0x16 CMakeFiles/STM32.elf.dir/Core/Src/retarget.c.obj
                0x08001304                _isatty
 *fill*         0x0800131a        0x2 
 .text._write   0x0800131c       0x34 CMakeFiles/STM32.elf.dir/Core/Src/retarget.c.obj
                0x0800131c                _write
 .text._close   0x08001350       0x18 CMakeFiles/STM32.elf.dir/Core/Src/retarget.c.obj
                0x08001350                _close
 .text._lseek   0x08001368       0x10 CMakeFiles/STM32.elf.dir/Core/Src/retarget.c.obj
                0x08001368                _lseek
 .text._read    0x08001378       0x30 CMakeFiles/STM32.elf.dir/Core/Src/retarget.c.obj
                0x08001378                _read
 .text._fstat   0x080013a8       0x1a CMakeFiles/STM32.elf.dir/Core/Src/retarget.c.obj
                0x080013a8                _fstat
 *fill*         0x080013c2        0x2 
 .text.HAL_MspInit
                0x080013c4       0x44 CMakeFiles/STM32.elf.dir/Core/Src/stm32f1xx_hal_msp.c.obj
                0x080013c4                HAL_MspInit
 .text.NMI_Handler
                0x08001408        0x2 CMakeFiles/STM32.elf.dir/Core/Src/stm32f1xx_it.c.obj
                0x08001408                NMI_Handler
 .text.HardFault_Handler
                0x0800140a        0x2 CMakeFiles/STM32.elf.dir/Core/Src/stm32f1xx_it.c.obj
                0x0800140a                HardFault_Handler
 .text.MemManage_Handler
                0x0800140c        0x2 CMakeFiles/STM32.elf.dir/Core/Src/stm32f1xx_it.c.obj
                0x0800140c                MemManage_Handler
 .text.BusFault_Handler
                0x0800140e        0x2 CMakeFiles/STM32.elf.dir/Core/Src/stm32f1xx_it.c.obj
                0x0800140e                BusFault_Handler
 .text.UsageFault_Handler
                0x08001410        0x2 CMakeFiles/STM32.elf.dir/Core/Src/stm32f1xx_it.c.obj
                0x08001410                UsageFault_Handler
 .text.SVC_Handler
                0x08001412        0x2 CMakeFiles/STM32.elf.dir/Core/Src/stm32f1xx_it.c.obj
                0x08001412                SVC_Handler
 .text.DebugMon_Handler
                0x08001414        0x2 CMakeFiles/STM32.elf.dir/Core/Src/stm32f1xx_it.c.obj
                0x08001414                DebugMon_Handler
 .text.PendSV_Handler
                0x08001416        0x2 CMakeFiles/STM32.elf.dir/Core/Src/stm32f1xx_it.c.obj
                0x08001416                PendSV_Handler
 .text.SysTick_Handler
                0x08001418        0x8 CMakeFiles/STM32.elf.dir/Core/Src/stm32f1xx_it.c.obj
                0x08001418                SysTick_Handler
 .text.USART1_IRQHandler
                0x08001420       0x10 CMakeFiles/STM32.elf.dir/Core/Src/stm32f1xx_it.c.obj
                0x08001420                USART1_IRQHandler
 .text.USART2_IRQHandler
                0x08001430       0x10 CMakeFiles/STM32.elf.dir/Core/Src/stm32f1xx_it.c.obj
                0x08001430                USART2_IRQHandler
 .text._getpid  0x08001440        0x4 CMakeFiles/STM32.elf.dir/Core/Src/syscalls.c.obj
                0x08001440                _getpid
 .text._kill    0x08001444       0x10 CMakeFiles/STM32.elf.dir/Core/Src/syscalls.c.obj
                0x08001444                _kill
 .text._exit    0x08001454        0xc CMakeFiles/STM32.elf.dir/Core/Src/syscalls.c.obj
                0x08001454                _exit
 .text._sbrk    0x08001460       0x48 CMakeFiles/STM32.elf.dir/Core/Src/sysmem.c.obj
                0x08001460                _sbrk
 .text.SystemInit
                0x080014a8        0x2 CMakeFiles/STM32.elf.dir/Core/Src/system_stm32f1xx.c.obj
                0x080014a8                SystemInit
 *fill*         0x080014aa        0x2 
 .text.HAL_TIM_Base_MspInit
                0x080014ac       0x4c CMakeFiles/STM32.elf.dir/Core/Src/tim.c.obj
                0x080014ac                HAL_TIM_Base_MspInit
 .text.HAL_TIM_MspPostInit
                0x080014f8       0xe0 CMakeFiles/STM32.elf.dir/Core/Src/tim.c.obj
                0x080014f8                HAL_TIM_MspPostInit
 .text.MX_TIM2_Init
                0x080015d8       0xec CMakeFiles/STM32.elf.dir/Core/Src/tim.c.obj
                0x080015d8                MX_TIM2_Init
 .text.MX_TIM3_Init
                0x080016c4       0xec CMakeFiles/STM32.elf.dir/Core/Src/tim.c.obj
                0x080016c4                MX_TIM3_Init
 .text.MX_USART1_UART_Init
                0x080017b0       0x34 CMakeFiles/STM32.elf.dir/Core/Src/usart.c.obj
                0x080017b0                MX_USART1_UART_Init
 .text.MX_USART2_UART_Init
                0x080017e4       0x34 CMakeFiles/STM32.elf.dir/Core/Src/usart.c.obj
                0x080017e4                MX_USART2_UART_Init
 .text.HAL_UART_MspInit
                0x08001818       0xf4 CMakeFiles/STM32.elf.dir/Core/Src/usart.c.obj
                0x08001818                HAL_UART_MspInit
 .text.OpenMV_Check_Data_Task
                0x0800190c       0x98 CMakeFiles/STM32.elf.dir/Core/Src/usart.c.obj
                0x0800190c                OpenMV_Check_Data_Task
 .text.HAL_UART_RxCpltCallback
                0x080019a4       0x40 CMakeFiles/STM32.elf.dir/Core/Src/usart.c.obj
                0x080019a4                HAL_UART_RxCpltCallback
 .text.Reset_Handler
                0x080019e4       0x48 CMakeFiles/STM32.elf.dir/Core/Startup/startup_stm32f103c8tx.s.obj
                0x080019e4                Reset_Handler
 .text.Default_Handler
                0x08001a2c        0x2 CMakeFiles/STM32.elf.dir/Core/Startup/startup_stm32f103c8tx.s.obj
                0x08001a2c                RTC_Alarm_IRQHandler
                0x08001a2c                EXTI2_IRQHandler
                0x08001a2c                TIM1_CC_IRQHandler
                0x08001a2c                PVD_IRQHandler
                0x08001a2c                EXTI3_IRQHandler
                0x08001a2c                EXTI0_IRQHandler
                0x08001a2c                I2C2_EV_IRQHandler
                0x08001a2c                ADC1_2_IRQHandler
                0x08001a2c                SPI1_IRQHandler
                0x08001a2c                TAMPER_IRQHandler
                0x08001a2c                DMA1_Channel4_IRQHandler
                0x08001a2c                USART3_IRQHandler
                0x08001a2c                RTC_IRQHandler
                0x08001a2c                DMA1_Channel7_IRQHandler
                0x08001a2c                CAN1_RX1_IRQHandler
                0x08001a2c                TIM4_IRQHandler
                0x08001a2c                I2C1_EV_IRQHandler
                0x08001a2c                DMA1_Channel6_IRQHandler
                0x08001a2c                TIM3_IRQHandler
                0x08001a2c                RCC_IRQHandler
                0x08001a2c                TIM1_TRG_COM_IRQHandler
                0x08001a2c                DMA1_Channel1_IRQHandler
                0x08001a2c                Default_Handler
                0x08001a2c                EXTI15_10_IRQHandler
                0x08001a2c                EXTI9_5_IRQHandler
                0x08001a2c                SPI2_IRQHandler
                0x08001a2c                DMA1_Channel5_IRQHandler
                0x08001a2c                EXTI4_IRQHandler
                0x08001a2c                USB_LP_CAN1_RX0_IRQHandler
                0x08001a2c                USB_HP_CAN1_TX_IRQHandler
                0x08001a2c                DMA1_Channel3_IRQHandler
                0x08001a2c                TIM1_UP_IRQHandler
                0x08001a2c                WWDG_IRQHandler
                0x08001a2c                TIM2_IRQHandler
                0x08001a2c                TIM1_BRK_IRQHandler
                0x08001a2c                EXTI1_IRQHandler
                0x08001a2c                I2C2_ER_IRQHandler
                0x08001a2c                DMA1_Channel2_IRQHandler
                0x08001a2c                CAN1_SCE_IRQHandler
                0x08001a2c                FLASH_IRQHandler
                0x08001a2c                I2C1_ER_IRQHandler
                0x08001a2c                USBWakeUp_IRQHandler
 *fill*         0x08001a2e        0x2 
 .text.HAL_InitTick
                0x08001a30       0x4c CMakeFiles/STM32.elf.dir/Drivers/STM32F1xx_HAL_Driver/Src/stm32f1xx_hal.c.obj
                0x08001a30                HAL_InitTick
 .text.HAL_Init
                0x08001a7c       0x24 CMakeFiles/STM32.elf.dir/Drivers/STM32F1xx_HAL_Driver/Src/stm32f1xx_hal.c.obj
                0x08001a7c                HAL_Init
 .text.HAL_IncTick
                0x08001aa0       0x18 CMakeFiles/STM32.elf.dir/Drivers/STM32F1xx_HAL_Driver/Src/stm32f1xx_hal.c.obj
                0x08001aa0                HAL_IncTick
 .text.HAL_GetTick
                0x08001ab8        0xc CMakeFiles/STM32.elf.dir/Drivers/STM32F1xx_HAL_Driver/Src/stm32f1xx_hal.c.obj
                0x08001ab8                HAL_GetTick
 .text.HAL_Delay
                0x08001ac4       0x28 CMakeFiles/STM32.elf.dir/Drivers/STM32F1xx_HAL_Driver/Src/stm32f1xx_hal.c.obj
                0x08001ac4                HAL_Delay
 .text.HAL_NVIC_SetPriorityGrouping
                0x08001aec       0x24 CMakeFiles/STM32.elf.dir/Drivers/STM32F1xx_HAL_Driver/Src/stm32f1xx_hal_cortex.c.obj
                0x08001aec                HAL_NVIC_SetPriorityGrouping
 .text.HAL_NVIC_SetPriority
                0x08001b10       0x70 CMakeFiles/STM32.elf.dir/Drivers/STM32F1xx_HAL_Driver/Src/stm32f1xx_hal_cortex.c.obj
                0x08001b10                HAL_NVIC_SetPriority
 .text.HAL_NVIC_EnableIRQ
                0x08001b80       0x1c CMakeFiles/STM32.elf.dir/Drivers/STM32F1xx_HAL_Driver/Src/stm32f1xx_hal_cortex.c.obj
                0x08001b80                HAL_NVIC_EnableIRQ
 .text.HAL_SYSTICK_Config
                0x08001b9c       0x28 CMakeFiles/STM32.elf.dir/Drivers/STM32F1xx_HAL_Driver/Src/stm32f1xx_hal_cortex.c.obj
                0x08001b9c                HAL_SYSTICK_Config
 .text.HAL_DMA_Abort
                0x08001bc4       0x46 CMakeFiles/STM32.elf.dir/Drivers/STM32F1xx_HAL_Driver/Src/stm32f1xx_hal_dma.c.obj
                0x08001bc4                HAL_DMA_Abort
 *fill*         0x08001c0a        0x2 
 .text.HAL_DMA_Abort_IT
                0x08001c0c       0x98 CMakeFiles/STM32.elf.dir/Drivers/STM32F1xx_HAL_Driver/Src/stm32f1xx_hal_dma.c.obj
                0x08001c0c                HAL_DMA_Abort_IT
 .text.HAL_GPIO_Init
                0x08001ca4      0x224 CMakeFiles/STM32.elf.dir/Drivers/STM32F1xx_HAL_Driver/Src/stm32f1xx_hal_gpio.c.obj
                0x08001ca4                HAL_GPIO_Init
 .text.HAL_GPIO_WritePin
                0x08001ec8        0xc CMakeFiles/STM32.elf.dir/Drivers/STM32F1xx_HAL_Driver/Src/stm32f1xx_hal_gpio.c.obj
                0x08001ec8                HAL_GPIO_WritePin
 .text.RCC_Delay
                0x08001ed4       0x2c CMakeFiles/STM32.elf.dir/Drivers/STM32F1xx_HAL_Driver/Src/stm32f1xx_hal_rcc.c.obj
 .text.HAL_RCC_OscConfig
                0x08001f00      0x410 CMakeFiles/STM32.elf.dir/Drivers/STM32F1xx_HAL_Driver/Src/stm32f1xx_hal_rcc.c.obj
                0x08001f00                HAL_RCC_OscConfig
 .text.HAL_RCC_GetSysClockFreq
                0x08002310       0x54 CMakeFiles/STM32.elf.dir/Drivers/STM32F1xx_HAL_Driver/Src/stm32f1xx_hal_rcc.c.obj
                0x08002310                HAL_RCC_GetSysClockFreq
 .text.HAL_RCC_ClockConfig
                0x08002364      0x16c CMakeFiles/STM32.elf.dir/Drivers/STM32F1xx_HAL_Driver/Src/stm32f1xx_hal_rcc.c.obj
                0x08002364                HAL_RCC_ClockConfig
 .text.HAL_RCC_GetHCLKFreq
                0x080024d0        0xc CMakeFiles/STM32.elf.dir/Drivers/STM32F1xx_HAL_Driver/Src/stm32f1xx_hal_rcc.c.obj
                0x080024d0                HAL_RCC_GetHCLKFreq
 .text.HAL_RCC_GetPCLK1Freq
                0x080024dc       0x20 CMakeFiles/STM32.elf.dir/Drivers/STM32F1xx_HAL_Driver/Src/stm32f1xx_hal_rcc.c.obj
                0x080024dc                HAL_RCC_GetPCLK1Freq
 .text.HAL_RCC_GetPCLK2Freq
                0x080024fc       0x20 CMakeFiles/STM32.elf.dir/Drivers/STM32F1xx_HAL_Driver/Src/stm32f1xx_hal_rcc.c.obj
                0x080024fc                HAL_RCC_GetPCLK2Freq
 .text.TIM_OC1_SetConfig
                0x0800251c       0x5c CMakeFiles/STM32.elf.dir/Drivers/STM32F1xx_HAL_Driver/Src/stm32f1xx_hal_tim.c.obj
 .text.TIM_OC3_SetConfig
                0x08002578       0x64 CMakeFiles/STM32.elf.dir/Drivers/STM32F1xx_HAL_Driver/Src/stm32f1xx_hal_tim.c.obj
 .text.TIM_OC4_SetConfig
                0x080025dc       0x48 CMakeFiles/STM32.elf.dir/Drivers/STM32F1xx_HAL_Driver/Src/stm32f1xx_hal_tim.c.obj
 .text.TIM_TI1_ConfigInputStage
                0x08002624       0x24 CMakeFiles/STM32.elf.dir/Drivers/STM32F1xx_HAL_Driver/Src/stm32f1xx_hal_tim.c.obj
 .text.TIM_TI2_ConfigInputStage
                0x08002648       0x26 CMakeFiles/STM32.elf.dir/Drivers/STM32F1xx_HAL_Driver/Src/stm32f1xx_hal_tim.c.obj
 .text.TIM_ITRx_SetConfig
                0x0800266e       0x10 CMakeFiles/STM32.elf.dir/Drivers/STM32F1xx_HAL_Driver/Src/stm32f1xx_hal_tim.c.obj
 .text.HAL_TIM_PWM_MspInit
                0x0800267e        0x2 CMakeFiles/STM32.elf.dir/Drivers/STM32F1xx_HAL_Driver/Src/stm32f1xx_hal_tim.c.obj
                0x0800267e                HAL_TIM_PWM_MspInit
 .text.TIM_Base_SetConfig
                0x08002680       0x74 CMakeFiles/STM32.elf.dir/Drivers/STM32F1xx_HAL_Driver/Src/stm32f1xx_hal_tim.c.obj
                0x08002680                TIM_Base_SetConfig
 .text.HAL_TIM_Base_Init
                0x080026f4       0x58 CMakeFiles/STM32.elf.dir/Drivers/STM32F1xx_HAL_Driver/Src/stm32f1xx_hal_tim.c.obj
                0x080026f4                HAL_TIM_Base_Init
 .text.HAL_TIM_PWM_Init
                0x0800274c       0x58 CMakeFiles/STM32.elf.dir/Drivers/STM32F1xx_HAL_Driver/Src/stm32f1xx_hal_tim.c.obj
                0x0800274c                HAL_TIM_PWM_Init
 .text.TIM_OC2_SetConfig
                0x080027a4       0x64 CMakeFiles/STM32.elf.dir/Drivers/STM32F1xx_HAL_Driver/Src/stm32f1xx_hal_tim.c.obj
                0x080027a4                TIM_OC2_SetConfig
 .text.HAL_TIM_PWM_ConfigChannel
                0x08002808       0xdc CMakeFiles/STM32.elf.dir/Drivers/STM32F1xx_HAL_Driver/Src/stm32f1xx_hal_tim.c.obj
                0x08002808                HAL_TIM_PWM_ConfigChannel
 .text.TIM_ETR_SetConfig
                0x080028e4       0x18 CMakeFiles/STM32.elf.dir/Drivers/STM32F1xx_HAL_Driver/Src/stm32f1xx_hal_tim.c.obj
                0x080028e4                TIM_ETR_SetConfig
 .text.HAL_TIM_ConfigClockSource
                0x080028fc       0xfe CMakeFiles/STM32.elf.dir/Drivers/STM32F1xx_HAL_Driver/Src/stm32f1xx_hal_tim.c.obj
                0x080028fc                HAL_TIM_ConfigClockSource
 .text.TIM_CCxChannelCmd
                0x080029fa       0x1e CMakeFiles/STM32.elf.dir/Drivers/STM32F1xx_HAL_Driver/Src/stm32f1xx_hal_tim.c.obj
                0x080029fa                TIM_CCxChannelCmd
 .text.HAL_TIM_PWM_Start
                0x08002a18       0xdc CMakeFiles/STM32.elf.dir/Drivers/STM32F1xx_HAL_Driver/Src/stm32f1xx_hal_tim.c.obj
                0x08002a18                HAL_TIM_PWM_Start
 .text.HAL_TIMEx_MasterConfigSynchronization
                0x08002af4       0x6c CMakeFiles/STM32.elf.dir/Drivers/STM32F1xx_HAL_Driver/Src/stm32f1xx_hal_tim_ex.c.obj
                0x08002af4                HAL_TIMEx_MasterConfigSynchronization
 .text.UART_EndRxTransfer
                0x08002b60       0x5c CMakeFiles/STM32.elf.dir/Drivers/STM32F1xx_HAL_Driver/Src/stm32f1xx_hal_uart.c.obj
 .text.UART_Transmit_IT
                0x08002bbc       0x60 CMakeFiles/STM32.elf.dir/Drivers/STM32F1xx_HAL_Driver/Src/stm32f1xx_hal_uart.c.obj
 .text.UART_SetConfig
                0x08002c1c       0x94 CMakeFiles/STM32.elf.dir/Drivers/STM32F1xx_HAL_Driver/Src/stm32f1xx_hal_uart.c.obj
 .text.UART_WaitOnFlagUntilTimeout
                0x08002cb0       0x88 CMakeFiles/STM32.elf.dir/Drivers/STM32F1xx_HAL_Driver/Src/stm32f1xx_hal_uart.c.obj
 .text.HAL_UART_Init
                0x08002d38       0x60 CMakeFiles/STM32.elf.dir/Drivers/STM32F1xx_HAL_Driver/Src/stm32f1xx_hal_uart.c.obj
                0x08002d38                HAL_UART_Init
 .text.HAL_UART_Transmit
                0x08002d98       0xbe CMakeFiles/STM32.elf.dir/Drivers/STM32F1xx_HAL_Driver/Src/stm32f1xx_hal_uart.c.obj
                0x08002d98                HAL_UART_Transmit
 .text.HAL_UART_Receive
                0x08002e56       0xca CMakeFiles/STM32.elf.dir/Drivers/STM32F1xx_HAL_Driver/Src/stm32f1xx_hal_uart.c.obj
                0x08002e56                HAL_UART_Receive
 .text.HAL_UART_TxCpltCallback
                0x08002f20        0x2 CMakeFiles/STM32.elf.dir/Drivers/STM32F1xx_HAL_Driver/Src/stm32f1xx_hal_uart.c.obj
                0x08002f20                HAL_UART_TxCpltCallback
 .text.UART_EndTransmit_IT
                0x08002f22       0x1a CMakeFiles/STM32.elf.dir/Drivers/STM32F1xx_HAL_Driver/Src/stm32f1xx_hal_uart.c.obj
 .text.HAL_UART_ErrorCallback
                0x08002f3c        0x2 CMakeFiles/STM32.elf.dir/Drivers/STM32F1xx_HAL_Driver/Src/stm32f1xx_hal_uart.c.obj
                0x08002f3c                HAL_UART_ErrorCallback
 .text.UART_DMAAbortOnError
                0x08002f3e       0x10 CMakeFiles/STM32.elf.dir/Drivers/STM32F1xx_HAL_Driver/Src/stm32f1xx_hal_uart.c.obj
 .text.HAL_UARTEx_RxEventCallback
                0x08002f4e        0x2 CMakeFiles/STM32.elf.dir/Drivers/STM32F1xx_HAL_Driver/Src/stm32f1xx_hal_uart.c.obj
                0x08002f4e                HAL_UARTEx_RxEventCallback
 .text.UART_Receive_IT
                0x08002f50       0xe6 CMakeFiles/STM32.elf.dir/Drivers/STM32F1xx_HAL_Driver/Src/stm32f1xx_hal_uart.c.obj
 *fill*         0x08003036        0x2 
 .text.HAL_UART_IRQHandler
                0x08003038      0x288 CMakeFiles/STM32.elf.dir/Drivers/STM32F1xx_HAL_Driver/Src/stm32f1xx_hal_uart.c.obj
                0x08003038                HAL_UART_IRQHandler
 .text.UART_Start_Receive_IT
                0x080032c0       0x36 CMakeFiles/STM32.elf.dir/Drivers/STM32F1xx_HAL_Driver/Src/stm32f1xx_hal_uart.c.obj
                0x080032c0                UART_Start_Receive_IT
 .text.HAL_UART_Receive_IT
                0x080032f6       0x26 CMakeFiles/STM32.elf.dir/Drivers/STM32F1xx_HAL_Driver/Src/stm32f1xx_hal_uart.c.obj
                0x080032f6                HAL_UART_Receive_IT
 .text.__errno  0x0800331c        0xc c:/progra~2/gnuarm~1/102021~1.10/bin/../lib/gcc/arm-none-eabi/10.3.1/../../../../arm-none-eabi/lib/thumb/v7-m/nofp\libg.a(lib_a-errno.o)
                0x0800331c                __errno
 .text.__libc_init_array
                0x08003328       0x48 c:/progra~2/gnuarm~1/102021~1.10/bin/../lib/gcc/arm-none-eabi/10.3.1/../../../../arm-none-eabi/lib/thumb/v7-m/nofp\libg.a(lib_a-init.o)
                0x08003328                __libc_init_array
 .text.memset   0x08003370       0xa4 c:/progra~2/gnuarm~1/102021~1.10/bin/../lib/gcc/arm-none-eabi/10.3.1/../../../../arm-none-eabi/lib/thumb/v7-m/nofp\libg.a(lib_a-memset.o)
                0x08003370                memset
 .text.printf   0x08003414       0x28 c:/progra~2/gnuarm~1/102021~1.10/bin/../lib/gcc/arm-none-eabi/10.3.1/../../../../arm-none-eabi/lib/thumb/v7-m/nofp\libg.a(lib_a-printf.o)
                0x08003414                printf
 .text.setvbuf  0x0800343c      0x1b0 c:/progra~2/gnuarm~1/102021~1.10/bin/../lib/gcc/arm-none-eabi/10.3.1/../../../../arm-none-eabi/lib/thumb/v7-m/nofp\libg.a(lib_a-setvbuf.o)
                0x0800343c                setvbuf
 .text.strlen   0x080035ec       0x5c c:/progra~2/gnuarm~1/102021~1.10/bin/../lib/gcc/arm-none-eabi/10.3.1/../../../../arm-none-eabi/lib/thumb/v7-m/nofp\libg.a(lib_a-strlen-stub.o)
                0x080035ec                strlen
 .text._vfprintf_r
                0x08003648     0x1b58 c:/progra~2/gnuarm~1/102021~1.10/bin/../lib/gcc/arm-none-eabi/10.3.1/../../../../arm-none-eabi/lib/thumb/v7-m/nofp\libg.a(lib_a-vfprintf.o)
                0x08003648                _vfprintf_r
 .text.__sbprintf
                0x080051a0       0x84 c:/progra~2/gnuarm~1/102021~1.10/bin/../lib/gcc/arm-none-eabi/10.3.1/../../../../arm-none-eabi/lib/thumb/v7-m/nofp\libg.a(lib_a-vfprintf.o)
 .text.__swsetup_r
                0x08005224       0xd4 c:/progra~2/gnuarm~1/102021~1.10/bin/../lib/gcc/arm-none-eabi/10.3.1/../../../../arm-none-eabi/lib/thumb/v7-m/nofp\libg.a(lib_a-wsetup.o)
                0x08005224                __swsetup_r
 .text.startup.register_fini
                0x080052f8       0x14 c:/progra~2/gnuarm~1/102021~1.10/bin/../lib/gcc/arm-none-eabi/10.3.1/../../../../arm-none-eabi/lib/thumb/v7-m/nofp\libg.a(lib_a-__call_atexit.o)
 .text.atexit   0x0800530c        0xc c:/progra~2/gnuarm~1/102021~1.10/bin/../lib/gcc/arm-none-eabi/10.3.1/../../../../arm-none-eabi/lib/thumb/v7-m/nofp\libg.a(lib_a-atexit.o)
                0x0800530c                atexit
 .text.quorem   0x08005318      0x12c c:/progra~2/gnuarm~1/102021~1.10/bin/../lib/gcc/arm-none-eabi/10.3.1/../../../../arm-none-eabi/lib/thumb/v7-m/nofp\libg.a(lib_a-dtoa.o)
 *fill*         0x08005444        0x4 
 .text._dtoa_r  0x08005448      0xecc c:/progra~2/gnuarm~1/102021~1.10/bin/../lib/gcc/arm-none-eabi/10.3.1/../../../../arm-none-eabi/lib/thumb/v7-m/nofp\libg.a(lib_a-dtoa.o)
                0x08005448                _dtoa_r
 .text.__sflush_r
                0x08006314      0x124 c:/progra~2/gnuarm~1/102021~1.10/bin/../lib/gcc/arm-none-eabi/10.3.1/../../../../arm-none-eabi/lib/thumb/v7-m/nofp\libg.a(lib_a-fflush.o)
                0x08006314                __sflush_r
 .text._fflush_r
                0x08006438       0x5c c:/progra~2/gnuarm~1/102021~1.10/bin/../lib/gcc/arm-none-eabi/10.3.1/../../../../arm-none-eabi/lib/thumb/v7-m/nofp\libg.a(lib_a-fflush.o)
                0x08006438                _fflush_r
 .text._cleanup_r
                0x08006494        0xc c:/progra~2/gnuarm~1/102021~1.10/bin/../lib/gcc/arm-none-eabi/10.3.1/../../../../arm-none-eabi/lib/thumb/v7-m/nofp\libg.a(lib_a-findfp.o)
                0x08006494                _cleanup_r
 .text.__sinit  0x080064a0      0x10c c:/progra~2/gnuarm~1/102021~1.10/bin/../lib/gcc/arm-none-eabi/10.3.1/../../../../arm-none-eabi/lib/thumb/v7-m/nofp\libg.a(lib_a-findfp.o)
                0x080064a0                __sinit
 .text.__sfp_lock_acquire
                0x080065ac        0xc c:/progra~2/gnuarm~1/102021~1.10/bin/../lib/gcc/arm-none-eabi/10.3.1/../../../../arm-none-eabi/lib/thumb/v7-m/nofp\libg.a(lib_a-findfp.o)
                0x080065ac                __sfp_lock_acquire
 .text.__sfp_lock_release
                0x080065b8        0xc c:/progra~2/gnuarm~1/102021~1.10/bin/../lib/gcc/arm-none-eabi/10.3.1/../../../../arm-none-eabi/lib/thumb/v7-m/nofp\libg.a(lib_a-findfp.o)
                0x080065b8                __sfp_lock_release
 .text.__libc_fini_array
                0x080065c4       0x2c c:/progra~2/gnuarm~1/102021~1.10/bin/../lib/gcc/arm-none-eabi/10.3.1/../../../../arm-none-eabi/lib/thumb/v7-m/nofp\libg.a(lib_a-fini.o)
                0x080065c4                __libc_fini_array
 .text._malloc_trim_r
                0x080065f0       0xa0 c:/progra~2/gnuarm~1/102021~1.10/bin/../lib/gcc/arm-none-eabi/10.3.1/../../../../arm-none-eabi/lib/thumb/v7-m/nofp\libg.a(lib_a-freer.o)
                0x080065f0                _malloc_trim_r
 .text._free_r  0x08006690      0x200 c:/progra~2/gnuarm~1/102021~1.10/bin/../lib/gcc/arm-none-eabi/10.3.1/../../../../arm-none-eabi/lib/thumb/v7-m/nofp\libg.a(lib_a-freer.o)
                0x08006690                _free_r
 .text._fwalk_reent
                0x08006890       0x48 c:/progra~2/gnuarm~1/102021~1.10/bin/../lib/gcc/arm-none-eabi/10.3.1/../../../../arm-none-eabi/lib/thumb/v7-m/nofp\libg.a(lib_a-fwalk.o)
                0x08006890                _fwalk_reent
 .text._localeconv_r
                0x080068d8        0x8 c:/progra~2/gnuarm~1/102021~1.10/bin/../lib/gcc/arm-none-eabi/10.3.1/../../../../arm-none-eabi/lib/thumb/v7-m/nofp\libg.a(lib_a-localeconv.o)
                0x080068d8                _localeconv_r
 .text.__retarget_lock_init_recursive
                0x080068e0        0x4 c:/progra~2/gnuarm~1/102021~1.10/bin/../lib/gcc/arm-none-eabi/10.3.1/../../../../arm-none-eabi/lib/thumb/v7-m/nofp\libg.a(lib_a-lock.o)
                0x080068e0                __retarget_lock_init_recursive
 .text.__retarget_lock_close_recursive
                0x080068e4        0x4 c:/progra~2/gnuarm~1/102021~1.10/bin/../lib/gcc/arm-none-eabi/10.3.1/../../../../arm-none-eabi/lib/thumb/v7-m/nofp\libg.a(lib_a-lock.o)
                0x080068e4                __retarget_lock_close_recursive
 .text.__retarget_lock_acquire_recursive
                0x080068e8        0x4 c:/progra~2/gnuarm~1/102021~1.10/bin/../lib/gcc/arm-none-eabi/10.3.1/../../../../arm-none-eabi/lib/thumb/v7-m/nofp\libg.a(lib_a-lock.o)
                0x080068e8                __retarget_lock_acquire_recursive
 .text.__retarget_lock_release_recursive
                0x080068ec        0x4 c:/progra~2/gnuarm~1/102021~1.10/bin/../lib/gcc/arm-none-eabi/10.3.1/../../../../arm-none-eabi/lib/thumb/v7-m/nofp\libg.a(lib_a-lock.o)
                0x080068ec                __retarget_lock_release_recursive
 .text.__smakebuf_r
                0x080068f0       0xe0 c:/progra~2/gnuarm~1/102021~1.10/bin/../lib/gcc/arm-none-eabi/10.3.1/../../../../arm-none-eabi/lib/thumb/v7-m/nofp\libg.a(lib_a-makebuf.o)
                0x080068f0                __smakebuf_r
 .text.__swhatbuf_r
                0x080069d0       0x60 c:/progra~2/gnuarm~1/102021~1.10/bin/../lib/gcc/arm-none-eabi/10.3.1/../../../../arm-none-eabi/lib/thumb/v7-m/nofp\libg.a(lib_a-makebuf.o)
                0x080069d0                __swhatbuf_r
 .text.malloc   0x08006a30       0x10 c:/progra~2/gnuarm~1/102021~1.10/bin/../lib/gcc/arm-none-eabi/10.3.1/../../../../arm-none-eabi/lib/thumb/v7-m/nofp\libg.a(lib_a-malloc.o)
                0x08006a30                malloc
 .text._malloc_r
                0x08006a40      0x558 c:/progra~2/gnuarm~1/102021~1.10/bin/../lib/gcc/arm-none-eabi/10.3.1/../../../../arm-none-eabi/lib/thumb/v7-m/nofp\libg.a(lib_a-mallocr.o)
                0x08006a40                _malloc_r
 .text.memchr   0x08006f98       0x90 c:/progra~2/gnuarm~1/102021~1.10/bin/../lib/gcc/arm-none-eabi/10.3.1/../../../../arm-none-eabi/lib/thumb/v7-m/nofp\libg.a(lib_a-memchr-stub.o)
                0x08006f98                memchr
 .text.__malloc_lock
                0x08007028        0xc c:/progra~2/gnuarm~1/102021~1.10/bin/../lib/gcc/arm-none-eabi/10.3.1/../../../../arm-none-eabi/lib/thumb/v7-m/nofp\libg.a(lib_a-mlock.o)
                0x08007028                __malloc_lock
 .text.__malloc_unlock
                0x08007034        0xc c:/progra~2/gnuarm~1/102021~1.10/bin/../lib/gcc/arm-none-eabi/10.3.1/../../../../arm-none-eabi/lib/thumb/v7-m/nofp\libg.a(lib_a-mlock.o)
                0x08007034                __malloc_unlock
 .text._Balloc  0x08007040       0x4c c:/progra~2/gnuarm~1/102021~1.10/bin/../lib/gcc/arm-none-eabi/10.3.1/../../../../arm-none-eabi/lib/thumb/v7-m/nofp\libg.a(lib_a-mprec.o)
                0x08007040                _Balloc
 .text._Bfree   0x0800708c       0x14 c:/progra~2/gnuarm~1/102021~1.10/bin/../lib/gcc/arm-none-eabi/10.3.1/../../../../arm-none-eabi/lib/thumb/v7-m/nofp\libg.a(lib_a-mprec.o)
                0x0800708c                _Bfree
 .text.__multadd
                0x080070a0       0xa4 c:/progra~2/gnuarm~1/102021~1.10/bin/../lib/gcc/arm-none-eabi/10.3.1/../../../../arm-none-eabi/lib/thumb/v7-m/nofp\libg.a(lib_a-mprec.o)
                0x080070a0                __multadd
 .text.__hi0bits
                0x08007144       0x40 c:/progra~2/gnuarm~1/102021~1.10/bin/../lib/gcc/arm-none-eabi/10.3.1/../../../../arm-none-eabi/lib/thumb/v7-m/nofp\libg.a(lib_a-mprec.o)
                0x08007144                __hi0bits
 .text.__lo0bits
                0x08007184       0x58 c:/progra~2/gnuarm~1/102021~1.10/bin/../lib/gcc/arm-none-eabi/10.3.1/../../../../arm-none-eabi/lib/thumb/v7-m/nofp\libg.a(lib_a-mprec.o)
                0x08007184                __lo0bits
 .text.__i2b    0x080071dc       0x5c c:/progra~2/gnuarm~1/102021~1.10/bin/../lib/gcc/arm-none-eabi/10.3.1/../../../../arm-none-eabi/lib/thumb/v7-m/nofp\libg.a(lib_a-mprec.o)
                0x080071dc                __i2b
 .text.__multiply
                0x08007238      0x15c c:/progra~2/gnuarm~1/102021~1.10/bin/../lib/gcc/arm-none-eabi/10.3.1/../../../../arm-none-eabi/lib/thumb/v7-m/nofp\libg.a(lib_a-mprec.o)
                0x08007238                __multiply
 .text.__pow5mult
                0x08007394       0xb8 c:/progra~2/gnuarm~1/102021~1.10/bin/../lib/gcc/arm-none-eabi/10.3.1/../../../../arm-none-eabi/lib/thumb/v7-m/nofp\libg.a(lib_a-mprec.o)
                0x08007394                __pow5mult
 .text.__lshift
                0x0800744c       0xec c:/progra~2/gnuarm~1/102021~1.10/bin/../lib/gcc/arm-none-eabi/10.3.1/../../../../arm-none-eabi/lib/thumb/v7-m/nofp\libg.a(lib_a-mprec.o)
                0x0800744c                __lshift
 .text.__mcmp   0x08007538       0x40 c:/progra~2/gnuarm~1/102021~1.10/bin/../lib/gcc/arm-none-eabi/10.3.1/../../../../arm-none-eabi/lib/thumb/v7-m/nofp\libg.a(lib_a-mprec.o)
                0x08007538                __mcmp
 .text.__mdiff  0x08007578      0x14c c:/progra~2/gnuarm~1/102021~1.10/bin/../lib/gcc/arm-none-eabi/10.3.1/../../../../arm-none-eabi/lib/thumb/v7-m/nofp\libg.a(lib_a-mprec.o)
                0x08007578                __mdiff
 .text.__d2b    0x080076c4       0xc4 c:/progra~2/gnuarm~1/102021~1.10/bin/../lib/gcc/arm-none-eabi/10.3.1/../../../../arm-none-eabi/lib/thumb/v7-m/nofp\libg.a(lib_a-mprec.o)
                0x080076c4                __d2b
 .text.frexp    0x08007788       0x70 c:/progra~2/gnuarm~1/102021~1.10/bin/../lib/gcc/arm-none-eabi/10.3.1/../../../../arm-none-eabi/lib/thumb/v7-m/nofp\libg.a(lib_a-s_frexp.o)
                0x08007788                frexp
 .text._sbrk_r  0x080077f8       0x24 c:/progra~2/gnuarm~1/102021~1.10/bin/../lib/gcc/arm-none-eabi/10.3.1/../../../../arm-none-eabi/lib/thumb/v7-m/nofp\libg.a(lib_a-sbrkr.o)
                0x080077f8                _sbrk_r
 .text.__sread  0x0800781c       0x24 c:/progra~2/gnuarm~1/102021~1.10/bin/../lib/gcc/arm-none-eabi/10.3.1/../../../../arm-none-eabi/lib/thumb/v7-m/nofp\libg.a(lib_a-stdio.o)
                0x0800781c                __sread
 .text.__swrite
                0x08007840       0x40 c:/progra~2/gnuarm~1/102021~1.10/bin/../lib/gcc/arm-none-eabi/10.3.1/../../../../arm-none-eabi/lib/thumb/v7-m/nofp\libg.a(lib_a-stdio.o)
                0x08007840                __swrite
 .text.__sseek  0x08007880       0x20 c:/progra~2/gnuarm~1/102021~1.10/bin/../lib/gcc/arm-none-eabi/10.3.1/../../../../arm-none-eabi/lib/thumb/v7-m/nofp\libg.a(lib_a-stdio.o)
                0x08007880                __sseek
 .text.__sclose
                0x080078a0        0x8 c:/progra~2/gnuarm~1/102021~1.10/bin/../lib/gcc/arm-none-eabi/10.3.1/../../../../arm-none-eabi/lib/thumb/v7-m/nofp\libg.a(lib_a-stdio.o)
                0x080078a0                __sclose
 .text.strncpy  0x080078a8       0x68 c:/progra~2/gnuarm~1/102021~1.10/bin/../lib/gcc/arm-none-eabi/10.3.1/../../../../arm-none-eabi/lib/thumb/v7-m/nofp\libg.a(lib_a-strncpy.o)
                0x080078a8                strncpy
 .text.__sprint_r.part.0
                0x08007910       0x78 c:/progra~2/gnuarm~1/102021~1.10/bin/../lib/gcc/arm-none-eabi/10.3.1/../../../../arm-none-eabi/lib/thumb/v7-m/nofp\libg.a(lib_a-vfiprintf.o)
 .text.__sprint_r
                0x08007988       0x14 c:/progra~2/gnuarm~1/102021~1.10/bin/../lib/gcc/arm-none-eabi/10.3.1/../../../../arm-none-eabi/lib/thumb/v7-m/nofp\libg.a(lib_a-vfiprintf.o)
                0x08007988                __sprint_r
 .text._vfiprintf_r
                0x0800799c      0xd98 c:/progra~2/gnuarm~1/102021~1.10/bin/../lib/gcc/arm-none-eabi/10.3.1/../../../../arm-none-eabi/lib/thumb/v7-m/nofp\libg.a(lib_a-vfiprintf.o)
                0x0800799c                _vfiprintf_r
 .text.__sbprintf
                0x08008734       0x84 c:/progra~2/gnuarm~1/102021~1.10/bin/../lib/gcc/arm-none-eabi/10.3.1/../../../../arm-none-eabi/lib/thumb/v7-m/nofp\libg.a(lib_a-vfiprintf.o)
 .text._write_r
                0x080087b8       0x2c c:/progra~2/gnuarm~1/102021~1.10/bin/../lib/gcc/arm-none-eabi/10.3.1/../../../../arm-none-eabi/lib/thumb/v7-m/nofp\libg.a(lib_a-writer.o)
                0x080087b8                _write_r
 .text.__register_exitproc
                0x080087e4       0x8c c:/progra~2/gnuarm~1/102021~1.10/bin/../lib/gcc/arm-none-eabi/10.3.1/../../../../arm-none-eabi/lib/thumb/v7-m/nofp\libg.a(lib_a-__atexit.o)
                0x080087e4                __register_exitproc
 .text.__assert_func
                0x08008870       0x40 c:/progra~2/gnuarm~1/102021~1.10/bin/../lib/gcc/arm-none-eabi/10.3.1/../../../../arm-none-eabi/lib/thumb/v7-m/nofp\libg.a(lib_a-assert.o)
                0x08008870                __assert_func
 .text._calloc_r
                0x080088b0       0x78 c:/progra~2/gnuarm~1/102021~1.10/bin/../lib/gcc/arm-none-eabi/10.3.1/../../../../arm-none-eabi/lib/thumb/v7-m/nofp\libg.a(lib_a-callocr.o)
                0x080088b0                _calloc_r
 .text._close_r
                0x08008928       0x24 c:/progra~2/gnuarm~1/102021~1.10/bin/../lib/gcc/arm-none-eabi/10.3.1/../../../../arm-none-eabi/lib/thumb/v7-m/nofp\libg.a(lib_a-closer.o)
                0x08008928                _close_r
 .text._fclose_r
                0x0800894c       0xcc c:/progra~2/gnuarm~1/102021~1.10/bin/../lib/gcc/arm-none-eabi/10.3.1/../../../../arm-none-eabi/lib/thumb/v7-m/nofp\libg.a(lib_a-fclose.o)
                0x0800894c                _fclose_r
 .text.fiprintf
                0x08008a18       0x28 c:/progra~2/gnuarm~1/102021~1.10/bin/../lib/gcc/arm-none-eabi/10.3.1/../../../../arm-none-eabi/lib/thumb/v7-m/nofp\libg.a(lib_a-fiprintf.o)
                0x08008a18                fiprintf
 .text.__fputwc
                0x08008a40       0xa0 c:/progra~2/gnuarm~1/102021~1.10/bin/../lib/gcc/arm-none-eabi/10.3.1/../../../../arm-none-eabi/lib/thumb/v7-m/nofp\libg.a(lib_a-fputwc.o)
                0x08008a40                __fputwc
 .text._fputwc_r
                0x08008ae0       0x68 c:/progra~2/gnuarm~1/102021~1.10/bin/../lib/gcc/arm-none-eabi/10.3.1/../../../../arm-none-eabi/lib/thumb/v7-m/nofp\libg.a(lib_a-fputwc.o)
                0x08008ae0                _fputwc_r
 .text._fstat_r
                0x08008b48       0x28 c:/progra~2/gnuarm~1/102021~1.10/bin/../lib/gcc/arm-none-eabi/10.3.1/../../../../arm-none-eabi/lib/thumb/v7-m/nofp\libg.a(lib_a-fstatr.o)
                0x08008b48                _fstat_r
 .text.__sfvwrite_r
                0x08008b70      0x2f0 c:/progra~2/gnuarm~1/102021~1.10/bin/../lib/gcc/arm-none-eabi/10.3.1/../../../../arm-none-eabi/lib/thumb/v7-m/nofp\libg.a(lib_a-fvwrite.o)
                0x08008b70                __sfvwrite_r
 .text._isatty_r
                0x08008e60       0x24 c:/progra~2/gnuarm~1/102021~1.10/bin/../lib/gcc/arm-none-eabi/10.3.1/../../../../arm-none-eabi/lib/thumb/v7-m/nofp\libg.a(lib_a-isattyr.o)
                0x08008e60                _isatty_r
 .text.__locale_mb_cur_max
                0x08008e84        0xc c:/progra~2/gnuarm~1/102021~1.10/bin/../lib/gcc/arm-none-eabi/10.3.1/../../../../arm-none-eabi/lib/thumb/v7-m/nofp\libg.a(lib_a-locale.o)
                0x08008e84                __locale_mb_cur_max
 .text._lseek_r
                0x08008e90       0x2c c:/progra~2/gnuarm~1/102021~1.10/bin/../lib/gcc/arm-none-eabi/10.3.1/../../../../arm-none-eabi/lib/thumb/v7-m/nofp\libg.a(lib_a-lseekr.o)
                0x08008e90                _lseek_r
 .text.__ascii_mbtowc
                0x08008ebc       0x2c c:/progra~2/gnuarm~1/102021~1.10/bin/../lib/gcc/arm-none-eabi/10.3.1/../../../../arm-none-eabi/lib/thumb/v7-m/nofp\libg.a(lib_a-mbtowc_r.o)
                0x08008ebc                __ascii_mbtowc
 .text.memmove  0x08008ee8       0xf8 c:/progra~2/gnuarm~1/102021~1.10/bin/../lib/gcc/arm-none-eabi/10.3.1/../../../../arm-none-eabi/lib/thumb/v7-m/nofp\libg.a(lib_a-memmove.o)
                0x08008ee8                memmove
 .text._read_r  0x08008fe0       0x2c c:/progra~2/gnuarm~1/102021~1.10/bin/../lib/gcc/arm-none-eabi/10.3.1/../../../../arm-none-eabi/lib/thumb/v7-m/nofp\libg.a(lib_a-readr.o)
                0x08008fe0                _read_r
 .text._realloc_r
                0x0800900c      0x3dc c:/progra~2/gnuarm~1/102021~1.10/bin/../lib/gcc/arm-none-eabi/10.3.1/../../../../arm-none-eabi/lib/thumb/v7-m/nofp\libg.a(lib_a-reallocr.o)
                0x0800900c                _realloc_r
 .text.__swbuf_r
                0x080093e8       0xb0 c:/progra~2/gnuarm~1/102021~1.10/bin/../lib/gcc/arm-none-eabi/10.3.1/../../../../arm-none-eabi/lib/thumb/v7-m/nofp\libg.a(lib_a-wbuf.o)
                0x080093e8                __swbuf_r
 .text._wcrtomb_r
                0x08009498       0x3c c:/progra~2/gnuarm~1/102021~1.10/bin/../lib/gcc/arm-none-eabi/10.3.1/../../../../arm-none-eabi/lib/thumb/v7-m/nofp\libg.a(lib_a-wcrtomb.o)
                0x08009498                _wcrtomb_r
 .text.__ascii_wctomb
                0x080094d4       0x1c c:/progra~2/gnuarm~1/102021~1.10/bin/../lib/gcc/arm-none-eabi/10.3.1/../../../../arm-none-eabi/lib/thumb/v7-m/nofp\libg.a(lib_a-wctomb_r.o)
                0x080094d4                __ascii_wctomb
 .text.abort    0x080094f0       0x10 c:/progra~2/gnuarm~1/102021~1.10/bin/../lib/gcc/arm-none-eabi/10.3.1/../../../../arm-none-eabi/lib/thumb/v7-m/nofp\libg.a(lib_a-abort.o)
                0x080094f0                abort
 .text.raise    0x08009500       0x5c c:/progra~2/gnuarm~1/102021~1.10/bin/../lib/gcc/arm-none-eabi/10.3.1/../../../../arm-none-eabi/lib/thumb/v7-m/nofp\libg.a(lib_a-signal.o)
                0x08009500                raise
 .text._kill_r  0x0800955c       0x28 c:/progra~2/gnuarm~1/102021~1.10/bin/../lib/gcc/arm-none-eabi/10.3.1/../../../../arm-none-eabi/lib/thumb/v7-m/nofp\libg.a(lib_a-signalr.o)
                0x0800955c                _kill_r
 .text._getpid_r
                0x08009584        0x4 c:/progra~2/gnuarm~1/102021~1.10/bin/../lib/gcc/arm-none-eabi/10.3.1/../../../../arm-none-eabi/lib/thumb/v7-m/nofp\libg.a(lib_a-signalr.o)
                0x08009584                _getpid_r
 *(.glue_7)
 .glue_7        0x08009588        0x0 linker stubs
 *(.glue_7t)
 .glue_7t       0x08009588        0x0 linker stubs
 *(.eh_frame)
 .eh_frame      0x08009588        0x0 c:/progra~2/gnuarm~1/102021~1.10/bin/../lib/gcc/arm-none-eabi/10.3.1/thumb/v7-m/nofp/crtbegin.o
 *(.init)
 .init          0x08009588        0x4 c:/progra~2/gnuarm~1/102021~1.10/bin/../lib/gcc/arm-none-eabi/10.3.1/thumb/v7-m/nofp/crti.o
                0x08009588                _init
 .init          0x0800958c        0x8 c:/progra~2/gnuarm~1/102021~1.10/bin/../lib/gcc/arm-none-eabi/10.3.1/thumb/v7-m/nofp/crtn.o
 *(.fini)
 .fini          0x08009594        0x4 c:/progra~2/gnuarm~1/102021~1.10/bin/../lib/gcc/arm-none-eabi/10.3.1/thumb/v7-m/nofp/crti.o
                0x08009594                _fini
 .fini          0x08009598        0x8 c:/progra~2/gnuarm~1/102021~1.10/bin/../lib/gcc/arm-none-eabi/10.3.1/thumb/v7-m/nofp/crtn.o
                0x080095a0                . = ALIGN (0x4)
                0x080095a0                _etext = .

.vfp11_veneer   0x080095a0        0x0
 .vfp11_veneer  0x080095a0        0x0 linker stubs

.v4_bx          0x080095a0        0x0
 .v4_bx         0x080095a0        0x0 linker stubs

.iplt           0x080095a0        0x0
 .iplt          0x080095a0        0x0 c:/progra~2/gnuarm~1/102021~1.10/bin/../lib/gcc/arm-none-eabi/10.3.1/thumb/v7-m/nofp/crtbegin.o

.rodata         0x080095a0      0x438
                0x080095a0                . = ALIGN (0x4)
 *(.rodata)
 *(.rodata*)
 .rodata.main.str1.4
                0x080095a0        0xb CMakeFiles/STM32.elf.dir/Core/Src/main.c.obj
 *fill*         0x080095ab        0x1 
 .rodata.AHBPrescTable
                0x080095ac       0x10 CMakeFiles/STM32.elf.dir/Core/Src/system_stm32f1xx.c.obj
                0x080095ac                AHBPrescTable
 .rodata.APBPrescTable
                0x080095bc        0x8 CMakeFiles/STM32.elf.dir/Core/Src/system_stm32f1xx.c.obj
                0x080095bc                APBPrescTable
 .rodata.aPLLMULFactorTable.1
                0x080095c4       0x10 CMakeFiles/STM32.elf.dir/Drivers/STM32F1xx_HAL_Driver/Src/stm32f1xx_hal_rcc.c.obj
 .rodata.aPredivFactorTable.0
                0x080095d4        0x2 CMakeFiles/STM32.elf.dir/Drivers/STM32F1xx_HAL_Driver/Src/stm32f1xx_hal_rcc.c.obj
 *fill*         0x080095d6        0x2 
 .rodata._global_impure_ptr
                0x080095d8        0x4 c:/progra~2/gnuarm~1/102021~1.10/bin/../lib/gcc/arm-none-eabi/10.3.1/../../../../arm-none-eabi/lib/thumb/v7-m/nofp\libg.a(lib_a-impure.o)
                0x080095d8                _global_impure_ptr
 .rodata._vfprintf_r.str1.4
                0x080095dc       0x42 c:/progra~2/gnuarm~1/102021~1.10/bin/../lib/gcc/arm-none-eabi/10.3.1/../../../../arm-none-eabi/lib/thumb/v7-m/nofp\libg.a(lib_a-vfprintf.o)
 *fill*         0x0800961e        0x2 
 .rodata.blanks.1
                0x08009620       0x10 c:/progra~2/gnuarm~1/102021~1.10/bin/../lib/gcc/arm-none-eabi/10.3.1/../../../../arm-none-eabi/lib/thumb/v7-m/nofp\libg.a(lib_a-vfprintf.o)
 .rodata.zeroes.0
                0x08009630       0x10 c:/progra~2/gnuarm~1/102021~1.10/bin/../lib/gcc/arm-none-eabi/10.3.1/../../../../arm-none-eabi/lib/thumb/v7-m/nofp\libg.a(lib_a-vfprintf.o)
 .rodata._dtoa_r.str1.4
                0x08009640       0xa2 c:/progra~2/gnuarm~1/102021~1.10/bin/../lib/gcc/arm-none-eabi/10.3.1/../../../../arm-none-eabi/lib/thumb/v7-m/nofp\libg.a(lib_a-dtoa.o)
                                 0xa6 (size before relaxing)
 *fill*         0x080096e2        0x2 
 .rodata.__multadd.str1.4
                0x080096e4       0x7f c:/progra~2/gnuarm~1/102021~1.10/bin/../lib/gcc/arm-none-eabi/10.3.1/../../../../arm-none-eabi/lib/thumb/v7-m/nofp\libg.a(lib_a-mprec.o)
                                 0x93 (size before relaxing)
 *fill*         0x08009763        0x5 
 .rodata.__mprec_bigtens
                0x08009768       0x28 c:/progra~2/gnuarm~1/102021~1.10/bin/../lib/gcc/arm-none-eabi/10.3.1/../../../../arm-none-eabi/lib/thumb/v7-m/nofp\libg.a(lib_a-mprec.o)
                0x08009768                __mprec_bigtens
 .rodata.__mprec_tens
                0x08009790       0xc8 c:/progra~2/gnuarm~1/102021~1.10/bin/../lib/gcc/arm-none-eabi/10.3.1/../../../../arm-none-eabi/lib/thumb/v7-m/nofp\libg.a(lib_a-mprec.o)
                0x08009790                __mprec_tens
 .rodata.p05.0  0x08009858        0xc c:/progra~2/gnuarm~1/102021~1.10/bin/../lib/gcc/arm-none-eabi/10.3.1/../../../../arm-none-eabi/lib/thumb/v7-m/nofp\libg.a(lib_a-mprec.o)
 .rodata._vfiprintf_r.str1.4
                0x08009864       0x2f c:/progra~2/gnuarm~1/102021~1.10/bin/../lib/gcc/arm-none-eabi/10.3.1/../../../../arm-none-eabi/lib/thumb/v7-m/nofp\libg.a(lib_a-vfiprintf.o)
 .rodata.blanks.1
                0x08009864       0x10 c:/progra~2/gnuarm~1/102021~1.10/bin/../lib/gcc/arm-none-eabi/10.3.1/../../../../arm-none-eabi/lib/thumb/v7-m/nofp\libg.a(lib_a-vfiprintf.o)
 .rodata.zeroes.0
                0x08009874       0x10 c:/progra~2/gnuarm~1/102021~1.10/bin/../lib/gcc/arm-none-eabi/10.3.1/../../../../arm-none-eabi/lib/thumb/v7-m/nofp\libg.a(lib_a-vfiprintf.o)
 .rodata.__assert_func.str1.4
                0x08009884       0x3f c:/progra~2/gnuarm~1/102021~1.10/bin/../lib/gcc/arm-none-eabi/10.3.1/../../../../arm-none-eabi/lib/thumb/v7-m/nofp\libg.a(lib_a-assert.o)
                                 0x43 (size before relaxing)
 *fill*         0x080098c3        0x1 
 .rodata._setlocale_r.str1.4
                0x080098c4        0xa c:/progra~2/gnuarm~1/102021~1.10/bin/../lib/gcc/arm-none-eabi/10.3.1/../../../../arm-none-eabi/lib/thumb/v7-m/nofp\libg.a(lib_a-locale.o)
                                  0xd (size before relaxing)
 *fill*         0x080098ce        0x2 
 .rodata.str1.4
                0x080098d0        0x2 c:/progra~2/gnuarm~1/102021~1.10/bin/../lib/gcc/arm-none-eabi/10.3.1/../../../../arm-none-eabi/lib/thumb/v7-m/nofp\libg.a(lib_a-locale.o)
 *fill*         0x080098d2        0x2 
 .rodata._ctype_
                0x080098d4      0x101 c:/progra~2/gnuarm~1/102021~1.10/bin/../lib/gcc/arm-none-eabi/10.3.1/../../../../arm-none-eabi/lib/thumb/v7-m/nofp\libg.a(lib_a-ctype_.o)
                0x080098d4                _ctype_
                0x080099d8                . = ALIGN (0x4)
 *fill*         0x080099d5        0x3 

.ARM.extab      0x080099d8        0x0
                0x080099d8                . = ALIGN (0x4)
 *(.ARM.extab* .gnu.linkonce.armextab.*)
                0x080099d8                . = ALIGN (0x4)

.ARM            0x080099d8        0x8
                0x080099d8                . = ALIGN (0x4)
                0x080099d8                __exidx_start = .
 *(.ARM.exidx*)
 .ARM.exidx     0x080099d8        0x8 c:/progra~2/gnuarm~1/102021~1.10/bin/../lib/gcc/arm-none-eabi/10.3.1/thumb/v7-m/nofp\libgcc.a(_udivmoddi4.o)
                0x080099e0                __exidx_end = .
                0x080099e0                . = ALIGN (0x4)

.rel.dyn        0x080099e0        0x0
 .rel.iplt      0x080099e0        0x0 c:/progra~2/gnuarm~1/102021~1.10/bin/../lib/gcc/arm-none-eabi/10.3.1/thumb/v7-m/nofp/crtbegin.o

.preinit_array  0x080099e0        0x0
                0x080099e0                . = ALIGN (0x4)
                0x080099e0                PROVIDE (__preinit_array_start = .)
 *(.preinit_array*)
                0x080099e0                PROVIDE (__preinit_array_end = .)
                0x080099e0                . = ALIGN (0x4)

.init_array     0x080099e0        0x8
                0x080099e0                . = ALIGN (0x4)
                0x080099e0                PROVIDE (__init_array_start = .)
 *(SORT_BY_NAME(.init_array.*))
 .init_array.00000
                0x080099e0        0x4 c:/progra~2/gnuarm~1/102021~1.10/bin/../lib/gcc/arm-none-eabi/10.3.1/../../../../arm-none-eabi/lib/thumb/v7-m/nofp\libg.a(lib_a-__call_atexit.o)
 *(.init_array*)
 .init_array    0x080099e4        0x4 c:/progra~2/gnuarm~1/102021~1.10/bin/../lib/gcc/arm-none-eabi/10.3.1/thumb/v7-m/nofp/crtbegin.o
                0x080099e8                PROVIDE (__init_array_end = .)
                0x080099e8                . = ALIGN (0x4)

.fini_array     0x080099e8        0x4
                0x080099e8                . = ALIGN (0x4)
                0x080099e8                PROVIDE (__fini_array_start = .)
 *(SORT_BY_NAME(.fini_array.*))
 *(.fini_array*)
 .fini_array    0x080099e8        0x4 c:/progra~2/gnuarm~1/102021~1.10/bin/../lib/gcc/arm-none-eabi/10.3.1/thumb/v7-m/nofp/crtbegin.o
                0x080099ec                PROVIDE (__fini_array_end = .)
                0x080099ec                . = ALIGN (0x4)
                0x080099ec                _sidata = LOADADDR (.data)

.data           0x20000000      0x9d0 load address 0x080099ec
                0x20000000                . = ALIGN (0x4)
                0x20000000                _sdata = .
 *(.data)
 *(.data*)
 .data.step_shen
                0x20000000        0x4 CMakeFiles/STM32.elf.dir/Core/Src/Motor.c.obj
                0x20000000                step_shen
 .data.step_zhua
                0x20000004        0x4 CMakeFiles/STM32.elf.dir/Core/Src/Motor.c.obj
                0x20000004                step_zhua
 .data.duoji_1  0x20000008        0x4 CMakeFiles/STM32.elf.dir/Core/Src/main.c.obj
                0x20000008                duoji_1
 .data.duoji_2  0x2000000c        0x4 CMakeFiles/STM32.elf.dir/Core/Src/main.c.obj
                0x2000000c                duoji_2
 .data.duoji_3  0x20000010        0x4 CMakeFiles/STM32.elf.dir/Core/Src/main.c.obj
                0x20000010                duoji_3
 .data.SystemCoreClock
                0x20000014        0x4 CMakeFiles/STM32.elf.dir/Core/Src/system_stm32f1xx.c.obj
                0x20000014                SystemCoreClock
 .data.uwTickFreq
                0x20000018        0x1 CMakeFiles/STM32.elf.dir/Drivers/STM32F1xx_HAL_Driver/Src/stm32f1xx_hal.c.obj
                0x20000018                uwTickFreq
 *fill*         0x20000019        0x3 
 .data.uwTickPrio
                0x2000001c        0x4 CMakeFiles/STM32.elf.dir/Drivers/STM32F1xx_HAL_Driver/Src/stm32f1xx_hal.c.obj
                0x2000001c                uwTickPrio
 .data._impure_ptr
                0x20000020        0x4 c:/progra~2/gnuarm~1/102021~1.10/bin/../lib/gcc/arm-none-eabi/10.3.1/../../../../arm-none-eabi/lib/thumb/v7-m/nofp\libg.a(lib_a-impure.o)
                0x20000020                _impure_ptr
 *fill*         0x20000024        0x4 
 .data.impure_data
                0x20000028      0x428 c:/progra~2/gnuarm~1/102021~1.10/bin/../lib/gcc/arm-none-eabi/10.3.1/../../../../arm-none-eabi/lib/thumb/v7-m/nofp\libg.a(lib_a-impure.o)
 .data.__atexit_recursive_mutex
                0x20000450        0x4 c:/progra~2/gnuarm~1/102021~1.10/bin/../lib/gcc/arm-none-eabi/10.3.1/../../../../arm-none-eabi/lib/thumb/v7-m/nofp\libg.a(lib_a-__call_atexit.o)
                0x20000450                __atexit_recursive_mutex
 .data.__malloc_av_
                0x20000454      0x408 c:/progra~2/gnuarm~1/102021~1.10/bin/../lib/gcc/arm-none-eabi/10.3.1/../../../../arm-none-eabi/lib/thumb/v7-m/nofp\libg.a(lib_a-mallocr.o)
                0x20000454                __malloc_av_
 .data.__malloc_sbrk_base
                0x2000085c        0x4 c:/progra~2/gnuarm~1/102021~1.10/bin/../lib/gcc/arm-none-eabi/10.3.1/../../../../arm-none-eabi/lib/thumb/v7-m/nofp\libg.a(lib_a-mallocr.o)
                0x2000085c                __malloc_sbrk_base
 .data.__malloc_trim_threshold
                0x20000860        0x4 c:/progra~2/gnuarm~1/102021~1.10/bin/../lib/gcc/arm-none-eabi/10.3.1/../../../../arm-none-eabi/lib/thumb/v7-m/nofp\libg.a(lib_a-mallocr.o)
                0x20000860                __malloc_trim_threshold
 .data.__global_locale
                0x20000864      0x16c c:/progra~2/gnuarm~1/102021~1.10/bin/../lib/gcc/arm-none-eabi/10.3.1/../../../../arm-none-eabi/lib/thumb/v7-m/nofp\libg.a(lib_a-locale.o)
                0x20000864                __global_locale
 *(.RamFunc)
 *(.RamFunc*)
                0x200009d0                . = ALIGN (0x4)
                0x200009d0                _edata = .

.igot.plt       0x200009d0        0x0 load address 0x0800a3bc
 .igot.plt      0x200009d0        0x0 c:/progra~2/gnuarm~1/102021~1.10/bin/../lib/gcc/arm-none-eabi/10.3.1/thumb/v7-m/nofp/crtbegin.o
                0x200009d0                . = ALIGN (0x4)

.bss            0x200009d0      0x1bc load address 0x0800a3bc
                0x200009d0                _sbss = .
                0x200009d0                __bss_start__ = _sbss
 *(.bss)
 .bss           0x200009d0       0x1c c:/progra~2/gnuarm~1/102021~1.10/bin/../lib/gcc/arm-none-eabi/10.3.1/thumb/v7-m/nofp/crtbegin.o
 *(.bss*)
 .bss.chasu     0x200009ec        0x4 CMakeFiles/STM32.elf.dir/Core/Src/main.c.obj
                0x200009ec                chasu
 .bss.offset_x  0x200009f0        0x4 CMakeFiles/STM32.elf.dir/Core/Src/main.c.obj
                0x200009f0                offset_x
 .bss.offset_y  0x200009f4        0x4 CMakeFiles/STM32.elf.dir/Core/Src/main.c.obj
                0x200009f4                offset_y
 .bss.gHuart    0x200009f8        0x4 CMakeFiles/STM32.elf.dir/Core/Src/retarget.c.obj
                0x200009f8                gHuart
 .bss.__sbrk_heap_end
                0x200009fc        0x4 CMakeFiles/STM32.elf.dir/Core/Src/sysmem.c.obj
 .bss.htim2     0x20000a00       0x48 CMakeFiles/STM32.elf.dir/Core/Src/tim.c.obj
                0x20000a00                htim2
 .bss.htim3     0x20000a48       0x48 CMakeFiles/STM32.elf.dir/Core/Src/tim.c.obj
                0x20000a48                htim3
 .bss.OpenMV_Rx_Data
                0x20000a90        0xc CMakeFiles/STM32.elf.dir/Core/Src/usart.c.obj
                0x20000a90                OpenMV_Rx_Data
 .bss.OpenMV_Rx_Data_Analysis_State
                0x20000a9c        0x1 CMakeFiles/STM32.elf.dir/Core/Src/usart.c.obj
                0x20000a9c                OpenMV_Rx_Data_Analysis_State
 *fill*         0x20000a9d        0x3 
 .bss.OpenMV_Uart_Rx_Buffer
                0x20000aa0        0x9 CMakeFiles/STM32.elf.dir/Core/Src/usart.c.obj
                0x20000aa0                OpenMV_Uart_Rx_Buffer
 .bss.OpenMV_Uart_Rx_Index
                0x20000aa9        0x1 CMakeFiles/STM32.elf.dir/Core/Src/usart.c.obj
 *fill*         0x20000aaa        0x2 
 .bss.flag.1    0x20000aac        0x4 CMakeFiles/STM32.elf.dir/Core/Src/usart.c.obj
 .bss.huart1    0x20000ab0       0x48 CMakeFiles/STM32.elf.dir/Core/Src/usart.c.obj
                0x20000ab0                huart1
 .bss.huart2    0x20000af8       0x48 CMakeFiles/STM32.elf.dir/Core/Src/usart.c.obj
                0x20000af8                huart2
 .bss.uwTick    0x20000b40        0x4 CMakeFiles/STM32.elf.dir/Drivers/STM32F1xx_HAL_Driver/Src/stm32f1xx_hal.c.obj
                0x20000b40                uwTick
 .bss.__lock___atexit_recursive_mutex
                0x20000b44        0x1 c:/progra~2/gnuarm~1/102021~1.10/bin/../lib/gcc/arm-none-eabi/10.3.1/../../../../arm-none-eabi/lib/thumb/v7-m/nofp\libg.a(lib_a-lock.o)
                0x20000b44                __lock___atexit_recursive_mutex
 *fill*         0x20000b45        0x3 
 .bss.__lock___malloc_recursive_mutex
                0x20000b48        0x1 c:/progra~2/gnuarm~1/102021~1.10/bin/../lib/gcc/arm-none-eabi/10.3.1/../../../../arm-none-eabi/lib/thumb/v7-m/nofp\libg.a(lib_a-lock.o)
                0x20000b48                __lock___malloc_recursive_mutex
 *fill*         0x20000b49        0x3 
 .bss.__lock___sfp_recursive_mutex
                0x20000b4c        0x1 c:/progra~2/gnuarm~1/102021~1.10/bin/../lib/gcc/arm-none-eabi/10.3.1/../../../../arm-none-eabi/lib/thumb/v7-m/nofp\libg.a(lib_a-lock.o)
                0x20000b4c                __lock___sfp_recursive_mutex
 *fill*         0x20000b4d        0x3 
 .bss.__lock___sinit_recursive_mutex
                0x20000b50        0x1 c:/progra~2/gnuarm~1/102021~1.10/bin/../lib/gcc/arm-none-eabi/10.3.1/../../../../arm-none-eabi/lib/thumb/v7-m/nofp\libg.a(lib_a-lock.o)
                0x20000b50                __lock___sinit_recursive_mutex
 *fill*         0x20000b51        0x3 
 .bss.__malloc_current_mallinfo
                0x20000b54       0x28 c:/progra~2/gnuarm~1/102021~1.10/bin/../lib/gcc/arm-none-eabi/10.3.1/../../../../arm-none-eabi/lib/thumb/v7-m/nofp\libg.a(lib_a-mallocr.o)
                0x20000b54                __malloc_current_mallinfo
 .bss.__malloc_max_sbrked_mem
                0x20000b7c        0x4 c:/progra~2/gnuarm~1/102021~1.10/bin/../lib/gcc/arm-none-eabi/10.3.1/../../../../arm-none-eabi/lib/thumb/v7-m/nofp\libg.a(lib_a-mallocr.o)
                0x20000b7c                __malloc_max_sbrked_mem
 .bss.__malloc_max_total_mem
                0x20000b80        0x4 c:/progra~2/gnuarm~1/102021~1.10/bin/../lib/gcc/arm-none-eabi/10.3.1/../../../../arm-none-eabi/lib/thumb/v7-m/nofp\libg.a(lib_a-mallocr.o)
                0x20000b80                __malloc_max_total_mem
 .bss.__malloc_top_pad
                0x20000b84        0x4 c:/progra~2/gnuarm~1/102021~1.10/bin/../lib/gcc/arm-none-eabi/10.3.1/../../../../arm-none-eabi/lib/thumb/v7-m/nofp\libg.a(lib_a-mallocr.o)
                0x20000b84                __malloc_top_pad
 .bss.errno     0x20000b88        0x4 c:/progra~2/gnuarm~1/102021~1.10/bin/../lib/gcc/arm-none-eabi/10.3.1/../../../../arm-none-eabi/lib/thumb/v7-m/nofp\libg.a(lib_a-reent.o)
                0x20000b88                errno
 *(COMMON)
                0x20000b8c                . = ALIGN (0x4)
                0x20000b8c                _ebss = .
                0x20000b8c                __bss_end__ = _ebss

._user_heap_stack
                0x20000b8c      0x604 load address 0x0800a3bc
                0x20000b90                . = ALIGN (0x8)
 *fill*         0x20000b8c        0x4 
                [!provide]                PROVIDE (end = .)
                0x20000b90                PROVIDE (_end = .)
                0x20000d90                . = (. + _Min_Heap_Size)
 *fill*         0x20000b90      0x200 
                0x20001190                . = (. + _Min_Stack_Size)
 *fill*         0x20000d90      0x400 
                0x20001190                . = ALIGN (0x8)

/DISCARD/
 libc.a(*)
 libm.a(*)
 libgcc.a(*)

.ARM.attributes
                0x00000000       0x29
 *(.ARM.attributes)
 .ARM.attributes
                0x00000000       0x1d c:/progra~2/gnuarm~1/102021~1.10/bin/../lib/gcc/arm-none-eabi/10.3.1/thumb/v7-m/nofp/crti.o
 .ARM.attributes
                0x0000001d       0x2d c:/progra~2/gnuarm~1/102021~1.10/bin/../lib/gcc/arm-none-eabi/10.3.1/thumb/v7-m/nofp/crtbegin.o
 .ARM.attributes
                0x0000004a       0x2d CMakeFiles/STM32.elf.dir/Core/Src/Motor.c.obj
 .ARM.attributes
                0x00000077       0x2d CMakeFiles/STM32.elf.dir/Core/Src/gpio.c.obj
 .ARM.attributes
                0x000000a4       0x2d CMakeFiles/STM32.elf.dir/Core/Src/main.c.obj
 .ARM.attributes
                0x000000d1       0x2d CMakeFiles/STM32.elf.dir/Core/Src/retarget.c.obj
 .ARM.attributes
                0x000000fe       0x2d CMakeFiles/STM32.elf.dir/Core/Src/stm32f1xx_hal_msp.c.obj
 .ARM.attributes
                0x0000012b       0x2d CMakeFiles/STM32.elf.dir/Core/Src/stm32f1xx_it.c.obj
 .ARM.attributes
                0x00000158       0x2d CMakeFiles/STM32.elf.dir/Core/Src/syscalls.c.obj
 .ARM.attributes
                0x00000185       0x2d CMakeFiles/STM32.elf.dir/Core/Src/sysmem.c.obj
 .ARM.attributes
                0x000001b2       0x2d CMakeFiles/STM32.elf.dir/Core/Src/system_stm32f1xx.c.obj
 .ARM.attributes
                0x000001df       0x2d CMakeFiles/STM32.elf.dir/Core/Src/tim.c.obj
 .ARM.attributes
                0x0000020c       0x2d CMakeFiles/STM32.elf.dir/Core/Src/usart.c.obj
 .ARM.attributes
                0x00000239       0x21 CMakeFiles/STM32.elf.dir/Core/Startup/startup_stm32f103c8tx.s.obj
 .ARM.attributes
                0x0000025a       0x2d CMakeFiles/STM32.elf.dir/Drivers/STM32F1xx_HAL_Driver/Src/stm32f1xx_hal.c.obj
 .ARM.attributes
                0x00000287       0x2d CMakeFiles/STM32.elf.dir/Drivers/STM32F1xx_HAL_Driver/Src/stm32f1xx_hal_cortex.c.obj
 .ARM.attributes
                0x000002b4       0x2d CMakeFiles/STM32.elf.dir/Drivers/STM32F1xx_HAL_Driver/Src/stm32f1xx_hal_dma.c.obj
 .ARM.attributes
                0x000002e1       0x2d CMakeFiles/STM32.elf.dir/Drivers/STM32F1xx_HAL_Driver/Src/stm32f1xx_hal_gpio.c.obj
 .ARM.attributes
                0x0000030e       0x2d CMakeFiles/STM32.elf.dir/Drivers/STM32F1xx_HAL_Driver/Src/stm32f1xx_hal_rcc.c.obj
 .ARM.attributes
                0x0000033b       0x2d CMakeFiles/STM32.elf.dir/Drivers/STM32F1xx_HAL_Driver/Src/stm32f1xx_hal_tim.c.obj
 .ARM.attributes
                0x00000368       0x2d CMakeFiles/STM32.elf.dir/Drivers/STM32F1xx_HAL_Driver/Src/stm32f1xx_hal_tim_ex.c.obj
 .ARM.attributes
                0x00000395       0x2d CMakeFiles/STM32.elf.dir/Drivers/STM32F1xx_HAL_Driver/Src/stm32f1xx_hal_uart.c.obj
 .ARM.attributes
                0x000003c2       0x2d c:/progra~2/gnuarm~1/102021~1.10/bin/../lib/gcc/arm-none-eabi/10.3.1/../../../../arm-none-eabi/lib/thumb/v7-m/nofp\libg.a(lib_a-errno.o)
 .ARM.attributes
                0x000003ef       0x2d c:/progra~2/gnuarm~1/102021~1.10/bin/../lib/gcc/arm-none-eabi/10.3.1/../../../../arm-none-eabi/lib/thumb/v7-m/nofp\libg.a(lib_a-impure.o)
 .ARM.attributes
                0x0000041c       0x2d c:/progra~2/gnuarm~1/102021~1.10/bin/../lib/gcc/arm-none-eabi/10.3.1/../../../../arm-none-eabi/lib/thumb/v7-m/nofp\libg.a(lib_a-init.o)
 .ARM.attributes
                0x00000449       0x2d c:/progra~2/gnuarm~1/102021~1.10/bin/../lib/gcc/arm-none-eabi/10.3.1/../../../../arm-none-eabi/lib/thumb/v7-m/nofp\libg.a(lib_a-memset.o)
 .ARM.attributes
                0x00000476       0x2d c:/progra~2/gnuarm~1/102021~1.10/bin/../lib/gcc/arm-none-eabi/10.3.1/../../../../arm-none-eabi/lib/thumb/v7-m/nofp\libg.a(lib_a-printf.o)
 .ARM.attributes
                0x000004a3       0x2d c:/progra~2/gnuarm~1/102021~1.10/bin/../lib/gcc/arm-none-eabi/10.3.1/../../../../arm-none-eabi/lib/thumb/v7-m/nofp\libg.a(lib_a-setvbuf.o)
 .ARM.attributes
                0x000004d0       0x2d c:/progra~2/gnuarm~1/102021~1.10/bin/../lib/gcc/arm-none-eabi/10.3.1/../../../../arm-none-eabi/lib/thumb/v7-m/nofp\libg.a(lib_a-strlen-stub.o)
 .ARM.attributes
                0x000004fd       0x2d c:/progra~2/gnuarm~1/102021~1.10/bin/../lib/gcc/arm-none-eabi/10.3.1/../../../../arm-none-eabi/lib/thumb/v7-m/nofp\libg.a(lib_a-vfprintf.o)
 .ARM.attributes
                0x0000052a       0x2d c:/progra~2/gnuarm~1/102021~1.10/bin/../lib/gcc/arm-none-eabi/10.3.1/../../../../arm-none-eabi/lib/thumb/v7-m/nofp\libg.a(lib_a-wsetup.o)
 .ARM.attributes
                0x00000557       0x2d c:/progra~2/gnuarm~1/102021~1.10/bin/../lib/gcc/arm-none-eabi/10.3.1/../../../../arm-none-eabi/lib/thumb/v7-m/nofp\libg.a(lib_a-__call_atexit.o)
 .ARM.attributes
                0x00000584       0x2d c:/progra~2/gnuarm~1/102021~1.10/bin/../lib/gcc/arm-none-eabi/10.3.1/../../../../arm-none-eabi/lib/thumb/v7-m/nofp\libg.a(lib_a-atexit.o)
 .ARM.attributes
                0x000005b1       0x2d c:/progra~2/gnuarm~1/102021~1.10/bin/../lib/gcc/arm-none-eabi/10.3.1/../../../../arm-none-eabi/lib/thumb/v7-m/nofp\libg.a(lib_a-dtoa.o)
 .ARM.attributes
                0x000005de       0x2d c:/progra~2/gnuarm~1/102021~1.10/bin/../lib/gcc/arm-none-eabi/10.3.1/../../../../arm-none-eabi/lib/thumb/v7-m/nofp\libg.a(lib_a-fflush.o)
 .ARM.attributes
                0x0000060b       0x2d c:/progra~2/gnuarm~1/102021~1.10/bin/../lib/gcc/arm-none-eabi/10.3.1/../../../../arm-none-eabi/lib/thumb/v7-m/nofp\libg.a(lib_a-findfp.o)
 .ARM.attributes
                0x00000638       0x2d c:/progra~2/gnuarm~1/102021~1.10/bin/../lib/gcc/arm-none-eabi/10.3.1/../../../../arm-none-eabi/lib/thumb/v7-m/nofp\libg.a(lib_a-fini.o)
 .ARM.attributes
                0x00000665       0x2d c:/progra~2/gnuarm~1/102021~1.10/bin/../lib/gcc/arm-none-eabi/10.3.1/../../../../arm-none-eabi/lib/thumb/v7-m/nofp\libg.a(lib_a-freer.o)
 .ARM.attributes
                0x00000692       0x2d c:/progra~2/gnuarm~1/102021~1.10/bin/../lib/gcc/arm-none-eabi/10.3.1/../../../../arm-none-eabi/lib/thumb/v7-m/nofp\libg.a(lib_a-fwalk.o)
 .ARM.attributes
                0x000006bf       0x2d c:/progra~2/gnuarm~1/102021~1.10/bin/../lib/gcc/arm-none-eabi/10.3.1/../../../../arm-none-eabi/lib/thumb/v7-m/nofp\libg.a(lib_a-localeconv.o)
 .ARM.attributes
                0x000006ec       0x2d c:/progra~2/gnuarm~1/102021~1.10/bin/../lib/gcc/arm-none-eabi/10.3.1/../../../../arm-none-eabi/lib/thumb/v7-m/nofp\libg.a(lib_a-lock.o)
 .ARM.attributes
                0x00000719       0x2d c:/progra~2/gnuarm~1/102021~1.10/bin/../lib/gcc/arm-none-eabi/10.3.1/../../../../arm-none-eabi/lib/thumb/v7-m/nofp\libg.a(lib_a-makebuf.o)
 .ARM.attributes
                0x00000746       0x2d c:/progra~2/gnuarm~1/102021~1.10/bin/../lib/gcc/arm-none-eabi/10.3.1/../../../../arm-none-eabi/lib/thumb/v7-m/nofp\libg.a(lib_a-malloc.o)
 .ARM.attributes
                0x00000773       0x2d c:/progra~2/gnuarm~1/102021~1.10/bin/../lib/gcc/arm-none-eabi/10.3.1/../../../../arm-none-eabi/lib/thumb/v7-m/nofp\libg.a(lib_a-mallocr.o)
 .ARM.attributes
                0x000007a0       0x2d c:/progra~2/gnuarm~1/102021~1.10/bin/../lib/gcc/arm-none-eabi/10.3.1/../../../../arm-none-eabi/lib/thumb/v7-m/nofp\libg.a(lib_a-memchr-stub.o)
 .ARM.attributes
                0x000007cd       0x1b c:/progra~2/gnuarm~1/102021~1.10/bin/../lib/gcc/arm-none-eabi/10.3.1/../../../../arm-none-eabi/lib/thumb/v7-m/nofp\libg.a(lib_a-memcpy.o)
 .ARM.attributes
                0x000007e8       0x2d c:/progra~2/gnuarm~1/102021~1.10/bin/../lib/gcc/arm-none-eabi/10.3.1/../../../../arm-none-eabi/lib/thumb/v7-m/nofp\libg.a(lib_a-mlock.o)
 .ARM.attributes
                0x00000815       0x2d c:/progra~2/gnuarm~1/102021~1.10/bin/../lib/gcc/arm-none-eabi/10.3.1/../../../../arm-none-eabi/lib/thumb/v7-m/nofp\libg.a(lib_a-mprec.o)
 .ARM.attributes
                0x00000842       0x2d c:/progra~2/gnuarm~1/102021~1.10/bin/../lib/gcc/arm-none-eabi/10.3.1/../../../../arm-none-eabi/lib/thumb/v7-m/nofp\libg.a(lib_a-s_frexp.o)
 .ARM.attributes
                0x0000086f       0x2d c:/progra~2/gnuarm~1/102021~1.10/bin/../lib/gcc/arm-none-eabi/10.3.1/../../../../arm-none-eabi/lib/thumb/v7-m/nofp\libg.a(lib_a-sbrkr.o)
 .ARM.attributes
                0x0000089c       0x2d c:/progra~2/gnuarm~1/102021~1.10/bin/../lib/gcc/arm-none-eabi/10.3.1/../../../../arm-none-eabi/lib/thumb/v7-m/nofp\libg.a(lib_a-stdio.o)
 .ARM.attributes
                0x000008c9       0x2d c:/progra~2/gnuarm~1/102021~1.10/bin/../lib/gcc/arm-none-eabi/10.3.1/../../../../arm-none-eabi/lib/thumb/v7-m/nofp\libg.a(lib_a-strncpy.o)
 .ARM.attributes
                0x000008f6       0x2d c:/progra~2/gnuarm~1/102021~1.10/bin/../lib/gcc/arm-none-eabi/10.3.1/../../../../arm-none-eabi/lib/thumb/v7-m/nofp\libg.a(lib_a-vfiprintf.o)
 .ARM.attributes
                0x00000923       0x2d c:/progra~2/gnuarm~1/102021~1.10/bin/../lib/gcc/arm-none-eabi/10.3.1/../../../../arm-none-eabi/lib/thumb/v7-m/nofp\libg.a(lib_a-writer.o)
 .ARM.attributes
                0x00000950       0x2d c:/progra~2/gnuarm~1/102021~1.10/bin/../lib/gcc/arm-none-eabi/10.3.1/../../../../arm-none-eabi/lib/thumb/v7-m/nofp\libg.a(lib_a-__atexit.o)
 .ARM.attributes
                0x0000097d       0x2d c:/progra~2/gnuarm~1/102021~1.10/bin/../lib/gcc/arm-none-eabi/10.3.1/../../../../arm-none-eabi/lib/thumb/v7-m/nofp\libg.a(lib_a-assert.o)
 .ARM.attributes
                0x000009aa       0x2d c:/progra~2/gnuarm~1/102021~1.10/bin/../lib/gcc/arm-none-eabi/10.3.1/../../../../arm-none-eabi/lib/thumb/v7-m/nofp\libg.a(lib_a-callocr.o)
 .ARM.attributes
                0x000009d7       0x2d c:/progra~2/gnuarm~1/102021~1.10/bin/../lib/gcc/arm-none-eabi/10.3.1/../../../../arm-none-eabi/lib/thumb/v7-m/nofp\libg.a(lib_a-closer.o)
 .ARM.attributes
                0x00000a04       0x2d c:/progra~2/gnuarm~1/102021~1.10/bin/../lib/gcc/arm-none-eabi/10.3.1/../../../../arm-none-eabi/lib/thumb/v7-m/nofp\libg.a(lib_a-fclose.o)
 .ARM.attributes
                0x00000a31       0x2d c:/progra~2/gnuarm~1/102021~1.10/bin/../lib/gcc/arm-none-eabi/10.3.1/../../../../arm-none-eabi/lib/thumb/v7-m/nofp\libg.a(lib_a-fiprintf.o)
 .ARM.attributes
                0x00000a5e       0x2d c:/progra~2/gnuarm~1/102021~1.10/bin/../lib/gcc/arm-none-eabi/10.3.1/../../../../arm-none-eabi/lib/thumb/v7-m/nofp\libg.a(lib_a-fputwc.o)
 .ARM.attributes
                0x00000a8b       0x2d c:/progra~2/gnuarm~1/102021~1.10/bin/../lib/gcc/arm-none-eabi/10.3.1/../../../../arm-none-eabi/lib/thumb/v7-m/nofp\libg.a(lib_a-fstatr.o)
 .ARM.attributes
                0x00000ab8       0x2d c:/progra~2/gnuarm~1/102021~1.10/bin/../lib/gcc/arm-none-eabi/10.3.1/../../../../arm-none-eabi/lib/thumb/v7-m/nofp\libg.a(lib_a-fvwrite.o)
 .ARM.attributes
                0x00000ae5       0x2d c:/progra~2/gnuarm~1/102021~1.10/bin/../lib/gcc/arm-none-eabi/10.3.1/../../../../arm-none-eabi/lib/thumb/v7-m/nofp\libg.a(lib_a-isattyr.o)
 .ARM.attributes
                0x00000b12       0x2d c:/progra~2/gnuarm~1/102021~1.10/bin/../lib/gcc/arm-none-eabi/10.3.1/../../../../arm-none-eabi/lib/thumb/v7-m/nofp\libg.a(lib_a-locale.o)
 .ARM.attributes
                0x00000b3f       0x2d c:/progra~2/gnuarm~1/102021~1.10/bin/../lib/gcc/arm-none-eabi/10.3.1/../../../../arm-none-eabi/lib/thumb/v7-m/nofp\libg.a(lib_a-lseekr.o)
 .ARM.attributes
                0x00000b6c       0x2d c:/progra~2/gnuarm~1/102021~1.10/bin/../lib/gcc/arm-none-eabi/10.3.1/../../../../arm-none-eabi/lib/thumb/v7-m/nofp\libg.a(lib_a-mbtowc_r.o)
 .ARM.attributes
                0x00000b99       0x2d c:/progra~2/gnuarm~1/102021~1.10/bin/../lib/gcc/arm-none-eabi/10.3.1/../../../../arm-none-eabi/lib/thumb/v7-m/nofp\libg.a(lib_a-memmove.o)
 .ARM.attributes
                0x00000bc6       0x2d c:/progra~2/gnuarm~1/102021~1.10/bin/../lib/gcc/arm-none-eabi/10.3.1/../../../../arm-none-eabi/lib/thumb/v7-m/nofp\libg.a(lib_a-readr.o)
 .ARM.attributes
                0x00000bf3       0x2d c:/progra~2/gnuarm~1/102021~1.10/bin/../lib/gcc/arm-none-eabi/10.3.1/../../../../arm-none-eabi/lib/thumb/v7-m/nofp\libg.a(lib_a-reallocr.o)
 .ARM.attributes
                0x00000c20       0x2d c:/progra~2/gnuarm~1/102021~1.10/bin/../lib/gcc/arm-none-eabi/10.3.1/../../../../arm-none-eabi/lib/thumb/v7-m/nofp\libg.a(lib_a-reent.o)
 .ARM.attributes
                0x00000c4d       0x2d c:/progra~2/gnuarm~1/102021~1.10/bin/../lib/gcc/arm-none-eabi/10.3.1/../../../../arm-none-eabi/lib/thumb/v7-m/nofp\libg.a(lib_a-wbuf.o)
 .ARM.attributes
                0x00000c7a       0x2d c:/progra~2/gnuarm~1/102021~1.10/bin/../lib/gcc/arm-none-eabi/10.3.1/../../../../arm-none-eabi/lib/thumb/v7-m/nofp\libg.a(lib_a-wcrtomb.o)
 .ARM.attributes
                0x00000ca7       0x2d c:/progra~2/gnuarm~1/102021~1.10/bin/../lib/gcc/arm-none-eabi/10.3.1/../../../../arm-none-eabi/lib/thumb/v7-m/nofp\libg.a(lib_a-wctomb_r.o)
 .ARM.attributes
                0x00000cd4       0x2d c:/progra~2/gnuarm~1/102021~1.10/bin/../lib/gcc/arm-none-eabi/10.3.1/../../../../arm-none-eabi/lib/thumb/v7-m/nofp\libg.a(lib_a-abort.o)
 .ARM.attributes
                0x00000d01       0x2d c:/progra~2/gnuarm~1/102021~1.10/bin/../lib/gcc/arm-none-eabi/10.3.1/../../../../arm-none-eabi/lib/thumb/v7-m/nofp\libg.a(lib_a-ctype_.o)
 .ARM.attributes
                0x00000d2e       0x2d c:/progra~2/gnuarm~1/102021~1.10/bin/../lib/gcc/arm-none-eabi/10.3.1/../../../../arm-none-eabi/lib/thumb/v7-m/nofp\libg.a(lib_a-signal.o)
 .ARM.attributes
                0x00000d5b       0x2d c:/progra~2/gnuarm~1/102021~1.10/bin/../lib/gcc/arm-none-eabi/10.3.1/../../../../arm-none-eabi/lib/thumb/v7-m/nofp\libg.a(lib_a-signalr.o)
 .ARM.attributes
                0x00000d88       0x1d c:/progra~2/gnuarm~1/102021~1.10/bin/../lib/gcc/arm-none-eabi/10.3.1/thumb/v7-m/nofp\libgcc.a(_arm_addsubdf3.o)
 .ARM.attributes
                0x00000da5       0x1d c:/progra~2/gnuarm~1/102021~1.10/bin/../lib/gcc/arm-none-eabi/10.3.1/thumb/v7-m/nofp\libgcc.a(_arm_muldivdf3.o)
 .ARM.attributes
                0x00000dc2       0x1d c:/progra~2/gnuarm~1/102021~1.10/bin/../lib/gcc/arm-none-eabi/10.3.1/thumb/v7-m/nofp\libgcc.a(_arm_cmpdf2.o)
 .ARM.attributes
                0x00000ddf       0x1d c:/progra~2/gnuarm~1/102021~1.10/bin/../lib/gcc/arm-none-eabi/10.3.1/thumb/v7-m/nofp\libgcc.a(_arm_unorddf2.o)
 .ARM.attributes
                0x00000dfc       0x1d c:/progra~2/gnuarm~1/102021~1.10/bin/../lib/gcc/arm-none-eabi/10.3.1/thumb/v7-m/nofp\libgcc.a(_arm_fixdfsi.o)
 .ARM.attributes
                0x00000e19       0x1d c:/progra~2/gnuarm~1/102021~1.10/bin/../lib/gcc/arm-none-eabi/10.3.1/thumb/v7-m/nofp\libgcc.a(_aeabi_uldivmod.o)
 .ARM.attributes
                0x00000e36       0x2d c:/progra~2/gnuarm~1/102021~1.10/bin/../lib/gcc/arm-none-eabi/10.3.1/thumb/v7-m/nofp\libgcc.a(_udivmoddi4.o)
 .ARM.attributes
                0x00000e63       0x1d c:/progra~2/gnuarm~1/102021~1.10/bin/../lib/gcc/arm-none-eabi/10.3.1/thumb/v7-m/nofp\libgcc.a(_dvmd_tls.o)
 .ARM.attributes
                0x00000e80       0x1d c:/progra~2/gnuarm~1/102021~1.10/bin/../lib/gcc/arm-none-eabi/10.3.1/thumb/v7-m/nofp/crtn.o
OUTPUT(STM32.elf elf32-littlearm)
LOAD linker stubs
LOAD c:/progra~2/gnuarm~1/102021~1.10/bin/../lib/gcc/arm-none-eabi/10.3.1/../../../../arm-none-eabi/lib/thumb/v7-m/nofp\libc.a
LOAD c:/progra~2/gnuarm~1/102021~1.10/bin/../lib/gcc/arm-none-eabi/10.3.1/../../../../arm-none-eabi/lib/thumb/v7-m/nofp\libm.a
LOAD c:/progra~2/gnuarm~1/102021~1.10/bin/../lib/gcc/arm-none-eabi/10.3.1/thumb/v7-m/nofp\libgcc.a

.debug_info     0x00000000    0x12d91
 .debug_info    0x00000000     0x105a CMakeFiles/STM32.elf.dir/Core/Src/Motor.c.obj
 .debug_info    0x0000105a      0x3aa CMakeFiles/STM32.elf.dir/Core/Src/gpio.c.obj
 .debug_info    0x00001404      0xfae CMakeFiles/STM32.elf.dir/Core/Src/main.c.obj
 .debug_info    0x000023b2     0x12d5 CMakeFiles/STM32.elf.dir/Core/Src/retarget.c.obj
 .debug_info    0x00003687      0x218 CMakeFiles/STM32.elf.dir/Core/Src/stm32f1xx_hal_msp.c.obj
 .debug_info    0x0000389f      0x67f CMakeFiles/STM32.elf.dir/Core/Src/stm32f1xx_it.c.obj
 .debug_info    0x00003f1e      0x5ca CMakeFiles/STM32.elf.dir/Core/Src/syscalls.c.obj
 .debug_info    0x000044e8      0x174 CMakeFiles/STM32.elf.dir/Core/Src/sysmem.c.obj
 .debug_info    0x0000465c      0x248 CMakeFiles/STM32.elf.dir/Core/Src/system_stm32f1xx.c.obj
 .debug_info    0x000048a4      0xe8c CMakeFiles/STM32.elf.dir/Core/Src/tim.c.obj
 .debug_info    0x00005730      0xdf9 CMakeFiles/STM32.elf.dir/Core/Src/usart.c.obj
 .debug_info    0x00006529       0x22 CMakeFiles/STM32.elf.dir/Core/Startup/startup_stm32f103c8tx.s.obj
 .debug_info    0x0000654b      0x7a8 CMakeFiles/STM32.elf.dir/Drivers/STM32F1xx_HAL_Driver/Src/stm32f1xx_hal.c.obj
 .debug_info    0x00006cf3      0xd8a CMakeFiles/STM32.elf.dir/Drivers/STM32F1xx_HAL_Driver/Src/stm32f1xx_hal_cortex.c.obj
 .debug_info    0x00007a7d      0x84b CMakeFiles/STM32.elf.dir/Drivers/STM32F1xx_HAL_Driver/Src/stm32f1xx_hal_dma.c.obj
 .debug_info    0x000082c8      0x66f CMakeFiles/STM32.elf.dir/Drivers/STM32F1xx_HAL_Driver/Src/stm32f1xx_hal_gpio.c.obj
 .debug_info    0x00008937      0xa3b CMakeFiles/STM32.elf.dir/Drivers/STM32F1xx_HAL_Driver/Src/stm32f1xx_hal_rcc.c.obj
 .debug_info    0x00009372     0x3d52 CMakeFiles/STM32.elf.dir/Drivers/STM32F1xx_HAL_Driver/Src/stm32f1xx_hal_tim.c.obj
 .debug_info    0x0000d0c4     0x1abb CMakeFiles/STM32.elf.dir/Drivers/STM32F1xx_HAL_Driver/Src/stm32f1xx_hal_tim_ex.c.obj
 .debug_info    0x0000eb7f     0x4212 CMakeFiles/STM32.elf.dir/Drivers/STM32F1xx_HAL_Driver/Src/stm32f1xx_hal_uart.c.obj

.debug_abbrev   0x00000000     0x269d
 .debug_abbrev  0x00000000      0x269 CMakeFiles/STM32.elf.dir/Core/Src/Motor.c.obj
 .debug_abbrev  0x00000269      0x13c CMakeFiles/STM32.elf.dir/Core/Src/gpio.c.obj
 .debug_abbrev  0x000003a5      0x298 CMakeFiles/STM32.elf.dir/Core/Src/main.c.obj
 .debug_abbrev  0x0000063d      0x2b4 CMakeFiles/STM32.elf.dir/Core/Src/retarget.c.obj
 .debug_abbrev  0x000008f1       0xe5 CMakeFiles/STM32.elf.dir/Core/Src/stm32f1xx_hal_msp.c.obj
 .debug_abbrev  0x000009d6      0x15b CMakeFiles/STM32.elf.dir/Core/Src/stm32f1xx_it.c.obj
 .debug_abbrev  0x00000b31      0x18f CMakeFiles/STM32.elf.dir/Core/Src/syscalls.c.obj
 .debug_abbrev  0x00000cc0       0xe7 CMakeFiles/STM32.elf.dir/Core/Src/sysmem.c.obj
 .debug_abbrev  0x00000da7      0x13e CMakeFiles/STM32.elf.dir/Core/Src/system_stm32f1xx.c.obj
 .debug_abbrev  0x00000ee5      0x214 CMakeFiles/STM32.elf.dir/Core/Src/tim.c.obj
 .debug_abbrev  0x000010f9      0x270 CMakeFiles/STM32.elf.dir/Core/Src/usart.c.obj
 .debug_abbrev  0x00001369       0x12 CMakeFiles/STM32.elf.dir/Core/Startup/startup_stm32f103c8tx.s.obj
 .debug_abbrev  0x0000137b      0x1f4 CMakeFiles/STM32.elf.dir/Drivers/STM32F1xx_HAL_Driver/Src/stm32f1xx_hal.c.obj
 .debug_abbrev  0x0000156f      0x341 CMakeFiles/STM32.elf.dir/Drivers/STM32F1xx_HAL_Driver/Src/stm32f1xx_hal_cortex.c.obj
 .debug_abbrev  0x000018b0      0x223 CMakeFiles/STM32.elf.dir/Drivers/STM32F1xx_HAL_Driver/Src/stm32f1xx_hal_dma.c.obj
 .debug_abbrev  0x00001ad3      0x1e6 CMakeFiles/STM32.elf.dir/Drivers/STM32F1xx_HAL_Driver/Src/stm32f1xx_hal_gpio.c.obj
 .debug_abbrev  0x00001cb9      0x27a CMakeFiles/STM32.elf.dir/Drivers/STM32F1xx_HAL_Driver/Src/stm32f1xx_hal_rcc.c.obj
 .debug_abbrev  0x00001f33      0x245 CMakeFiles/STM32.elf.dir/Drivers/STM32F1xx_HAL_Driver/Src/stm32f1xx_hal_tim.c.obj
 .debug_abbrev  0x00002178      0x248 CMakeFiles/STM32.elf.dir/Drivers/STM32F1xx_HAL_Driver/Src/stm32f1xx_hal_tim_ex.c.obj
 .debug_abbrev  0x000023c0      0x2dd CMakeFiles/STM32.elf.dir/Drivers/STM32F1xx_HAL_Driver/Src/stm32f1xx_hal_uart.c.obj

.debug_loc      0x00000000     0xddb5
 .debug_loc     0x00000000      0x3e8 CMakeFiles/STM32.elf.dir/Core/Src/Motor.c.obj
 .debug_loc     0x000003e8       0x44 CMakeFiles/STM32.elf.dir/Core/Src/main.c.obj
 .debug_loc     0x0000042c      0x389 CMakeFiles/STM32.elf.dir/Core/Src/retarget.c.obj
 .debug_loc     0x000007b5       0x15 CMakeFiles/STM32.elf.dir/Core/Src/stm32f1xx_hal_msp.c.obj
 .debug_loc     0x000007ca      0x1e1 CMakeFiles/STM32.elf.dir/Core/Src/syscalls.c.obj
 .debug_loc     0x000009ab       0x64 CMakeFiles/STM32.elf.dir/Core/Src/sysmem.c.obj
 .debug_loc     0x00000a0f       0xff CMakeFiles/STM32.elf.dir/Core/Src/system_stm32f1xx.c.obj
 .debug_loc     0x00000b0e       0x94 CMakeFiles/STM32.elf.dir/Core/Src/tim.c.obj
 .debug_loc     0x00000ba2      0x145 CMakeFiles/STM32.elf.dir/Core/Src/usart.c.obj
 .debug_loc     0x00000ce7      0x141 CMakeFiles/STM32.elf.dir/Drivers/STM32F1xx_HAL_Driver/Src/stm32f1xx_hal.c.obj
 .debug_loc     0x00000e28      0x71f CMakeFiles/STM32.elf.dir/Drivers/STM32F1xx_HAL_Driver/Src/stm32f1xx_hal_cortex.c.obj
 .debug_loc     0x00001547      0x7d1 CMakeFiles/STM32.elf.dir/Drivers/STM32F1xx_HAL_Driver/Src/stm32f1xx_hal_dma.c.obj
 .debug_loc     0x00001d18      0x47d CMakeFiles/STM32.elf.dir/Drivers/STM32F1xx_HAL_Driver/Src/stm32f1xx_hal_gpio.c.obj
 .debug_loc     0x00002195      0x618 CMakeFiles/STM32.elf.dir/Drivers/STM32F1xx_HAL_Driver/Src/stm32f1xx_hal_rcc.c.obj
 .debug_loc     0x000027ad     0x50fa CMakeFiles/STM32.elf.dir/Drivers/STM32F1xx_HAL_Driver/Src/stm32f1xx_hal_tim.c.obj
 .debug_loc     0x000078a7     0x1c93 CMakeFiles/STM32.elf.dir/Drivers/STM32F1xx_HAL_Driver/Src/stm32f1xx_hal_tim_ex.c.obj
 .debug_loc     0x0000953a     0x487b CMakeFiles/STM32.elf.dir/Drivers/STM32F1xx_HAL_Driver/Src/stm32f1xx_hal_uart.c.obj

.debug_aranges  0x00000000      0xd90
 .debug_aranges
                0x00000000       0xc8 CMakeFiles/STM32.elf.dir/Core/Src/Motor.c.obj
 .debug_aranges
                0x000000c8       0x20 CMakeFiles/STM32.elf.dir/Core/Src/gpio.c.obj
 .debug_aranges
                0x000000e8       0x38 CMakeFiles/STM32.elf.dir/Core/Src/main.c.obj
 .debug_aranges
                0x00000120       0x50 CMakeFiles/STM32.elf.dir/Core/Src/retarget.c.obj
 .debug_aranges
                0x00000170       0x20 CMakeFiles/STM32.elf.dir/Core/Src/stm32f1xx_hal_msp.c.obj
 .debug_aranges
                0x00000190       0x70 CMakeFiles/STM32.elf.dir/Core/Src/stm32f1xx_it.c.obj
 .debug_aranges
                0x00000200       0x78 CMakeFiles/STM32.elf.dir/Core/Src/syscalls.c.obj
 .debug_aranges
                0x00000278       0x20 CMakeFiles/STM32.elf.dir/Core/Src/sysmem.c.obj
 .debug_aranges
                0x00000298       0x28 CMakeFiles/STM32.elf.dir/Core/Src/system_stm32f1xx.c.obj
 .debug_aranges
                0x000002c0       0x40 CMakeFiles/STM32.elf.dir/Core/Src/tim.c.obj
 .debug_aranges
                0x00000300       0x50 CMakeFiles/STM32.elf.dir/Core/Src/usart.c.obj
 .debug_aranges
                0x00000350       0x28 CMakeFiles/STM32.elf.dir/Core/Startup/startup_stm32f103c8tx.s.obj
 .debug_aranges
                0x00000378       0xe0 CMakeFiles/STM32.elf.dir/Drivers/STM32F1xx_HAL_Driver/Src/stm32f1xx_hal.c.obj
 .debug_aranges
                0x00000458       0x90 CMakeFiles/STM32.elf.dir/Drivers/STM32F1xx_HAL_Driver/Src/stm32f1xx_hal_cortex.c.obj
 .debug_aranges
                0x000004e8       0x80 CMakeFiles/STM32.elf.dir/Drivers/STM32F1xx_HAL_Driver/Src/stm32f1xx_hal_dma.c.obj
 .debug_aranges
                0x00000568       0x58 CMakeFiles/STM32.elf.dir/Drivers/STM32F1xx_HAL_Driver/Src/stm32f1xx_hal_gpio.c.obj
 .debug_aranges
                0x000005c0       0x90 CMakeFiles/STM32.elf.dir/Drivers/STM32F1xx_HAL_Driver/Src/stm32f1xx_hal_rcc.c.obj
 .debug_aranges
                0x00000650      0x3d0 CMakeFiles/STM32.elf.dir/Drivers/STM32F1xx_HAL_Driver/Src/stm32f1xx_hal_tim.c.obj
 .debug_aranges
                0x00000a20      0x168 CMakeFiles/STM32.elf.dir/Drivers/STM32F1xx_HAL_Driver/Src/stm32f1xx_hal_tim_ex.c.obj
 .debug_aranges
                0x00000b88      0x208 CMakeFiles/STM32.elf.dir/Drivers/STM32F1xx_HAL_Driver/Src/stm32f1xx_hal_uart.c.obj

.debug_ranges   0x00000000      0xcf0
 .debug_ranges  0x00000000       0xb8 CMakeFiles/STM32.elf.dir/Core/Src/Motor.c.obj
 .debug_ranges  0x000000b8       0x10 CMakeFiles/STM32.elf.dir/Core/Src/gpio.c.obj
 .debug_ranges  0x000000c8       0x28 CMakeFiles/STM32.elf.dir/Core/Src/main.c.obj
 .debug_ranges  0x000000f0       0x40 CMakeFiles/STM32.elf.dir/Core/Src/retarget.c.obj
 .debug_ranges  0x00000130       0x10 CMakeFiles/STM32.elf.dir/Core/Src/stm32f1xx_hal_msp.c.obj
 .debug_ranges  0x00000140       0x60 CMakeFiles/STM32.elf.dir/Core/Src/stm32f1xx_it.c.obj
 .debug_ranges  0x000001a0       0x68 CMakeFiles/STM32.elf.dir/Core/Src/syscalls.c.obj
 .debug_ranges  0x00000208       0x10 CMakeFiles/STM32.elf.dir/Core/Src/sysmem.c.obj
 .debug_ranges  0x00000218       0x18 CMakeFiles/STM32.elf.dir/Core/Src/system_stm32f1xx.c.obj
 .debug_ranges  0x00000230       0x30 CMakeFiles/STM32.elf.dir/Core/Src/tim.c.obj
 .debug_ranges  0x00000260       0x40 CMakeFiles/STM32.elf.dir/Core/Src/usart.c.obj
 .debug_ranges  0x000002a0       0x20 CMakeFiles/STM32.elf.dir/Core/Startup/startup_stm32f103c8tx.s.obj
 .debug_ranges  0x000002c0       0xd0 CMakeFiles/STM32.elf.dir/Drivers/STM32F1xx_HAL_Driver/Src/stm32f1xx_hal.c.obj
 .debug_ranges  0x00000390       0xe0 CMakeFiles/STM32.elf.dir/Drivers/STM32F1xx_HAL_Driver/Src/stm32f1xx_hal_cortex.c.obj
 .debug_ranges  0x00000470       0x70 CMakeFiles/STM32.elf.dir/Drivers/STM32F1xx_HAL_Driver/Src/stm32f1xx_hal_dma.c.obj
 .debug_ranges  0x000004e0       0x48 CMakeFiles/STM32.elf.dir/Drivers/STM32F1xx_HAL_Driver/Src/stm32f1xx_hal_gpio.c.obj
 .debug_ranges  0x00000528       0xa0 CMakeFiles/STM32.elf.dir/Drivers/STM32F1xx_HAL_Driver/Src/stm32f1xx_hal_rcc.c.obj
 .debug_ranges  0x000005c8      0x3c0 CMakeFiles/STM32.elf.dir/Drivers/STM32F1xx_HAL_Driver/Src/stm32f1xx_hal_tim.c.obj
 .debug_ranges  0x00000988      0x158 CMakeFiles/STM32.elf.dir/Drivers/STM32F1xx_HAL_Driver/Src/stm32f1xx_hal_tim_ex.c.obj
 .debug_ranges  0x00000ae0      0x210 CMakeFiles/STM32.elf.dir/Drivers/STM32F1xx_HAL_Driver/Src/stm32f1xx_hal_uart.c.obj

.debug_line     0x00000000    0x1050a
 .debug_line    0x00000000      0x6fd CMakeFiles/STM32.elf.dir/Core/Src/Motor.c.obj
 .debug_line    0x000006fd      0x2c1 CMakeFiles/STM32.elf.dir/Core/Src/gpio.c.obj
 .debug_line    0x000009be      0x593 CMakeFiles/STM32.elf.dir/Core/Src/main.c.obj
 .debug_line    0x00000f51      0x4b6 CMakeFiles/STM32.elf.dir/Core/Src/retarget.c.obj
 .debug_line    0x00001407      0x1c5 CMakeFiles/STM32.elf.dir/Core/Src/stm32f1xx_hal_msp.c.obj
 .debug_line    0x000015cc      0x3eb CMakeFiles/STM32.elf.dir/Core/Src/stm32f1xx_it.c.obj
 .debug_line    0x000019b7      0x2e8 CMakeFiles/STM32.elf.dir/Core/Src/syscalls.c.obj
 .debug_line    0x00001c9f      0x1d0 CMakeFiles/STM32.elf.dir/Core/Src/sysmem.c.obj
 .debug_line    0x00001e6f      0x28e CMakeFiles/STM32.elf.dir/Core/Src/system_stm32f1xx.c.obj
 .debug_line    0x000020fd      0x60e CMakeFiles/STM32.elf.dir/Core/Src/tim.c.obj
 .debug_line    0x0000270b      0x786 CMakeFiles/STM32.elf.dir/Core/Src/usart.c.obj
 .debug_line    0x00002e91       0xc7 CMakeFiles/STM32.elf.dir/Core/Startup/startup_stm32f103c8tx.s.obj
 .debug_line    0x00002f58      0x5fe CMakeFiles/STM32.elf.dir/Drivers/STM32F1xx_HAL_Driver/Src/stm32f1xx_hal.c.obj
 .debug_line    0x00003556      0x6c5 CMakeFiles/STM32.elf.dir/Drivers/STM32F1xx_HAL_Driver/Src/stm32f1xx_hal_cortex.c.obj
 .debug_line    0x00003c1b      0xae6 CMakeFiles/STM32.elf.dir/Drivers/STM32F1xx_HAL_Driver/Src/stm32f1xx_hal_dma.c.obj
 .debug_line    0x00004701      0x66d CMakeFiles/STM32.elf.dir/Drivers/STM32F1xx_HAL_Driver/Src/stm32f1xx_hal_gpio.c.obj
 .debug_line    0x00004d6e      0xcaa CMakeFiles/STM32.elf.dir/Drivers/STM32F1xx_HAL_Driver/Src/stm32f1xx_hal_rcc.c.obj
 .debug_line    0x00005a18     0x4a05 CMakeFiles/STM32.elf.dir/Drivers/STM32F1xx_HAL_Driver/Src/stm32f1xx_hal_tim.c.obj
 .debug_line    0x0000a41d     0x1c7a CMakeFiles/STM32.elf.dir/Drivers/STM32F1xx_HAL_Driver/Src/stm32f1xx_hal_tim_ex.c.obj
 .debug_line    0x0000c097     0x4473 CMakeFiles/STM32.elf.dir/Drivers/STM32F1xx_HAL_Driver/Src/stm32f1xx_hal_uart.c.obj

.debug_str      0x00000000     0x45c9
 .debug_str     0x00000000      0x86b CMakeFiles/STM32.elf.dir/Core/Src/Motor.c.obj
                                0x936 (size before relaxing)
 .debug_str     0x0000086b       0xe1 CMakeFiles/STM32.elf.dir/Core/Src/gpio.c.obj
                                0x302 (size before relaxing)
 .debug_str     0x0000094c      0x561 CMakeFiles/STM32.elf.dir/Core/Src/main.c.obj
                                0xcde (size before relaxing)
 .debug_str     0x00000ead      0x557 CMakeFiles/STM32.elf.dir/Core/Src/retarget.c.obj
                                0xbbb (size before relaxing)
 .debug_str     0x00001404       0x9b CMakeFiles/STM32.elf.dir/Core/Src/stm32f1xx_hal_msp.c.obj
                                0x2a4 (size before relaxing)