Archive member included to satisfy reference by file (symbol)

c:/progra~2/gnuarm~1/102021~1.10/bin/../lib/gcc/arm-none-eabi/10.3.1/../../../../arm-none-eabi/lib/thumb/v7-m/nofp\libg.a(lib_a-errno.o)
                              CMakeFiles/STM32.elf.dir/Core/Src/retarget.c.obj (__errno)
c:/progra~2/gnuarm~1/102021~1.10/bin/../lib/gcc/arm-none-eabi/10.3.1/../../../../arm-none-eabi/lib/thumb/v7-m/nofp\libg.a(lib_a-exit.o)
                              c:/progra~2/gnuarm~1/102021~1.10/bin/../lib/gcc/arm-none-eabi/10.3.1/../../../../arm-none-eabi/lib/thumb/v7-m/nofp/crt0.o (exit)
c:/progra~2/gnuarm~1/102021~1.10/bin/../lib/gcc/arm-none-eabi/10.3.1/../../../../arm-none-eabi/lib/thumb/v7-m/nofp\libg.a(lib_a-impure.o)
                              c:/progra~2/gnuarm~1/102021~1.10/bin/../lib/gcc/arm-none-eabi/10.3.1/../../../../arm-none-eabi/lib/thumb/v7-m/nofp\libg.a(lib_a-exit.o) (_global_impure_ptr)
c:/progra~2/gnuarm~1/102021~1.10/bin/../lib/gcc/arm-none-eabi/10.3.1/../../../../arm-none-eabi/lib/thumb/v7-m/nofp\libg.a(lib_a-init.o)
                              c:/progra~2/gnuarm~1/102021~1.10/bin/../lib/gcc/arm-none-eabi/10.3.1/../../../../arm-none-eabi/lib/thumb/v7-m/nofp/crt0.o (__libc_init_array)
c:/progra~2/gnuarm~1/102021~1.10/bin/../lib/gcc/arm-none-eabi/10.3.1/../../../../arm-none-eabi/lib/thumb/v7-m/nofp\libg.a(lib_a-memset.o)
                              c:/progra~2/gnuarm~1/102021~1.10/bin/../lib/gcc/arm-none-eabi/10.3.1/../../../../arm-none-eabi/lib/thumb/v7-m/nofp/crt0.o (memset)
c:/progra~2/gnuarm~1/102021~1.10/bin/../lib/gcc/arm-none-eabi/10.3.1/../../../../arm-none-eabi/lib/thumb/v7-m/nofp\libg.a(lib_a-setvbuf.o)
                              CMakeFiles/STM32.elf.dir/Core/Src/retarget.c.obj (setvbuf)
c:/progra~2/gnuarm~1/102021~1.10/bin/../lib/gcc/arm-none-eabi/10.3.1/../../../../arm-none-eabi/lib/thumb/v7-m/nofp\libg.a(lib_a-strcmp.o)
                              CMakeFiles/STM32.elf.dir/Core/Src/Motor.c.obj (strcmp)
c:/progra~2/gnuarm~1/102021~1.10/bin/../lib/gcc/arm-none-eabi/10.3.1/../../../../arm-none-eabi/lib/thumb/v7-m/nofp\libg.a(lib_a-__call_atexit.o)
                              c:/progra~2/gnuarm~1/102021~1.10/bin/../lib/gcc/arm-none-eabi/10.3.1/../../../../arm-none-eabi/lib/thumb/v7-m/nofp\libg.a(lib_a-exit.o) (__call_exitprocs)
c:/progra~2/gnuarm~1/102021~1.10/bin/../lib/gcc/arm-none-eabi/10.3.1/../../../../arm-none-eabi/lib/thumb/v7-m/nofp\libg.a(lib_a-atexit.o)
                              c:/progra~2/gnuarm~1/102021~1.10/bin/../lib/gcc/arm-none-eabi/10.3.1/../../../../arm-none-eabi/lib/thumb/v7-m/nofp\libg.a(lib_a-__call_atexit.o) (atexit)
c:/progra~2/gnuarm~1/102021~1.10/bin/../lib/gcc/arm-none-eabi/10.3.1/../../../../arm-none-eabi/lib/thumb/v7-m/nofp\libg.a(lib_a-fflush.o)
                              c:/progra~2/gnuarm~1/102021~1.10/bin/../lib/gcc/arm-none-eabi/10.3.1/../../../../arm-none-eabi/lib/thumb/v7-m/nofp\libg.a(lib_a-setvbuf.o) (_fflush_r)
c:/progra~2/gnuarm~1/102021~1.10/bin/../lib/gcc/arm-none-eabi/10.3.1/../../../../arm-none-eabi/lib/thumb/v7-m/nofp\libg.a(lib_a-findfp.o)
                              c:/progra~2/gnuarm~1/102021~1.10/bin/../lib/gcc/arm-none-eabi/10.3.1/../../../../arm-none-eabi/lib/thumb/v7-m/nofp\libg.a(lib_a-setvbuf.o) (__sinit)
c:/progra~2/gnuarm~1/102021~1.10/bin/../lib/gcc/arm-none-eabi/10.3.1/../../../../arm-none-eabi/lib/thumb/v7-m/nofp\libg.a(lib_a-fini.o)
                              c:/progra~2/gnuarm~1/102021~1.10/bin/../lib/gcc/arm-none-eabi/10.3.1/../../../../arm-none-eabi/lib/thumb/v7-m/nofp\libg.a(lib_a-__call_atexit.o) (__libc_fini_array)
c:/progra~2/gnuarm~1/102021~1.10/bin/../lib/gcc/arm-none-eabi/10.3.1/../../../../arm-none-eabi/lib/thumb/v7-m/nofp\libg.a(lib_a-freer.o)
                              c:/progra~2/gnuarm~1/102021~1.10/bin/../lib/gcc/arm-none-eabi/10.3.1/../../../../arm-none-eabi/lib/thumb/v7-m/nofp\libg.a(lib_a-setvbuf.o) (_free_r)
c:/progra~2/gnuarm~1/102021~1.10/bin/../lib/gcc/arm-none-eabi/10.3.1/../../../../arm-none-eabi/lib/thumb/v7-m/nofp\libg.a(lib_a-fwalk.o)
                              c:/progra~2/gnuarm~1/102021~1.10/bin/../lib/gcc/arm-none-eabi/10.3.1/../../../../arm-none-eabi/lib/thumb/v7-m/nofp\libg.a(lib_a-findfp.o) (_fwalk)
c:/progra~2/gnuarm~1/102021~1.10/bin/../lib/gcc/arm-none-eabi/10.3.1/../../../../arm-none-eabi/lib/thumb/v7-m/nofp\libg.a(lib_a-lock.o)
                              c:/progra~2/gnuarm~1/102021~1.10/bin/../lib/gcc/arm-none-eabi/10.3.1/../../../../arm-none-eabi/lib/thumb/v7-m/nofp\libg.a(lib_a-findfp.o) (__retarget_lock_init_recursive)
c:/progra~2/gnuarm~1/102021~1.10/bin/../lib/gcc/arm-none-eabi/10.3.1/../../../../arm-none-eabi/lib/thumb/v7-m/nofp\libg.a(lib_a-makebuf.o)
                              c:/progra~2/gnuarm~1/102021~1.10/bin/../lib/gcc/arm-none-eabi/10.3.1/../../../../arm-none-eabi/lib/thumb/v7-m/nofp\libg.a(lib_a-setvbuf.o) (__swhatbuf_r)
[...]
Memory Configuration

Name             Origin             Length             Attributes
RAM              0x20000000         0x00005000         xrw
FLASH            0x08000000         0x00010000         xr
*default*        0x00000000         0xffffffff

Linker script and memory map

LOAD c:/progra~2/gnuarm~1/102021~1.10/bin/../lib/gcc/arm-none-eabi/10.3.1/thumb/v7-m/nofp/crti.o
LOAD c:/progra~2/gnuarm~1/102021~1.10/bin/../lib/gcc/arm-none-eabi/10.3.1/thumb/v7-m/nofp/crtbegin.o
LOAD c:/progra~2/gnuarm~1/102021~1.10/bin/../lib/gcc/arm-none-eabi/10.3.1/../../../../arm-none-eabi/lib/thumb/v7-m/nofp/crt0.o
LOAD CMakeFiles/STM32.elf.dir/Core/Src/Control.c.obj
LOAD CMakeFiles/STM32.elf.dir/Core/Src/Motor.c.obj
LOAD CMakeFiles/STM32.elf.dir/Core/Src/gpio.c.obj
LOAD CMakeFiles/STM32.elf.dir/Core/Src/main.c.obj
LOAD CMakeFiles/STM32.elf.dir/Core/Src/retarget.c.obj
LOAD CMakeFiles/STM32.elf.dir/Core/Src/stm32f1xx_hal_msp.c.obj
LOAD CMakeFiles/STM32.elf.dir/Core/Src/stm32f1xx_it.c.obj
LOAD CMakeFiles/STM32.elf.dir/Core/Src/syscalls.c.obj
LOAD CMakeFiles/STM32.elf.dir/Core/Src/sysmem.c.obj
LOAD CMakeFiles/STM32.elf.dir/Core/Src/system_stm32f1xx.c.obj
LOAD CMakeFiles/STM32.elf.dir/Core/Src/tim.c.obj
LOAD CMakeFiles/STM32.elf.dir/Core/Src/usart.c.obj
LOAD CMakeFiles/STM32.elf.dir/Core/Startup/startup_stm32f103c8tx.s.obj
LOAD CMakeFiles/STM32.elf.dir/Drivers/STM32F1xx_HAL_Driver/Src/stm32f1xx_hal.c.obj
LOAD CMakeFiles/STM32.elf.dir/Drivers/STM32F1xx_HAL_Driver/Src/stm32f1xx_hal_cortex.c.obj
LOAD CMakeFiles/STM32.elf.dir/Drivers/STM32F1xx_HAL_Driver/Src/stm32f1xx_hal_dma.c.obj
LOAD CMakeFiles/STM32.elf.dir/Drivers/STM32F1xx_HAL_Driver/Src/stm32f1xx_hal_exti.c.obj
LOAD CMakeFiles/STM32.elf.dir/Drivers/STM32F1xx_HAL_Driver/Src/stm32f1xx_hal_flash.c.obj
LOAD CMakeFiles/STM32.elf.dir/Drivers/STM32F1xx_HAL_Driver/Src/stm32f1xx_hal_flash_ex.c.obj
LOAD CMakeFiles/STM32.elf.dir/Drivers/STM32F1xx_HAL_Driver/Src/stm32f1xx_hal_gpio.c.obj
LOAD CMakeFiles/STM32.elf.dir/Drivers/STM32F1xx_HAL_Driver/Src/stm32f1xx_hal_gpio_ex.c.obj
LOAD CMakeFiles/STM32.elf.dir/Drivers/STM32F1xx_HAL_Driver/Src/stm32f1xx_hal_pwr.c.obj
LOAD CMakeFiles/STM32.elf.dir/Drivers/STM32F1xx_HAL_Driver/Src/stm32f1xx_hal_rcc.c.obj
LOAD CMakeFiles/STM32.elf.dir/Drivers/STM32F1xx_HAL_Driver/Src/stm32f1xx_hal_rcc_ex.c.obj
LOAD CMakeFiles/STM32.elf.dir/Drivers/STM32F1xx_HAL_Driver/Src/stm32f1xx_hal_tim.c.obj
LOAD CMakeFiles/STM32.elf.dir/Drivers/STM32F1xx_HAL_Driver/Src/stm32f1xx_hal_tim_ex.c.obj
LOAD CMakeFiles/STM32.elf.dir/Drivers/STM32F1xx_HAL_Driver/Src/stm32f1xx_hal_uart.c.obj
START GROUP
LOAD c:/progra~2/gnuarm~1/102021~1.10/bin/../lib/gcc/arm-none-eabi/10.3.1/thumb/v7-m/nofp\libgcc.a
LOAD c:/progra~2/gnuarm~1/102021~1.10/bin/../lib/gcc/arm-none-eabi/10.3.1/../../../../arm-none-eabi/lib/thumb/v7-m/nofp\libg.a
LOAD c:/progra~2/gnuarm~1/102021~1.10/bin/../lib/gcc/arm-none-eabi/10.3.1/../../../../arm-none-eabi/lib/thumb/v7-m/nofp\libc.a
END GROUP
LOAD c:/progra~2/gnuarm~1/102021~1.10/bin/../lib/gcc/arm-none-eabi/10.3.1/thumb/v7-m/nofp/crtend.o
LOAD c:/progra~2/gnuarm~1/102021~1.10/bin/../lib/gcc/arm-none-eabi/10.3.1/thumb/v7-m/nofp/crtn.o
                0x20005000                _estack = (ORIGIN (RAM) + LENGTH (RAM))
                0x00000200                _Min_Heap_Size = 0x200
                0x00000400                _Min_Stack_Size = 0x400

.isr_vector     0x08000000      0x10c
                0x08000000                . = ALIGN (0x4)
 *(.isr_vector)
 .isr_vector    0x08000000      0x10c CMakeFiles/STM32.elf.dir/Core/Startup/startup_stm32f103c8tx.s.obj
                0x08000000                g_pfnVectors
                0x0800010c                . = ALIGN (0x4)

.text           0x0800010c     0x38c4
                0x0800010c                . = ALIGN (0x4)
 *(.text)
 .text          0x0800010c       0x40 c:/progra~2/gnuarm~1/102021~1.10/bin/../lib/gcc/arm-none-eabi/10.3.1/thumb/v7-m/nofp/crtbegin.o
 .text          0x0800014c      0x1bc c:/progra~2/gnuarm~1/102021~1.10/bin/../lib/gcc/arm-none-eabi/10.3.1/../../../../arm-none-eabi/lib/thumb/v7-m/nofp\libg.a(lib_a-strcmp.o)
                0x0800014c                strcmp
 *(.text*)
 .text.Arm_Init
                0x08000308       0x38 CMakeFiles/STM32.elf.dir/Core/Src/Motor.c.obj
                0x08000308                Arm_Init
 .text.Arm_Shen
                0x08000340       0x28 CMakeFiles/STM32.elf.dir/Core/Src/Motor.c.obj
                0x08000340                Arm_Shen
 .text.Arm_Suo  0x08000368       0x28 CMakeFiles/STM32.elf.dir/Core/Src/Motor.c.obj
                0x08000368                Arm_Suo
 .text.Arm_Jia  0x08000390       0x28 CMakeFiles/STM32.elf.dir/Core/Src/Motor.c.obj
                0x08000390                Arm_Jia
 .text.Back_Left
                0x080003b8       0x48 CMakeFiles/STM32.elf.dir/Core/Src/Motor.c.obj
                0x080003b8                Back_Left
 .text.Front_Right
                0x08000400       0x40 CMakeFiles/STM32.elf.dir/Core/Src/Motor.c.obj
                0x08000400                Front_Right
 .text.Back_Right
                0x08000440       0x40 CMakeFiles/STM32.elf.dir/Core/Src/Motor.c.obj
                0x08000440                Back_Right
 .text.Front_Left
                0x08000480       0x44 CMakeFiles/STM32.elf.dir/Core/Src/Motor.c.obj
                0x08000480                Front_Left
 .text.Forward  0x080004c4       0x2c CMakeFiles/STM32.elf.dir/Core/Src/Motor.c.obj
                0x080004c4                Forward
 .text.Translate_Move
                0x080004f0       0x70 CMakeFiles/STM32.elf.dir/Core/Src/Motor.c.obj
                0x080004f0                Translate_Move
 .text.PID_Update
                0x08000560       0x14 CMakeFiles/STM32.elf.dir/Core/Src/Motor.c.obj
                0x08000560                PID_Update
 .text.PIDController_Init
                0x08000574        0xc CMakeFiles/STM32.elf.dir/Core/Src/Motor.c.obj
                0x08000574                PIDController_Init
 .text.MX_GPIO_Init
                0x08000580      0x100 CMakeFiles/STM32.elf.dir/Core/Src/gpio.c.obj
                0x08000580                MX_GPIO_Init
 .text.Error_Handler
                0x08000680        0x4 CMakeFiles/STM32.elf.dir/Core/Src/main.c.obj
                0x08000680                Error_Handler
 .text.SystemClock_Config
                0x08000684       0x64 CMakeFiles/STM32.elf.dir/Core/Src/main.c.obj
                0x08000684                SystemClock_Config
 .text.main     0x080006e8      0x21c CMakeFiles/STM32.elf.dir/Core/Src/main.c.obj
                0x080006e8                main
 .text.RetargetInit
                0x08000904       0x20 CMakeFiles/STM32.elf.dir/Core/Src/retarget.c.obj
                0x08000904                RetargetInit
 .text._write   0x08000924       0x34 CMakeFiles/STM32.elf.dir/Core/Src/retarget.c.obj
                0x08000924                _write
 .text._close   0x08000958       0x18 CMakeFiles/STM32.elf.dir/Core/Src/retarget.c.obj
                0x08000958                _close
 .text._lseek   0x08000970       0x10 CMakeFiles/STM32.elf.dir/Core/Src/retarget.c.obj
                0x08000970                _lseek
 .text._read    0x08000980       0x30 CMakeFiles/STM32.elf.dir/Core/Src/retarget.c.obj
                0x08000980                _read
 .text._fstat   0x080009b0       0x1a CMakeFiles/STM32.elf.dir/Core/Src/retarget.c.obj
                0x080009b0                _fstat
 *fill*         0x080009ca        0x2 
 .text.HAL_MspInit
                0x080009cc       0x44 CMakeFiles/STM32.elf.dir/Core/Src/stm32f1xx_hal_msp.c.obj
                0x080009cc                HAL_MspInit
 .text.NMI_Handler
                0x08000a10        0x2 CMakeFiles/STM32.elf.dir/Core/Src/stm32f1xx_it.c.obj
                0x08000a10                NMI_Handler
 .text.HardFault_Handler
                0x08000a12        0x2 CMakeFiles/STM32.elf.dir/Core/Src/stm32f1xx_it.c.obj
                0x08000a12                HardFault_Handler
 .text.MemManage_Handler
                0x08000a14        0x2 CMakeFiles/STM32.elf.dir/Core/Src/stm32f1xx_it.c.obj
                0x08000a14                MemManage_Handler
 .text.BusFault_Handler
                0x08000a16        0x2 CMakeFiles/STM32.elf.dir/Core/Src/stm32f1xx_it.c.obj
                0x08000a16                BusFault_Handler
 .text.UsageFault_Handler
                0x08000a18        0x2 CMakeFiles/STM32.elf.dir/Core/Src/stm32f1xx_it.c.obj
                0x08000a18                UsageFault_Handler
 .text.SVC_Handler
                0x08000a1a        0x2 CMakeFiles/STM32.elf.dir/Core/Src/stm32f1xx_it.c.obj
                0x08000a1a                SVC_Handler
 .text.DebugMon_Handler
                0x08000a1c        0x2 CMakeFiles/STM32.elf.dir/Core/Src/stm32f1xx_it.c.obj
                0x08000a1c                DebugMon_Handler
 .text.PendSV_Handler
                0x08000a1e        0x2 CMakeFiles/STM32.elf.dir/Core/Src/stm32f1xx_it.c.obj
                0x08000a1e                PendSV_Handler
 .text.SysTick_Handler
                0x08000a20        0x8 CMakeFiles/STM32.elf.dir/Core/Src/stm32f1xx_it.c.obj
                0x08000a20                SysTick_Handler
 .text.USART1_IRQHandler
                0x08000a28       0x10 CMakeFiles/STM32.elf.dir/Core/Src/stm32f1xx_it.c.obj
                0x08000a28                USART1_IRQHandler
 .text._sbrk    0x08000a38       0x48 CMakeFiles/STM32.elf.dir/Core/Src/sysmem.c.obj
                0x08000a38                _sbrk
 .text.SystemInit
                0x08000a80        0x2 CMakeFiles/STM32.elf.dir/Core/Src/system_stm32f1xx.c.obj
                0x08000a80                SystemInit
 *fill*         0x08000a82        0x2 
 .text.HAL_TIM_Base_MspInit
                0x08000a84       0x4c CMakeFiles/STM32.elf.dir/Core/Src/tim.c.obj
                0x08000a84                HAL_TIM_Base_MspInit
 .text.HAL_TIM_MspPostInit
                0x08000ad0       0xe0 CMakeFiles/STM32.elf.dir/Core/Src/tim.c.obj
                0x08000ad0                HAL_TIM_MspPostInit
 .text.MX_TIM2_Init
                0x08000bb0       0xec CMakeFiles/STM32.elf.dir/Core/Src/tim.c.obj
                0x08000bb0                MX_TIM2_Init
 .text.MX_TIM3_Init
                0x08000c9c       0xec CMakeFiles/STM32.elf.dir/Core/Src/tim.c.obj
                0x08000c9c                MX_TIM3_Init
 .text.MX_USART1_UART_Init
                0x08000d88       0x34 CMakeFiles/STM32.elf.dir/Core/Src/usart.c.obj
                0x08000d88                MX_USART1_UART_Init
 .text.HAL_UART_MspInit
                0x08000dbc       0x88 CMakeFiles/STM32.elf.dir/Core/Src/usart.c.obj
                0x08000dbc                HAL_UART_MspInit
 .text.OpenMV_Check_Data_Task
                0x08000e44       0x98 CMakeFiles/STM32.elf.dir/Core/Src/usart.c.obj
                0x08000e44                OpenMV_Check_Data_Task
 .text.HAL_UART_RxCpltCallback
                0x08000edc       0x40 CMakeFiles/STM32.elf.dir/Core/Src/usart.c.obj
                0x08000edc                HAL_UART_RxCpltCallback
 .text.Reset_Handler
                0x08000f1c       0x48 CMakeFiles/STM32.elf.dir/Core/Startup/startup_stm32f103c8tx.s.obj
                0x08000f1c                Reset_Handler
 .text.Default_Handler
                0x08000f64        0x2 CMakeFiles/STM32.elf.dir/Core/Startup/startup_stm32f103c8tx.s.obj
                0x08000f64                RTC_Alarm_IRQHandler
                0x08000f64                EXTI2_IRQHandler
                0x08000f64                TIM1_CC_IRQHandler
                0x08000f64                PVD_IRQHandler
                0x08000f64                EXTI3_IRQHandler
                0x08000f64                EXTI0_IRQHandler
                0x08000f64                I2C2_EV_IRQHandler
                0x08000f64                ADC1_2_IRQHandler
                0x08000f64                SPI1_IRQHandler
                0x08000f64                TAMPER_IRQHandler
                0x08000f64                DMA1_Channel4_IRQHandler
                0x08000f64                USART3_IRQHandler
                0x08000f64                RTC_IRQHandler
                0x08000f64                DMA1_Channel7_IRQHandler
                0x08000f64                CAN1_RX1_IRQHandler
                0x08000f64                TIM4_IRQHandler
                0x08000f64                I2C1_EV_IRQHandler
                0x08000f64                DMA1_Channel6_IRQHandler
                0x08000f64                TIM3_IRQHandler
                0x08000f64                RCC_IRQHandler
                0x08000f64                TIM1_TRG_COM_IRQHandler
                0x08000f64                DMA1_Channel1_IRQHandler
                0x08000f64                Default_Handler
                0x08000f64                EXTI15_10_IRQHandler
                0x08000f64                EXTI9_5_IRQHandler
                0x08000f64                SPI2_IRQHandler
                0x08000f64                DMA1_Channel5_IRQHandler
                0x08000f64                EXTI4_IRQHandler
                0x08000f64                USB_LP_CAN1_RX0_IRQHandler
                0x08000f64                USB_HP_CAN1_TX_IRQHandler
                0x08000f64                DMA1_Channel3_IRQHandler
                0x08000f64                TIM1_UP_IRQHandler
                0x08000f64                WWDG_IRQHandler
                0x08000f64                TIM2_IRQHandler
                0x08000f64                TIM1_BRK_IRQHandler
                0x08000f64                EXTI1_IRQHandler
                0x08000f64                USART2_IRQHandler
                0x08000f64                I2C2_ER_IRQHandler
                0x08000f64                DMA1_Channel2_IRQHandler
                0x08000f64                CAN1_SCE_IRQHandler
                0x08000f64                FLASH_IRQHandler
                0x08000f64                I2C1_ER_IRQHandler
                0x08000f64                USBWakeUp_IRQHandler
 *fill*         0x08000f66        0x2 
 .text.HAL_InitTick
                0x08000f68       0x4c CMakeFiles/STM32.elf.dir/Drivers/STM32F1xx_HAL_Driver/Src/stm32f1xx_hal.c.obj
                0x08000f68                HAL_InitTick
 .text.HAL_Init
                0x08000fb4       0x24 CMakeFiles/STM32.elf.dir/Drivers/STM32F1xx_HAL_Driver/Src/stm32f1xx_hal.c.obj
                0x08000fb4                HAL_Init
 .text.HAL_IncTick
                0x08000fd8       0x18 CMakeFiles/STM32.elf.dir/Drivers/STM32F1xx_HAL_Driver/Src/stm32f1xx_hal.c.obj
                0x08000fd8                HAL_IncTick
 .text.HAL_GetTick
                0x08000ff0        0xc CMakeFiles/STM32.elf.dir/Drivers/STM32F1xx_HAL_Driver/Src/stm32f1xx_hal.c.obj
                0x08000ff0                HAL_GetTick
 .text.HAL_Delay
                0x08000ffc       0x28 CMakeFiles/STM32.elf.dir/Drivers/STM32F1xx_HAL_Driver/Src/stm32f1xx_hal.c.obj
                0x08000ffc                HAL_Delay
 .text.HAL_NVIC_SetPriorityGrouping
                0x08001024       0x24 CMakeFiles/STM32.elf.dir/Drivers/STM32F1xx_HAL_Driver/Src/stm32f1xx_hal_cortex.c.obj
                0x08001024                HAL_NVIC_SetPriorityGrouping
 .text.HAL_NVIC_SetPriority
                0x08001048       0x70 CMakeFiles/STM32.elf.dir/Drivers/STM32F1xx_HAL_Driver/Src/stm32f1xx_hal_cortex.c.obj
                0x08001048                HAL_NVIC_SetPriority
 .text.HAL_NVIC_EnableIRQ
                0x080010b8       0x1c CMakeFiles/STM32.elf.dir/Drivers/STM32F1xx_HAL_Driver/Src/stm32f1xx_hal_cortex.c.obj
                0x080010b8                HAL_NVIC_EnableIRQ
 .text.HAL_SYSTICK_Config
                0x080010d4       0x28 CMakeFiles/STM32.elf.dir/Drivers/STM32F1xx_HAL_Driver/Src/stm32f1xx_hal_cortex.c.obj
                0x080010d4                HAL_SYSTICK_Config
 .text.HAL_DMA_Abort
                0x080010fc       0x46 CMakeFiles/STM32.elf.dir/Drivers/STM32F1xx_HAL_Driver/Src/stm32f1xx_hal_dma.c.obj
                0x080010fc                HAL_DMA_Abort
 *fill*         0x08001142        0x2 
 .text.HAL_DMA_Abort_IT
                0x08001144       0x98 CMakeFiles/STM32.elf.dir/Drivers/STM32F1xx_HAL_Driver/Src/stm32f1xx_hal_dma.c.obj
                0x08001144                HAL_DMA_Abort_IT
 .text.HAL_GPIO_Init
                0x080011dc      0x224 CMakeFiles/STM32.elf.dir/Drivers/STM32F1xx_HAL_Driver/Src/stm32f1xx_hal_gpio.c.obj
                0x080011dc                HAL_GPIO_Init
 .text.HAL_GPIO_ReadPin
                0x08001400        0xe CMakeFiles/STM32.elf.dir/Drivers/STM32F1xx_HAL_Driver/Src/stm32f1xx_hal_gpio.c.obj
                0x08001400                HAL_GPIO_ReadPin
 .text.HAL_GPIO_WritePin
                0x0800140e        0xc CMakeFiles/STM32.elf.dir/Drivers/STM32F1xx_HAL_Driver/Src/stm32f1xx_hal_gpio.c.obj
                0x0800140e                HAL_GPIO_WritePin
 *fill*         0x0800141a        0x2 
 .text.RCC_Delay
                0x0800141c       0x2c CMakeFiles/STM32.elf.dir/Drivers/STM32F1xx_HAL_Driver/Src/stm32f1xx_hal_rcc.c.obj
 .text.HAL_RCC_OscConfig
                0x08001448      0x410 CMakeFiles/STM32.elf.dir/Drivers/STM32F1xx_HAL_Driver/Src/stm32f1xx_hal_rcc.c.obj
                0x08001448                HAL_RCC_OscConfig
 .text.HAL_RCC_GetSysClockFreq
                0x08001858       0x54 CMakeFiles/STM32.elf.dir/Drivers/STM32F1xx_HAL_Driver/Src/stm32f1xx_hal_rcc.c.obj
                0x08001858                HAL_RCC_GetSysClockFreq
 .text.HAL_RCC_ClockConfig
                0x080018ac      0x16c CMakeFiles/STM32.elf.dir/Drivers/STM32F1xx_HAL_Driver/Src/stm32f1xx_hal_rcc.c.obj
                0x080018ac                HAL_RCC_ClockConfig
 .text.HAL_RCC_GetHCLKFreq
                0x08001a18        0xc CMakeFiles/STM32.elf.dir/Drivers/STM32F1xx_HAL_Driver/Src/stm32f1xx_hal_rcc.c.obj
                0x08001a18                HAL_RCC_GetHCLKFreq
 .text.HAL_RCC_GetPCLK1Freq
                0x08001a24       0x20 CMakeFiles/STM32.elf.dir/Drivers/STM32F1xx_HAL_Driver/Src/stm32f1xx_hal_rcc.c.obj
                0x08001a24                HAL_RCC_GetPCLK1Freq
 .text.HAL_RCC_GetPCLK2Freq
                0x08001a44       0x20 CMakeFiles/STM32.elf.dir/Drivers/STM32F1xx_HAL_Driver/Src/stm32f1xx_hal_rcc.c.obj
                0x08001a44                HAL_RCC_GetPCLK2Freq
 .text.TIM_OC1_SetConfig
                0x08001a64       0x5c CMakeFiles/STM32.elf.dir/Drivers/STM32F1xx_HAL_Driver/Src/stm32f1xx_hal_tim.c.obj
 .text.TIM_OC3_SetConfig
                0x08001ac0       0x64 CMakeFiles/STM32.elf.dir/Drivers/STM32F1xx_HAL_Driver/Src/stm32f1xx_hal_tim.c.obj
 .text.TIM_OC4_SetConfig
                0x08001b24       0x48 CMakeFiles/STM32.elf.dir/Drivers/STM32F1xx_HAL_Driver/Src/stm32f1xx_hal_tim.c.obj
 .text.TIM_TI1_ConfigInputStage
                0x08001b6c       0x24 CMakeFiles/STM32.elf.dir/Drivers/STM32F1xx_HAL_Driver/Src/stm32f1xx_hal_tim.c.obj
 .text.TIM_TI2_ConfigInputStage
                0x08001b90       0x26 CMakeFiles/STM32.elf.dir/Drivers/STM32F1xx_HAL_Driver/Src/stm32f1xx_hal_tim.c.obj
 .text.TIM_ITRx_SetConfig
                0x08001bb6       0x10 CMakeFiles/STM32.elf.dir/Drivers/STM32F1xx_HAL_Driver/Src/stm32f1xx_hal_tim.c.obj
 .text.HAL_TIM_PWM_MspInit
                0x08001bc6        0x2 CMakeFiles/STM32.elf.dir/Drivers/STM32F1xx_HAL_Driver/Src/stm32f1xx_hal_tim.c.obj
                0x08001bc6                HAL_TIM_PWM_MspInit
 .text.TIM_Base_SetConfig
                0x08001bc8       0x74 CMakeFiles/STM32.elf.dir/Drivers/STM32F1xx_HAL_Driver/Src/stm32f1xx_hal_tim.c.obj
                0x08001bc8                TIM_Base_SetConfig
 .text.HAL_TIM_Base_Init
                0x08001c3c       0x58 CMakeFiles/STM32.elf.dir/Drivers/STM32F1xx_HAL_Driver/Src/stm32f1xx_hal_tim.c.obj
                0x08001c3c                HAL_TIM_Base_Init
 .text.HAL_TIM_PWM_Init
                0x08001c94       0x58 CMakeFiles/STM32.elf.dir/Drivers/STM32F1xx_HAL_Driver/Src/stm32f1xx_hal_tim.c.obj
                0x08001c94                HAL_TIM_PWM_Init
 .text.TIM_OC2_SetConfig
                0x08001cec       0x64 CMakeFiles/STM32.elf.dir/Drivers/STM32F1xx_HAL_Driver/Src/stm32f1xx_hal_tim.c.obj
                0x08001cec                TIM_OC2_SetConfig
 .text.HAL_TIM_PWM_ConfigChannel
                0x08001d50       0xdc CMakeFiles/STM32.elf.dir/Drivers/STM32F1xx_HAL_Driver/Src/stm32f1xx_hal_tim.c.obj
                0x08001d50                HAL_TIM_PWM_ConfigChannel
 .text.TIM_ETR_SetConfig
                0x08001e2c       0x18 CMakeFiles/STM32.elf.dir/Drivers/STM32F1xx_HAL_Driver/Src/stm32f1xx_hal_tim.c.obj
                0x08001e2c                TIM_ETR_SetConfig
 .text.HAL_TIM_ConfigClockSource
                0x08001e44       0xfe CMakeFiles/STM32.elf.dir/Drivers/STM32F1xx_HAL_Driver/Src/stm32f1xx_hal_tim.c.obj
                0x08001e44                HAL_TIM_ConfigClockSource
 .text.TIM_CCxChannelCmd
                0x08001f42       0x1e CMakeFiles/STM32.elf.dir/Drivers/STM32F1xx_HAL_Driver/Src/stm32f1xx_hal_tim.c.obj
                0x08001f42                TIM_CCxChannelCmd
 .text.HAL_TIM_PWM_Start
                0x08001f60       0xdc CMakeFiles/STM32.elf.dir/Drivers/STM32F1xx_HAL_Driver/Src/stm32f1xx_hal_tim.c.obj
                0x08001f60                HAL_TIM_PWM_Start
 .text.HAL_TIMEx_MasterConfigSynchronization
                0x0800203c       0x6c CMakeFiles/STM32.elf.dir/Drivers/STM32F1xx_HAL_Driver/Src/stm32f1xx_hal_tim_ex.c.obj
                0x0800203c                HAL_TIMEx_MasterConfigSynchronization
 .text.UART_EndRxTransfer
                0x080020a8       0x5c CMakeFiles/STM32.elf.dir/Drivers/STM32F1xx_HAL_Driver/Src/stm32f1xx_hal_uart.c.obj
 .text.UART_Transmit_IT
                0x08002104       0x60 CMakeFiles/STM32.elf.dir/Drivers/STM32F1xx_HAL_Driver/Src/stm32f1xx_hal_uart.c.obj
 .text.UART_SetConfig
                0x08002164       0x94 CMakeFiles/STM32.elf.dir/Drivers/STM32F1xx_HAL_Driver/Src/stm32f1xx_hal_uart.c.obj
 .text.UART_WaitOnFlagUntilTimeout
                0x080021f8       0x88 CMakeFiles/STM32.elf.dir/Drivers/STM32F1xx_HAL_Driver/Src/stm32f1xx_hal_uart.c.obj
 .text.HAL_UART_Init
                0x08002280       0x60 CMakeFiles/STM32.elf.dir/Drivers/STM32F1xx_HAL_Driver/Src/stm32f1xx_hal_uart.c.obj
                0x08002280                HAL_UART_Init
 .text.HAL_UART_Transmit
                0x080022e0       0xbe CMakeFiles/STM32.elf.dir/Drivers/STM32F1xx_HAL_Driver/Src/stm32f1xx_hal_uart.c.obj
                0x080022e0                HAL_UART_Transmit
 .text.HAL_UART_Receive
                0x0800239e       0xca CMakeFiles/STM32.elf.dir/Drivers/STM32F1xx_HAL_Driver/Src/stm32f1xx_hal_uart.c.obj
                0x0800239e                HAL_UART_Receive
 .text.HAL_UART_TxCpltCallback
                0x08002468        0x2 CMakeFiles/STM32.elf.dir/Drivers/STM32F1xx_HAL_Driver/Src/stm32f1xx_hal_uart.c.obj
                0x08002468                HAL_UART_TxCpltCallback
 .text.UART_EndTransmit_IT
                0x0800246a       0x1a CMakeFiles/STM32.elf.dir/Drivers/STM32F1xx_HAL_Driver/Src/stm32f1xx_hal_uart.c.obj
 .text.HAL_UART_ErrorCallback
                0x08002484        0x2 CMakeFiles/STM32.elf.dir/Drivers/STM32F1xx_HAL_Driver/Src/stm32f1xx_hal_uart.c.obj
                0x08002484                HAL_UART_ErrorCallback
 .text.UART_DMAAbortOnError
                0x08002486       0x10 CMakeFiles/STM32.elf.dir/Drivers/STM32F1xx_HAL_Driver/Src/stm32f1xx_hal_uart.c.obj
 .text.HAL_UARTEx_RxEventCallback
                0x08002496        0x2 CMakeFiles/STM32.elf.dir/Drivers/STM32F1xx_HAL_Driver/Src/stm32f1xx_hal_uart.c.obj
                0x08002496                HAL_UARTEx_RxEventCallback
 .text.UART_Receive_IT
                0x08002498       0xe6 CMakeFiles/STM32.elf.dir/Drivers/STM32F1xx_HAL_Driver/Src/stm32f1xx_hal_uart.c.obj
 *fill*         0x0800257e        0x2 
 .text.HAL_UART_IRQHandler
                0x08002580      0x288 CMakeFiles/STM32.elf.dir/Drivers/STM32F1xx_HAL_Driver/Src/stm32f1xx_hal_uart.c.obj
                0x08002580                HAL_UART_IRQHandler
 .text.UART_Start_Receive_IT
                0x08002808       0x36 CMakeFiles/STM32.elf.dir/Drivers/STM32F1xx_HAL_Driver/Src/stm32f1xx_hal_uart.c.obj
                0x08002808                UART_Start_Receive_IT
 .text.HAL_UART_Receive_IT
                0x0800283e       0x26 CMakeFiles/STM32.elf.dir/Drivers/STM32F1xx_HAL_Driver/Src/stm32f1xx_hal_uart.c.obj
                0x0800283e                HAL_UART_Receive_IT
 .text.__errno  0x08002864        0xc c:/progra~2/gnuarm~1/102021~1.10/bin/../lib/gcc/arm-none-eabi/10.3.1/../../../../arm-none-eabi/lib/thumb/v7-m/nofp\libg.a(lib_a-errno.o)
                0x08002864                __errno
 .text.__libc_init_array
                0x08002870       0x48 c:/progra~2/gnuarm~1/102021~1.10/bin/../lib/gcc/arm-none-eabi/10.3.1/../../../../arm-none-eabi/lib/thumb/v7-m/nofp\libg.a(lib_a-init.o)
                0x08002870                __libc_init_array
 .text.memset   0x080028b8       0xa4 c:/progra~2/gnuarm~1/102021~1.10/bin/../lib/gcc/arm-none-eabi/10.3.1/../../../../arm-none-eabi/lib/thumb/v7-m/nofp\libg.a(lib_a-memset.o)
                0x080028b8                memset
 .text.setvbuf  0x0800295c      0x1b0 c:/progra~2/gnuarm~1/102021~1.10/bin/../lib/gcc/arm-none-eabi/10.3.1/../../../../arm-none-eabi/lib/thumb/v7-m/nofp\libg.a(lib_a-setvbuf.o)
                0x0800295c                setvbuf
 .text.startup.register_fini
                0x08002b0c       0x14 c:/progra~2/gnuarm~1/102021~1.10/bin/../lib/gcc/arm-none-eabi/10.3.1/../../../../arm-none-eabi/lib/thumb/v7-m/nofp\libg.a(lib_a-__call_atexit.o)
 .text.atexit   0x08002b20        0xc c:/progra~2/gnuarm~1/102021~1.10/bin/../lib/gcc/arm-none-eabi/10.3.1/../../../../arm-none-eabi/lib/thumb/v7-m/nofp\libg.a(lib_a-atexit.o)
                0x08002b20                atexit
 .text.__sflush_r
                0x08002b2c      0x124 c:/progra~2/gnuarm~1/102021~1.10/bin/../lib/gcc/arm-none-eabi/10.3.1/../../../../arm-none-eabi/lib/thumb/v7-m/nofp\libg.a(lib_a-fflush.o)
                0x08002b2c                __sflush_r
 .text._fflush_r
                0x08002c50       0x5c c:/progra~2/gnuarm~1/102021~1.10/bin/../lib/gcc/arm-none-eabi/10.3.1/../../../../arm-none-eabi/lib/thumb/v7-m/nofp\libg.a(lib_a-fflush.o)
                0x08002c50                _fflush_r
 .text._cleanup_r
                0x08002cac        0xc c:/progra~2/gnuarm~1/102021~1.10/bin/../lib/gcc/arm-none-eabi/10.3.1/../../../../arm-none-eabi/lib/thumb/v7-m/nofp\libg.a(lib_a-findfp.o)
                0x08002cac                _cleanup_r
 .text.__sinit  0x08002cb8      0x10c c:/progra~2/gnuarm~1/102021~1.10/bin/../lib/gcc/arm-none-eabi/10.3.1/../../../../arm-none-eabi/lib/thumb/v7-m/nofp\libg.a(lib_a-findfp.o)
                0x08002cb8                __sinit
 .text.__sfp_lock_acquire
                0x08002dc4        0xc c:/progra~2/gnuarm~1/102021~1.10/bin/../lib/gcc/arm-none-eabi/10.3.1/../../../../arm-none-eabi/lib/thumb/v7-m/nofp\libg.a(lib_a-findfp.o)
                0x08002dc4                __sfp_lock_acquire
 .text.__sfp_lock_release
                0x08002dd0        0xc c:/progra~2/gnuarm~1/102021~1.10/bin/../lib/gcc/arm-none-eabi/10.3.1/../../../../arm-none-eabi/lib/thumb/v7-m/nofp\libg.a(lib_a-findfp.o)
                0x08002dd0                __sfp_lock_release
 .text.__libc_fini_array
                0x08002ddc       0x2c c:/progra~2/gnuarm~1/102021~1.10/bin/../lib/gcc/arm-none-eabi/10.3.1/../../../../arm-none-eabi/lib/thumb/v7-m/nofp\libg.a(lib_a-fini.o)
                0x08002ddc                __libc_fini_array
 .text._malloc_trim_r
                0x08002e08       0xa0 c:/progra~2/gnuarm~1/102021~1.10/bin/../lib/gcc/arm-none-eabi/10.3.1/../../../../arm-none-eabi/lib/thumb/v7-m/nofp\libg.a(lib_a-freer.o)
                0x08002e08                _malloc_trim_r
 .text._free_r  0x08002ea8      0x200 c:/progra~2/gnuarm~1/102021~1.10/bin/../lib/gcc/arm-none-eabi/10.3.1/../../../../arm-none-eabi/lib/thumb/v7-m/nofp\libg.a(lib_a-freer.o)
                0x08002ea8                _free_r
 .text._fwalk_reent
                0x080030a8       0x48 c:/progra~2/gnuarm~1/102021~1.10/bin/../lib/gcc/arm-none-eabi/10.3.1/../../../../arm-none-eabi/lib/thumb/v7-m/nofp\libg.a(lib_a-fwalk.o)
                0x080030a8                _fwalk_reent
 .text.__retarget_lock_init_recursive
                0x080030f0        0x4 c:/progra~2/gnuarm~1/102021~1.10/bin/../lib/gcc/arm-none-eabi/10.3.1/../../../../arm-none-eabi/lib/thumb/v7-m/nofp\libg.a(lib_a-lock.o)
                0x080030f0                __retarget_lock_init_recursive
 .text.__retarget_lock_close_recursive
                0x080030f4        0x4 c:/progra~2/gnuarm~1/102021~1.10/bin/../lib/gcc/arm-none-eabi/10.3.1/../../../../arm-none-eabi/lib/thumb/v7-m/nofp\libg.a(lib_a-lock.o)
                0x080030f4                __retarget_lock_close_recursive
 .text.__retarget_lock_acquire_recursive
                0x080030f8        0x4 c:/progra~2/gnuarm~1/102021~1.10/bin/../lib/gcc/arm-none-eabi/10.3.1/../../../../arm-none-eabi/lib/thumb/v7-m/nofp\libg.a(lib_a-lock.o)
                0x080030f8                __retarget_lock_acquire_recursive
 .text.__retarget_lock_release_recursive
                0x080030fc        0x4 c:/progra~2/gnuarm~1/102021~1.10/bin/../lib/gcc/arm-none-eabi/10.3.1/../../../../arm-none-eabi/lib/thumb/v7-m/nofp\libg.a(lib_a-lock.o)
                0x080030fc                __retarget_lock_release_recursive
 .text.__swhatbuf_r
                0x08003100       0x60 c:/progra~2/gnuarm~1/102021~1.10/bin/../lib/gcc/arm-none-eabi/10.3.1/../../../../arm-none-eabi/lib/thumb/v7-m/nofp\libg.a(lib_a-makebuf.o)
                0x08003100                __swhatbuf_r
 .text.malloc   0x08003160       0x10 c:/progra~2/gnuarm~1/102021~1.10/bin/../lib/gcc/arm-none-eabi/10.3.1/../../../../arm-none-eabi/lib/thumb/v7-m/nofp\libg.a(lib_a-malloc.o)
                0x08003160                malloc
 .text._malloc_r
                0x08003170      0x558 c:/progra~2/gnuarm~1/102021~1.10/bin/../lib/gcc/arm-none-eabi/10.3.1/../../../../arm-none-eabi/lib/thumb/v7-m/nofp\libg.a(lib_a-mallocr.o)
                0x08003170                _malloc_r
 .text.__malloc_lock
                0x080036c8        0xc c:/progra~2/gnuarm~1/102021~1.10/bin/../lib/gcc/arm-none-eabi/10.3.1/../../../../arm-none-eabi/lib/thumb/v7-m/nofp\libg.a(lib_a-mlock.o)
                0x080036c8                __malloc_lock
 .text.__malloc_unlock
                0x080036d4        0xc c:/progra~2/gnuarm~1/102021~1.10/bin/../lib/gcc/arm-none-eabi/10.3.1/../../../../arm-none-eabi/lib/thumb/v7-m/nofp\libg.a(lib_a-mlock.o)
                0x080036d4                __malloc_unlock
 .text._sbrk_r  0x080036e0       0x24 c:/progra~2/gnuarm~1/102021~1.10/bin/../lib/gcc/arm-none-eabi/10.3.1/../../../../arm-none-eabi/lib/thumb/v7-m/nofp\libg.a(lib_a-sbrkr.o)
                0x080036e0                _sbrk_r
 .text.__sread  0x08003704       0x24 c:/progra~2/gnuarm~1/102021~1.10/bin/../lib/gcc/arm-none-eabi/10.3.1/../../../../arm-none-eabi/lib/thumb/v7-m/nofp\libg.a(lib_a-stdio.o)
                0x08003704                __sread
 .text.__swrite
                0x08003728       0x40 c:/progra~2/gnuarm~1/102021~1.10/bin/../lib/gcc/arm-none-eabi/10.3.1/../../../../arm-none-eabi/lib/thumb/v7-m/nofp\libg.a(lib_a-stdio.o)
                0x08003728                __swrite
 .text.__sseek  0x08003768       0x20 c:/progra~2/gnuarm~1/102021~1.10/bin/../lib/gcc/arm-none-eabi/10.3.1/../../../../arm-none-eabi/lib/thumb/v7-m/nofp\libg.a(lib_a-stdio.o)
                0x08003768                __sseek
 .text.__sclose
                0x08003788        0x8 c:/progra~2/gnuarm~1/102021~1.10/bin/../lib/gcc/arm-none-eabi/10.3.1/../../../../arm-none-eabi/lib/thumb/v7-m/nofp\libg.a(lib_a-stdio.o)
                0x08003788                __sclose
 .text._write_r
                0x08003790       0x2c c:/progra~2/gnuarm~1/102021~1.10/bin/../lib/gcc/arm-none-eabi/10.3.1/../../../../arm-none-eabi/lib/thumb/v7-m/nofp\libg.a(lib_a-writer.o)
                0x08003790                _write_r
 .text.__register_exitproc
                0x080037bc       0x8c c:/progra~2/gnuarm~1/102021~1.10/bin/../lib/gcc/arm-none-eabi/10.3.1/../../../../arm-none-eabi/lib/thumb/v7-m/nofp\libg.a(lib_a-__atexit.o)
                0x080037bc                __register_exitproc
 .text._close_r
                0x08003848       0x24 c:/progra~2/gnuarm~1/102021~1.10/bin/../lib/gcc/arm-none-eabi/10.3.1/../../../../arm-none-eabi/lib/thumb/v7-m/nofp\libg.a(lib_a-closer.o)
                0x08003848                _close_r
 .text._fclose_r
                0x0800386c       0xcc c:/progra~2/gnuarm~1/102021~1.10/bin/../lib/gcc/arm-none-eabi/10.3.1/../../../../arm-none-eabi/lib/thumb/v7-m/nofp\libg.a(lib_a-fclose.o)
                0x0800386c                _fclose_r
 .text._fstat_r
                0x08003938       0x28 c:/progra~2/gnuarm~1/102021~1.10/bin/../lib/gcc/arm-none-eabi/10.3.1/../../../../arm-none-eabi/lib/thumb/v7-m/nofp\libg.a(lib_a-fstatr.o)
                0x08003938                _fstat_r
 .text._lseek_r
                0x08003960       0x2c c:/progra~2/gnuarm~1/102021~1.10/bin/../lib/gcc/arm-none-eabi/10.3.1/../../../../arm-none-eabi/lib/thumb/v7-m/nofp\libg.a(lib_a-lseekr.o)
                0x08003960                _lseek_r
 .text._read_r  0x0800398c       0x2c c:/progra~2/gnuarm~1/102021~1.10/bin/../lib/gcc/arm-none-eabi/10.3.1/../../../../arm-none-eabi/lib/thumb/v7-m/nofp\libg.a(lib_a-readr.o)
                0x0800398c                _read_r
 *(.glue_7)
 .glue_7        0x080039b8        0x0 linker stubs
 *(.glue_7t)
 .glue_7t       0x080039b8        0x0 linker stubs
 *(.eh_frame)
 .eh_frame      0x080039b8        0x0 c:/progra~2/gnuarm~1/102021~1.10/bin/../lib/gcc/arm-none-eabi/10.3.1/thumb/v7-m/nofp/crtbegin.o
 *(.init)
 .init          0x080039b8        0x4 c:/progra~2/gnuarm~1/102021~1.10/bin/../lib/gcc/arm-none-eabi/10.3.1/thumb/v7-m/nofp/crti.o
                0x080039b8                _init
 .init          0x080039bc        0x8 c:/progra~2/gnuarm~1/102021~1.10/bin/../lib/gcc/arm-none-eabi/10.3.1/thumb/v7-m/nofp/crtn.o
 *(.fini)
 .fini          0x080039c4        0x4 c:/progra~2/gnuarm~1/102021~1.10/bin/../lib/gcc/arm-none-eabi/10.3.1/thumb/v7-m/nofp/crti.o
                0x080039c4                _fini
 .fini          0x080039c8        0x8 c:/progra~2/gnuarm~1/102021~1.10/bin/../lib/gcc/arm-none-eabi/10.3.1/thumb/v7-m/nofp/crtn.o
                0x080039d0                . = ALIGN (0x4)
                0x080039d0                _etext = .

.vfp11_veneer   0x080039d0        0x0
 .vfp11_veneer  0x080039d0        0x0 linker stubs

.v4_bx          0x080039d0        0x0
 .v4_bx         0x080039d0        0x0 linker stubs

.iplt           0x080039d0        0x0
 .iplt          0x080039d0        0x0 c:/progra~2/gnuarm~1/102021~1.10/bin/../lib/gcc/arm-none-eabi/10.3.1/thumb/v7-m/nofp/crtbegin.o

.rodata         0x080039d0       0x40
                0x080039d0                . = ALIGN (0x4)
 *(.rodata)
 *(.rodata*)
 .rodata.Translate_Move.str1.4
                0x080039d0        0xd CMakeFiles/STM32.elf.dir/Core/Src/Motor.c.obj
 .rodata.main.str1.4
                0x080039dd        0xe CMakeFiles/STM32.elf.dir/Core/Src/main.c.obj
 *fill*         0x080039dd        0x3 
 .rodata.AHBPrescTable
                0x080039e0       0x10 CMakeFiles/STM32.elf.dir/Core/Src/system_stm32f1xx.c.obj
                0x080039e0                AHBPrescTable
 .rodata.APBPrescTable
                0x080039f0        0x8 CMakeFiles/STM32.elf.dir/Core/Src/system_stm32f1xx.c.obj
                0x080039f0                APBPrescTable
 .rodata.aPLLMULFactorTable.1
                0x080039f8       0x10 CMakeFiles/STM32.elf.dir/Drivers/STM32F1xx_HAL_Driver/Src/stm32f1xx_hal_rcc.c.obj
 .rodata.aPredivFactorTable.0
                0x08003a08        0x2 CMakeFiles/STM32.elf.dir/Drivers/STM32F1xx_HAL_Driver/Src/stm32f1xx_hal_rcc.c.obj
 *fill*         0x08003a0a        0x2 
 .rodata._global_impure_ptr
                0x08003a0c        0x4 c:/progra~2/gnuarm~1/102021~1.10/bin/../lib/gcc/arm-none-eabi/10.3.1/../../../../arm-none-eabi/lib/thumb/v7-m/nofp\libg.a(lib_a-impure.o)
                0x08003a0c                _global_impure_ptr
                0x08003a10                . = ALIGN (0x4)

.rel.dyn        0x08003a10        0x0
 .rel.iplt      0x08003a10        0x0 c:/progra~2/gnuarm~1/102021~1.10/bin/../lib/gcc/arm-none-eabi/10.3.1/thumb/v7-m/nofp/crtbegin.o

.ARM.extab      0x08003a10        0x0
                0x08003a10                . = ALIGN (0x4)
 *(.ARM.extab* .gnu.linkonce.armextab.*)
                0x08003a10                . = ALIGN (0x4)

.ARM            0x08003a10        0x0
                0x08003a10                . = ALIGN (0x4)
                0x08003a10                __exidx_start = .
 *(.ARM.exidx*)
                0x08003a10                __exidx_end = .
                0x08003a10                . = ALIGN (0x4)

.preinit_array  0x08003a10        0x0
                0x08003a10                . = ALIGN (0x4)
                0x08003a10                PROVIDE (__preinit_array_start = .)
 *(.preinit_array*)
                0x08003a10                PROVIDE (__preinit_array_end = .)
                0x08003a10                . = ALIGN (0x4)

.init_array     0x08003a10        0x8
                0x08003a10                . = ALIGN (0x4)
                0x08003a10                PROVIDE (__init_array_start = .)
 *(SORT_BY_NAME(.init_array.*))
 .init_array.00000
                0x08003a10        0x4 c:/progra~2/gnuarm~1/102021~1.10/bin/../lib/gcc/arm-none-eabi/10.3.1/../../../../arm-none-eabi/lib/thumb/v7-m/nofp\libg.a(lib_a-__call_atexit.o)
 *(.init_array*)
 .init_array    0x08003a14        0x4 c:/progra~2/gnuarm~1/102021~1.10/bin/../lib/gcc/arm-none-eabi/10.3.1/thumb/v7-m/nofp/crtbegin.o
                0x08003a18                PROVIDE (__init_array_end = .)
                0x08003a18                . = ALIGN (0x4)

.fini_array     0x08003a18        0x4
                0x08003a18                . = ALIGN (0x4)
                0x08003a18                PROVIDE (__fini_array_start = .)
 *(SORT_BY_NAME(.fini_array.*))
 *(.fini_array*)
 .fini_array    0x08003a18        0x4 c:/progra~2/gnuarm~1/102021~1.10/bin/../lib/gcc/arm-none-eabi/10.3.1/thumb/v7-m/nofp/crtbegin.o
                0x08003a1c                PROVIDE (__fini_array_end = .)
                0x08003a1c                . = ALIGN (0x4)
                0x08003a1c                _sidata = LOADADDR (.data)

.data           0x20000000      0x864 load address 0x08003a1c
                0x20000000                . = ALIGN (0x4)
                0x20000000                _sdata = .
 *(.data)
 *(.data*)
 .data.step_shen
                0x20000000        0x4 CMakeFiles/STM32.elf.dir/Core/Src/Motor.c.obj
                0x20000000                step_shen
 .data.step_zhua
                0x20000004        0x4 CMakeFiles/STM32.elf.dir/Core/Src/Motor.c.obj
                0x20000004                step_zhua
 .data.Length_Flag
                0x20000008        0x4 CMakeFiles/STM32.elf.dir/Core/Src/main.c.obj
                0x20000008                Length_Flag
 .data.State    0x2000000c        0x4 CMakeFiles/STM32.elf.dir/Core/Src/main.c.obj
                0x2000000c                State
 .data.Stop_Flag
                0x20000010        0x4 CMakeFiles/STM32.elf.dir/Core/Src/main.c.obj
                0x20000010                Stop_Flag
 .data.SystemCoreClock
                0x20000014        0x4 CMakeFiles/STM32.elf.dir/Core/Src/system_stm32f1xx.c.obj
                0x20000014                SystemCoreClock
 .data.uwTickFreq
                0x20000018        0x1 CMakeFiles/STM32.elf.dir/Drivers/STM32F1xx_HAL_Driver/Src/stm32f1xx_hal.c.obj
                0x20000018                uwTickFreq
 *fill*         0x20000019        0x3 
 .data.uwTickPrio
                0x2000001c        0x4 CMakeFiles/STM32.elf.dir/Drivers/STM32F1xx_HAL_Driver/Src/stm32f1xx_hal.c.obj
                0x2000001c                uwTickPrio
 .data._impure_ptr
                0x20000020        0x4 c:/progra~2/gnuarm~1/102021~1.10/bin/../lib/gcc/arm-none-eabi/10.3.1/../../../../arm-none-eabi/lib/thumb/v7-m/nofp\libg.a(lib_a-impure.o)
                0x20000020                _impure_ptr
 *fill*         0x20000024        0x4 
 .data.impure_data
                0x20000028      0x428 c:/progra~2/gnuarm~1/102021~1.10/bin/../lib/gcc/arm-none-eabi/10.3.1/../../../../arm-none-eabi/lib/thumb/v7-m/nofp\libg.a(lib_a-impure.o)
 .data.__atexit_recursive_mutex
                0x20000450        0x4 c:/progra~2/gnuarm~1/102021~1.10/bin/../lib/gcc/arm-none-eabi/10.3.1/../../../../arm-none-eabi/lib/thumb/v7-m/nofp\libg.a(lib_a-__call_atexit.o)
                0x20000450                __atexit_recursive_mutex
 .data.__malloc_av_
                0x20000454      0x408 c:/progra~2/gnuarm~1/102021~1.10/bin/../lib/gcc/arm-none-eabi/10.3.1/../../../../arm-none-eabi/lib/thumb/v7-m/nofp\libg.a(lib_a-mallocr.o)
                0x20000454                __malloc_av_
 .data.__malloc_sbrk_base
                0x2000085c        0x4 c:/progra~2/gnuarm~1/102021~1.10/bin/../lib/gcc/arm-none-eabi/10.3.1/../../../../arm-none-eabi/lib/thumb/v7-m/nofp\libg.a(lib_a-mallocr.o)
                0x2000085c                __malloc_sbrk_base
 .data.__malloc_trim_threshold
                0x20000860        0x4 c:/progra~2/gnuarm~1/102021~1.10/bin/../lib/gcc/arm-none-eabi/10.3.1/../../../../arm-none-eabi/lib/thumb/v7-m/nofp\libg.a(lib_a-mallocr.o)
                0x20000860                __malloc_trim_threshold
 *(.RamFunc)
 *(.RamFunc*)
                0x20000864                . = ALIGN (0x4)
                0x20000864                _edata = .

.igot.plt       0x20000864        0x0 load address 0x08004280
 .igot.plt      0x20000864        0x0 c:/progra~2/gnuarm~1/102021~1.10/bin/../lib/gcc/arm-none-eabi/10.3.1/thumb/v7-m/nofp/crtbegin.o
                0x20000864                . = ALIGN (0x4)

.bss            0x20000864      0x180 load address 0x08004280
                0x20000864                _sbss = .
                0x20000864                __bss_start__ = _sbss
 *(.bss)
 .bss           0x20000864       0x1c c:/progra~2/gnuarm~1/102021~1.10/bin/../lib/gcc/arm-none-eabi/10.3.1/thumb/v7-m/nofp/crtbegin.o
 *(.bss*)
 .bss.Deviation
                0x20000880        0x4 CMakeFiles/STM32.elf.dir/Core/Src/main.c.obj
                0x20000880                Deviation
 .bss.Length    0x20000884        0x4 CMakeFiles/STM32.elf.dir/Core/Src/main.c.obj
                0x20000884                Length
 .bss.Para_Out  0x20000888        0x4 CMakeFiles/STM32.elf.dir/Core/Src/main.c.obj
                0x20000888                Para_Out
 .bss.Paralell_Flag
                0x2000088c        0x4 CMakeFiles/STM32.elf.dir/Core/Src/main.c.obj
                0x2000088c                Paralell_Flag
 .bss.Turn_Out  0x20000890        0x4 CMakeFiles/STM32.elf.dir/Core/Src/main.c.obj
                0x20000890                Turn_Out
 .bss.err_x     0x20000894        0x4 CMakeFiles/STM32.elf.dir/Core/Src/main.c.obj
                0x20000894                err_x
 .bss.gHuart    0x20000898        0x4 CMakeFiles/STM32.elf.dir/Core/Src/retarget.c.obj
                0x20000898                gHuart
 .bss.__sbrk_heap_end
                0x2000089c        0x4 CMakeFiles/STM32.elf.dir/Core/Src/sysmem.c.obj
 .bss.htim2     0x200008a0       0x48 CMakeFiles/STM32.elf.dir/Core/Src/tim.c.obj
                0x200008a0                htim2
 .bss.htim3     0x200008e8       0x48 CMakeFiles/STM32.elf.dir/Core/Src/tim.c.obj
                0x200008e8                htim3
 .bss.OpenMV_Rx_Data
                0x20000930        0xc CMakeFiles/STM32.elf.dir/Core/Src/usart.c.obj
                0x20000930                OpenMV_Rx_Data
 .bss.OpenMV_Rx_Data_Analysis_State
                0x2000093c        0x1 CMakeFiles/STM32.elf.dir/Core/Src/usart.c.obj
                0x2000093c                OpenMV_Rx_Data_Analysis_State
 *fill*         0x2000093d        0x3 
 .bss.OpenMV_Uart_Rx_Buffer
                0x20000940        0x9 CMakeFiles/STM32.elf.dir/Core/Src/usart.c.obj
                0x20000940                OpenMV_Uart_Rx_Buffer
 .bss.OpenMV_Uart_Rx_Index
                0x20000949        0x1 CMakeFiles/STM32.elf.dir/Core/Src/usart.c.obj
 *fill*         0x2000094a        0x2 
 .bss.flag.0    0x2000094c        0x4 CMakeFiles/STM32.elf.dir/Core/Src/usart.c.obj
 .bss.huart1    0x20000950       0x48 CMakeFiles/STM32.elf.dir/Core/Src/usart.c.obj
                0x20000950                huart1
 .bss.uwTick    0x20000998        0x4 CMakeFiles/STM32.elf.dir/Drivers/STM32F1xx_HAL_Driver/Src/stm32f1xx_hal.c.obj
                0x20000998                uwTick
 .bss.__lock___atexit_recursive_mutex
                0x2000099c        0x1 c:/progra~2/gnuarm~1/102021~1.10/bin/../lib/gcc/arm-none-eabi/10.3.1/../../../../arm-none-eabi/lib/thumb/v7-m/nofp\libg.a(lib_a-lock.o)
                0x2000099c                __lock___atexit_recursive_mutex
 *fill*         0x2000099d        0x3 
 .bss.__lock___malloc_recursive_mutex
                0x200009a0        0x1 c:/progra~2/gnuarm~1/102021~1.10/bin/../lib/gcc/arm-none-eabi/10.3.1/../../../../arm-none-eabi/lib/thumb/v7-m/nofp\libg.a(lib_a-lock.o)
                0x200009a0                __lock___malloc_recursive_mutex
 *fill*         0x200009a1        0x3 
 .bss.__lock___sfp_recursive_mutex
                0x200009a4        0x1 c:/progra~2/gnuarm~1/102021~1.10/bin/../lib/gcc/arm-none-eabi/10.3.1/../../../../arm-none-eabi/lib/thumb/v7-m/nofp\libg.a(lib_a-lock.o)
                0x200009a4                __lock___sfp_recursive_mutex
 *fill*         0x200009a5        0x3 
 .bss.__lock___sinit_recursive_mutex
                0x200009a8        0x1 c:/progra~2/gnuarm~1/102021~1.10/bin/../lib/gcc/arm-none-eabi/10.3.1/../../../../arm-none-eabi/lib/thumb/v7-m/nofp\libg.a(lib_a-lock.o)
                0x200009a8                __lock___sinit_recursive_mutex
 *fill*         0x200009a9        0x3 
 .bss.__malloc_current_mallinfo
                0x200009ac       0x28 c:/progra~2/gnuarm~1/102021~1.10/bin/../lib/gcc/arm-none-eabi/10.3.1/../../../../arm-none-eabi/lib/thumb/v7-m/nofp\libg.a(lib_a-mallocr.o)
                0x200009ac                __malloc_current_mallinfo
 .bss.__malloc_max_sbrked_mem
                0x200009d4        0x4 c:/progra~2/gnuarm~1/102021~1.10/bin/../lib/gcc/arm-none-eabi/10.3.1/../../../../arm-none-eabi/lib/thumb/v7-m/nofp\libg.a(lib_a-mallocr.o)
                0x200009d4                __malloc_max_sbrked_mem
 .bss.__malloc_max_total_mem
                0x200009d8        0x4 c:/progra~2/gnuarm~1/102021~1.10/bin/../lib/gcc/arm-none-eabi/10.3.1/../../../../arm-none-eabi/lib/thumb/v7-m/nofp\libg.a(lib_a-mallocr.o)
                0x200009d8                __malloc_max_total_mem
 .bss.__malloc_top_pad
                0x200009dc        0x4 c:/progra~2/gnuarm~1/102021~1.10/bin/../lib/gcc/arm-none-eabi/10.3.1/../../../../arm-none-eabi/lib/thumb/v7-m/nofp\libg.a(lib_a-mallocr.o)
                0x200009dc                __malloc_top_pad
 .bss.errno     0x200009e0        0x4 c:/progra~2/gnuarm~1/102021~1.10/bin/../lib/gcc/arm-none-eabi/10.3.1/../../../../arm-none-eabi/lib/thumb/v7-m/nofp\libg.a(lib_a-reent.o)
                0x200009e0                errno
 *(COMMON)
                0x200009e4                . = ALIGN (0x4)
                0x200009e4                _ebss = .
                0x200009e4                __bss_end__ = _ebss

._user_heap_stack
                0x200009e4      0x604 load address 0x08004280
                0x200009e8                . = ALIGN (0x8)
 *fill*         0x200009e4        0x4 
                [!provide]                PROVIDE (end = .)
                0x200009e8                PROVIDE (_end = .)
                0x20000be8                . = (. + _Min_Heap_Size)
 *fill*         0x200009e8      0x200 
                0x20000fe8                . = (. + _Min_Stack_Size)
 *fill*         0x20000be8      0x400 
                0x20000fe8                . = ALIGN (0x8)

/DISCARD/
 libc.a(*)
 libm.a(*)
 libgcc.a(*)

.ARM.attributes
                0x00000000       0x29
 *(.ARM.attributes)
 .ARM.attributes
                0x00000000       0x1d c:/progra~2/gnuarm~1/102021~1.10/bin/../lib/gcc/arm-none-eabi/10.3.1/thumb/v7-m/nofp/crti.o
 .ARM.attributes
                0x0000001d       0x2d c:/progra~2/gnuarm~1/102021~1.10/bin/../lib/gcc/arm-none-eabi/10.3.1/thumb/v7-m/nofp/crtbegin.o
 .ARM.attributes
                0x0000004a       0x2d CMakeFiles/STM32.elf.dir/Core/Src/Motor.c.obj
 .ARM.attributes
                0x00000077       0x2d CMakeFiles/STM32.elf.dir/Core/Src/gpio.c.obj
 .ARM.attributes
                0x000000a4       0x2d CMakeFiles/STM32.elf.dir/Core/Src/main.c.obj
 .ARM.attributes
                0x000000d1       0x2d CMakeFiles/STM32.elf.dir/Core/Src/retarget.c.obj
 .ARM.attributes
                0x000000fe       0x2d CMakeFiles/STM32.elf.dir/Core/Src/stm32f1xx_hal_msp.c.obj
 .ARM.attributes
                0x0000012b       0x2d CMakeFiles/STM32.elf.dir/Core/Src/stm32f1xx_it.c.obj
 .ARM.attributes
                0x00000158       0x2d CMakeFiles/STM32.elf.dir/Core/Src/sysmem.c.obj
 .ARM.attributes
                0x00000185       0x2d CMakeFiles/STM32.elf.dir/Core/Src/system_stm32f1xx.c.obj
 .ARM.attributes
                0x000001b2       0x2d CMakeFiles/STM32.elf.dir/Core/Src/tim.c.obj
 .ARM.attributes
                0x000001df       0x2d CMakeFiles/STM32.elf.dir/Core/Src/usart.c.obj
 .ARM.attributes
                0x0000020c       0x21 CMakeFiles/STM32.elf.dir/Core/Startup/startup_stm32f103c8tx.s.obj
 .ARM.attributes
                0x0000022d       0x2d CMakeFiles/STM32.elf.dir/Drivers/STM32F1xx_HAL_Driver/Src/stm32f1xx_hal.c.obj
 .ARM.attributes
                0x0000025a       0x2d CMakeFiles/STM32.elf.dir/Drivers/STM32F1xx_HAL_Driver/Src/stm32f1xx_hal_cortex.c.obj
 .ARM.attributes
                0x00000287       0x2d CMakeFiles/STM32.elf.dir/Drivers/STM32F1xx_HAL_Driver/Src/stm32f1xx_hal_dma.c.obj
 .ARM.attributes
                0x000002b4       0x2d CMakeFiles/STM32.elf.dir/Drivers/STM32F1xx_HAL_Driver/Src/stm32f1xx_hal_gpio.c.obj
 .ARM.attributes
                0x000002e1       0x2d CMakeFiles/STM32.elf.dir/Drivers/STM32F1xx_HAL_Driver/Src/stm32f1xx_hal_rcc.c.obj
 .ARM.attributes
                0x0000030e       0x2d CMakeFiles/STM32.elf.dir/Drivers/STM32F1xx_HAL_Driver/Src/stm32f1xx_hal_tim.c.obj
 .ARM.attributes
                0x0000033b       0x2d CMakeFiles/STM32.elf.dir/Drivers/STM32F1xx_HAL_Driver/Src/stm32f1xx_hal_tim_ex.c.obj
 .ARM.attributes
                0x00000368       0x2d CMakeFiles/STM32.elf.dir/Drivers/STM32F1xx_HAL_Driver/Src/stm32f1xx_hal_uart.c.obj
 .ARM.attributes
                0x00000395       0x2d c:/progra~2/gnuarm~1/102021~1.10/bin/../lib/gcc/arm-none-eabi/10.3.1/../../../../arm-none-eabi/lib/thumb/v7-m/nofp\libg.a(lib_a-errno.o)
 .ARM.attributes
                0x000003c2       0x2d c:/progra~2/gnuarm~1/102021~1.10/bin/../lib/gcc/arm-none-eabi/10.3.1/../../../../arm-none-eabi/lib/thumb/v7-m/nofp\libg.a(lib_a-impure.o)
 .ARM.attributes
                0x000003ef       0x2d c:/progra~2/gnuarm~1/102021~1.10/bin/../lib/gcc/arm-none-eabi/10.3.1/../../../../arm-none-eabi/lib/thumb/v7-m/nofp\libg.a(lib_a-init.o)
 .ARM.attributes
                0x0000041c       0x2d c:/progra~2/gnuarm~1/102021~1.10/bin/../lib/gcc/arm-none-eabi/10.3.1/../../../../arm-none-eabi/lib/thumb/v7-m/nofp\libg.a(lib_a-memset.o)
 .ARM.attributes
                0x00000449       0x2d c:/progra~2/gnuarm~1/102021~1.10/bin/../lib/gcc/arm-none-eabi/10.3.1/../../../../arm-none-eabi/lib/thumb/v7-m/nofp\libg.a(lib_a-setvbuf.o)
 .ARM.attributes
                0x00000476       0x1b c:/progra~2/gnuarm~1/102021~1.10/bin/../lib/gcc/arm-none-eabi/10.3.1/../../../../arm-none-eabi/lib/thumb/v7-m/nofp\libg.a(lib_a-strcmp.o)
 .ARM.attributes
                0x00000491       0x2d c:/progra~2/gnuarm~1/102021~1.10/bin/../lib/gcc/arm-none-eabi/10.3.1/../../../../arm-none-eabi/lib/thumb/v7-m/nofp\libg.a(lib_a-__call_atexit.o)
 .ARM.attributes
                0x000004be       0x2d c:/progra~2/gnuarm~1/102021~1.10/bin/../lib/gcc/arm-none-eabi/10.3.1/../../../../arm-none-eabi/lib/thumb/v7-m/nofp\libg.a(lib_a-atexit.o)
 .ARM.attributes
                0x000004eb       0x2d c:/progra~2/gnuarm~1/102021~1.10/bin/../lib/gcc/arm-none-eabi/10.3.1/../../../../arm-none-eabi/lib/thumb/v7-m/nofp\libg.a(lib_a-fflush.o)
 .ARM.attributes
                0x00000518       0x2d c:/progra~2/gnuarm~1/102021~1.10/bin/../lib/gcc/arm-none-eabi/10.3.1/../../../../arm-none-eabi/lib/thumb/v7-m/nofp\libg.a(lib_a-findfp.o)
 .ARM.attributes
                0x00000545       0x2d c:/progra~2/gnuarm~1/102021~1.10/bin/../lib/gcc/arm-none-eabi/10.3.1/../../../../arm-none-eabi/lib/thumb/v7-m/nofp\libg.a(lib_a-fini.o)
 .ARM.attributes
                0x00000572       0x2d c:/progra~2/gnuarm~1/102021~1.10/bin/../lib/gcc/arm-none-eabi/10.3.1/../../../../arm-none-eabi/lib/thumb/v7-m/nofp\libg.a(lib_a-freer.o)
 .ARM.attributes
                0x0000059f       0x2d c:/progra~2/gnuarm~1/102021~1.10/bin/../lib/gcc/arm-none-eabi/10.3.1/../../../../arm-none-eabi/lib/thumb/v7-m/nofp\libg.a(lib_a-fwalk.o)
 .ARM.attributes
                0x000005cc       0x2d c:/progra~2/gnuarm~1/102021~1.10/bin/../lib/gcc/arm-none-eabi/10.3.1/../../../../arm-none-eabi/lib/thumb/v7-m/nofp\libg.a(lib_a-lock.o)
 .ARM.attributes
                0x000005f9       0x2d c:/progra~2/gnuarm~1/102021~1.10/bin/../lib/gcc/arm-none-eabi/10.3.1/../../../../arm-none-eabi/lib/thumb/v7-m/nofp\libg.a(lib_a-makebuf.o)
 .ARM.attributes
                0x00000626       0x2d c:/progra~2/gnuarm~1/102021~1.10/bin/../lib/gcc/arm-none-eabi/10.3.1/../../../../arm-none-eabi/lib/thumb/v7-m/nofp\libg.a(lib_a-malloc.o)
 .ARM.attributes
                0x00000653       0x2d c:/progra~2/gnuarm~1/102021~1.10/bin/../lib/gcc/arm-none-eabi/10.3.1/../../../../arm-none-eabi/lib/thumb/v7-m/nofp\libg.a(lib_a-mallocr.o)
 .ARM.attributes
                0x00000680       0x2d c:/progra~2/gnuarm~1/102021~1.10/bin/../lib/gcc/arm-none-eabi/10.3.1/../../../../arm-none-eabi/lib/thumb/v7-m/nofp\libg.a(lib_a-mlock.o)
 .ARM.attributes
                0x000006ad       0x2d c:/progra~2/gnuarm~1/102021~1.10/bin/../lib/gcc/arm-none-eabi/10.3.1/../../../../arm-none-eabi/lib/thumb/v7-m/nofp\libg.a(lib_a-sbrkr.o)
 .ARM.attributes
                0x000006da       0x2d c:/progra~2/gnuarm~1/102021~1.10/bin/../lib/gcc/arm-none-eabi/10.3.1/../../../../arm-none-eabi/lib/thumb/v7-m/nofp\libg.a(lib_a-stdio.o)
 .ARM.attributes
                0x00000707       0x2d c:/progra~2/gnuarm~1/102021~1.10/bin/../lib/gcc/arm-none-eabi/10.3.1/../../../../arm-none-eabi/lib/thumb/v7-m/nofp\libg.a(lib_a-writer.o)
 .ARM.attributes
                0x00000734       0x2d c:/progra~2/gnuarm~1/102021~1.10/bin/../lib/gcc/arm-none-eabi/10.3.1/../../../../arm-none-eabi/lib/thumb/v7-m/nofp\libg.a(lib_a-__atexit.o)
 .ARM.attributes
                0x00000761       0x2d c:/progra~2/gnuarm~1/102021~1.10/bin/../lib/gcc/arm-none-eabi/10.3.1/../../../../arm-none-eabi/lib/thumb/v7-m/nofp\libg.a(lib_a-closer.o)
 .ARM.attributes
                0x0000078e       0x2d c:/progra~2/gnuarm~1/102021~1.10/bin/../lib/gcc/arm-none-eabi/10.3.1/../../../../arm-none-eabi/lib/thumb/v7-m/nofp\libg.a(lib_a-fclose.o)
 .ARM.attributes
                0x000007bb       0x2d c:/progra~2/gnuarm~1/102021~1.10/bin/../lib/gcc/arm-none-eabi/10.3.1/../../../../arm-none-eabi/lib/thumb/v7-m/nofp\libg.a(lib_a-fstatr.o)
 .ARM.attributes
                0x000007e8       0x2d c:/progra~2/gnuarm~1/102021~1.10/bin/../lib/gcc/arm-none-eabi/10.3.1/../../../../arm-none-eabi/lib/thumb/v7-m/nofp\libg.a(lib_a-lseekr.o)
 .ARM.attributes
                0x00000815       0x2d c:/progra~2/gnuarm~1/102021~1.10/bin/../lib/gcc/arm-none-eabi/10.3.1/../../../../arm-none-eabi/lib/thumb/v7-m/nofp\libg.a(lib_a-readr.o)
 .ARM.attributes
                0x00000842       0x2d c:/progra~2/gnuarm~1/102021~1.10/bin/../lib/gcc/arm-none-eabi/10.3.1/../../../../arm-none-eabi/lib/thumb/v7-m/nofp\libg.a(lib_a-reent.o)
 .ARM.attributes
                0x0000086f       0x1d c:/progra~2/gnuarm~1/102021~1.10/bin/../lib/gcc/arm-none-eabi/10.3.1/thumb/v7-m/nofp/crtn.o
OUTPUT(STM32.elf elf32-littlearm)
LOAD linker stubs
LOAD c:/progra~2/gnuarm~1/102021~1.10/bin/../lib/gcc/arm-none-eabi/10.3.1/../../../../arm-none-eabi/lib/thumb/v7-m/nofp\libc.a
LOAD c:/progra~2/gnuarm~1/102021~1.10/bin/../lib/gcc/arm-none-eabi/10.3.1/../../../../arm-none-eabi/lib/thumb/v7-m/nofp\libm.a
LOAD c:/progra~2/gnuarm~1/102021~1.10/bin/../lib/gcc/arm-none-eabi/10.3.1/thumb/v7-m/nofp\libgcc.a

.debug_info     0x00000000    0x1253e
 .debug_info    0x00000000      0xe8e CMakeFiles/STM32.elf.dir/Core/Src/Motor.c.obj
 .debug_info    0x00000e8e      0x3c4 CMakeFiles/STM32.elf.dir/Core/Src/gpio.c.obj
 .debug_info    0x00001252     0x11ae CMakeFiles/STM32.elf.dir/Core/Src/main.c.obj
 .debug_info    0x00002400     0x12d5 CMakeFiles/STM32.elf.dir/Core/Src/retarget.c.obj
 .debug_info    0x000036d5      0x218 CMakeFiles/STM32.elf.dir/Core/Src/stm32f1xx_hal_msp.c.obj
 .debug_info    0x000038ed      0x653 CMakeFiles/STM32.elf.dir/Core/Src/stm32f1xx_it.c.obj
 .debug_info    0x00003f40      0x174 CMakeFiles/STM32.elf.dir/Core/Src/sysmem.c.obj
 .debug_info    0x000040b4      0x248 CMakeFiles/STM32.elf.dir/Core/Src/system_stm32f1xx.c.obj
 .debug_info    0x000042fc      0xe8c CMakeFiles/STM32.elf.dir/Core/Src/tim.c.obj
 .debug_info    0x00005188      0xb4e CMakeFiles/STM32.elf.dir/Core/Src/usart.c.obj
 .debug_info    0x00005cd6       0x22 CMakeFiles/STM32.elf.dir/Core/Startup/startup_stm32f103c8tx.s.obj
 .debug_info    0x00005cf8      0x7a8 CMakeFiles/STM32.elf.dir/Drivers/STM32F1xx_HAL_Driver/Src/stm32f1xx_hal.c.obj
 .debug_info    0x000064a0      0xd8a CMakeFiles/STM32.elf.dir/Drivers/STM32F1xx_HAL_Driver/Src/stm32f1xx_hal_cortex.c.obj
 .debug_info    0x0000722a      0x84b CMakeFiles/STM32.elf.dir/Drivers/STM32F1xx_HAL_Driver/Src/stm32f1xx_hal_dma.c.obj
 .debug_info    0x00007a75      0x66f CMakeFiles/STM32.elf.dir/Drivers/STM32F1xx_HAL_Driver/Src/stm32f1xx_hal_gpio.c.obj
 .debug_info    0x000080e4      0xa3b CMakeFiles/STM32.elf.dir/Drivers/STM32F1xx_HAL_Driver/Src/stm32f1xx_hal_rcc.c.obj
 .debug_info    0x00008b1f     0x3d52 CMakeFiles/STM32.elf.dir/Drivers/STM32F1xx_HAL_Driver/Src/stm32f1xx_hal_tim.c.obj
 .debug_info    0x0000c871     0x1abb CMakeFiles/STM32.elf.dir/Drivers/STM32F1xx_HAL_Driver/Src/stm32f1xx_hal_tim_ex.c.obj
 .debug_info    0x0000e32c     0x4212 CMakeFiles/STM32.elf.dir/Drivers/STM32F1xx_HAL_Driver/Src/stm32f1xx_hal_uart.c.obj

.debug_abbrev   0x00000000     0x2495
 .debug_abbrev  0x00000000      0x255 CMakeFiles/STM32.elf.dir/Core/Src/Motor.c.obj
 .debug_abbrev  0x00000255      0x13c CMakeFiles/STM32.elf.dir/Core/Src/gpio.c.obj
 .debug_abbrev  0x00000391      0x288 CMakeFiles/STM32.elf.dir/Core/Src/main.c.obj
 .debug_abbrev  0x00000619      0x2b4 CMakeFiles/STM32.elf.dir/Core/Src/retarget.c.obj
 .debug_abbrev  0x000008cd       0xe5 CMakeFiles/STM32.elf.dir/Core/Src/stm32f1xx_hal_msp.c.obj
 .debug_abbrev  0x000009b2      0x15b CMakeFiles/STM32.elf.dir/Core/Src/stm32f1xx_it.c.obj
 .debug_abbrev  0x00000b0d       0xe7 CMakeFiles/STM32.elf.dir/Core/Src/sysmem.c.obj
 .debug_abbrev  0x00000bf4      0x13e CMakeFiles/STM32.elf.dir/Core/Src/system_stm32f1xx.c.obj
 .debug_abbrev  0x00000d32      0x214 CMakeFiles/STM32.elf.dir/Core/Src/tim.c.obj
 .debug_abbrev  0x00000f46      0x21b CMakeFiles/STM32.elf.dir/Core/Src/usart.c.obj
 .debug_abbrev  0x00001161       0x12 CMakeFiles/STM32.elf.dir/Core/Startup/startup_stm32f103c8tx.s.obj
 .debug_abbrev  0x00001173      0x1f4 CMakeFiles/STM32.elf.dir/Drivers/STM32F1xx_HAL_Driver/Src/stm32f1xx_hal.c.obj
 .debug_abbrev  0x00001367      0x341 CMakeFiles/STM32.elf.dir/Drivers/STM32F1xx_HAL_Driver/Src/stm32f1xx_hal_cortex.c.obj
 .debug_abbrev  0x000016a8      0x223 CMakeFiles/STM32.elf.dir/Drivers/STM32F1xx_HAL_Driver/Src/stm32f1xx_hal_dma.c.obj
 .debug_abbrev  0x000018cb      0x1e6 CMakeFiles/STM32.elf.dir/Drivers/STM32F1xx_HAL_Driver/Src/stm32f1xx_hal_gpio.c.obj
 .debug_abbrev  0x00001ab1      0x27a CMakeFiles/STM32.elf.dir/Drivers/STM32F1xx_HAL_Driver/Src/stm32f1xx_hal_rcc.c.obj
 .debug_abbrev  0x00001d2b      0x245 CMakeFiles/STM32.elf.dir/Drivers/STM32F1xx_HAL_Driver/Src/stm32f1xx_hal_tim.c.obj
 .debug_abbrev  0x00001f70      0x248 CMakeFiles/STM32.elf.dir/Drivers/STM32F1xx_HAL_Driver/Src/stm32f1xx_hal_tim_ex.c.obj
 .debug_abbrev  0x000021b8      0x2dd CMakeFiles/STM32.elf.dir/Drivers/STM32F1xx_HAL_Driver/Src/stm32f1xx_hal_uart.c.obj

.debug_loc      0x00000000     0xdad2
 .debug_loc     0x00000000      0x2f2 CMakeFiles/STM32.elf.dir/Core/Src/Motor.c.obj
 .debug_loc     0x000002f2       0xa2 CMakeFiles/STM32.elf.dir/Core/Src/main.c.obj
 .debug_loc     0x00000394      0x389 CMakeFiles/STM32.elf.dir/Core/Src/retarget.c.obj
 .debug_loc     0x0000071d       0x15 CMakeFiles/STM32.elf.dir/Core/Src/stm32f1xx_hal_msp.c.obj
 .debug_loc     0x00000732       0x64 CMakeFiles/STM32.elf.dir/Core/Src/sysmem.c.obj
 .debug_loc     0x00000796       0xff CMakeFiles/STM32.elf.dir/Core/Src/system_stm32f1xx.c.obj
 .debug_loc     0x00000895       0x94 CMakeFiles/STM32.elf.dir/Core/Src/tim.c.obj
 .debug_loc     0x00000929       0xdb CMakeFiles/STM32.elf.dir/Core/Src/usart.c.obj
 .debug_loc     0x00000a04      0x141 CMakeFiles/STM32.elf.dir/Drivers/STM32F1xx_HAL_Driver/Src/stm32f1xx_hal.c.obj
 .debug_loc     0x00000b45      0x71f CMakeFiles/STM32.elf.dir/Drivers/STM32F1xx_HAL_Driver/Src/stm32f1xx_hal_cortex.c.obj
 .debug_loc     0x00001264      0x7d1 CMakeFiles/STM32.elf.dir/Drivers/STM32F1xx_HAL_Driver/Src/stm32f1xx_hal_dma.c.obj
 .debug_loc     0x00001a35      0x47d CMakeFiles/STM32.elf.dir/Drivers/STM32F1xx_HAL_Driver/Src/stm32f1xx_hal_gpio.c.obj
 .debug_loc     0x00001eb2      0x618 CMakeFiles/STM32.elf.dir/Drivers/STM32F1xx_HAL_Driver/Src/stm32f1xx_hal_rcc.c.obj
 .debug_loc     0x000024ca     0x50fa CMakeFiles/STM32.elf.dir/Drivers/STM32F1xx_HAL_Driver/Src/stm32f1xx_hal_tim.c.obj
 .debug_loc     0x000075c4     0x1c93 CMakeFiles/STM32.elf.dir/Drivers/STM32F1xx_HAL_Driver/Src/stm32f1xx_hal_tim_ex.c.obj
 .debug_loc     0x00009257     0x487b CMakeFiles/STM32.elf.dir/Drivers/STM32F1xx_HAL_Driver/Src/stm32f1xx_hal_uart.c.obj

.debug_aranges  0x00000000      0xcd0
 .debug_aranges
                0x00000000       0x98 CMakeFiles/STM32.elf.dir/Core/Src/Motor.c.obj
 .debug_aranges
                0x00000098       0x20 CMakeFiles/STM32.elf.dir/Core/Src/gpio.c.obj
 .debug_aranges
                0x000000b8       0x38 CMakeFiles/STM32.elf.dir/Core/Src/main.c.obj
 .debug_aranges
                0x000000f0       0x50 CMakeFiles/STM32.elf.dir/Core/Src/retarget.c.obj
 .debug_aranges
                0x00000140       0x20 CMakeFiles/STM32.elf.dir/Core/Src/stm32f1xx_hal_msp.c.obj
 .debug_aranges
                0x00000160       0x68 CMakeFiles/STM32.elf.dir/Core/Src/stm32f1xx_it.c.obj
 .debug_aranges
                0x000001c8       0x20 CMakeFiles/STM32.elf.dir/Core/Src/sysmem.c.obj
 .debug_aranges
                0x000001e8       0x28 CMakeFiles/STM32.elf.dir/Core/Src/system_stm32f1xx.c.obj
 .debug_aranges
                0x00000210       0x40 CMakeFiles/STM32.elf.dir/Core/Src/tim.c.obj
 .debug_aranges
                0x00000250       0x40 CMakeFiles/STM32.elf.dir/Core/Src/usart.c.obj
 .debug_aranges
                0x00000290       0x28 CMakeFiles/STM32.elf.dir/Core/Startup/startup_stm32f103c8tx.s.obj
 .debug_aranges
                0x000002b8       0xe0 CMakeFiles/STM32.elf.dir/Drivers/STM32F1xx_HAL_Driver/Src/stm32f1xx_hal.c.obj
 .debug_aranges
                0x00000398       0x90 CMakeFiles/STM32.elf.dir/Drivers/STM32F1xx_HAL_Driver/Src/stm32f1xx_hal_cortex.c.obj
 .debug_aranges
                0x00000428       0x80 CMakeFiles/STM32.elf.dir/Drivers/STM32F1xx_HAL_Driver/Src/stm32f1xx_hal_dma.c.obj
 .debug_aranges
                0x000004a8       0x58 CMakeFiles/STM32.elf.dir/Drivers/STM32F1xx_HAL_Driver/Src/stm32f1xx_hal_gpio.c.obj
 .debug_aranges
                0x00000500       0x90 CMakeFiles/STM32.elf.dir/Drivers/STM32F1xx_HAL_Driver/Src/stm32f1xx_hal_rcc.c.obj
 .debug_aranges
                0x00000590      0x3d0 CMakeFiles/STM32.elf.dir/Drivers/STM32F1xx_HAL_Driver/Src/stm32f1xx_hal_tim.c.obj
 .debug_aranges
                0x00000960      0x168 CMakeFiles/STM32.elf.dir/Drivers/STM32F1xx_HAL_Driver/Src/stm32f1xx_hal_tim_ex.c.obj
 .debug_aranges
                0x00000ac8      0x208 CMakeFiles/STM32.elf.dir/Drivers/STM32F1xx_HAL_Driver/Src/stm32f1xx_hal_uart.c.obj

.debug_ranges   0x00000000      0xc40
 .debug_ranges  0x00000000       0x88 CMakeFiles/STM32.elf.dir/Core/Src/Motor.c.obj
 .debug_ranges  0x00000088       0x10 CMakeFiles/STM32.elf.dir/Core/Src/gpio.c.obj
 .debug_ranges  0x00000098       0x28 CMakeFiles/STM32.elf.dir/Core/Src/main.c.obj
 .debug_ranges  0x000000c0       0x40 CMakeFiles/STM32.elf.dir/Core/Src/retarget.c.obj
 .debug_ranges  0x00000100       0x10 CMakeFiles/STM32.elf.dir/Core/Src/stm32f1xx_hal_msp.c.obj
 .debug_ranges  0x00000110       0x58 CMakeFiles/STM32.elf.dir/Core/Src/stm32f1xx_it.c.obj
 .debug_ranges  0x00000168       0x10 CMakeFiles/STM32.elf.dir/Core/Src/sysmem.c.obj
 .debug_ranges  0x00000178       0x18 CMakeFiles/STM32.elf.dir/Core/Src/system_stm32f1xx.c.obj
 .debug_ranges  0x00000190       0x30 CMakeFiles/STM32.elf.dir/Core/Src/tim.c.obj
 .debug_ranges  0x000001c0       0x30 CMakeFiles/STM32.elf.dir/Core/Src/usart.c.obj
 .debug_ranges  0x000001f0       0x20 CMakeFiles/STM32.elf.dir/Core/Startup/startup_stm32f103c8tx.s.obj
 .debug_ranges  0x00000210       0xd0 CMakeFiles/STM32.elf.dir/Drivers/STM32F1xx_HAL_Driver/Src/stm32f1xx_hal.c.obj
 .debug_ranges  0x000002e0       0xe0 CMakeFiles/STM32.elf.dir/Drivers/STM32F1xx_HAL_Driver/Src/stm32f1xx_hal_cortex.c.obj
 .debug_ranges  0x000003c0       0x70 CMakeFiles/STM32.elf.dir/Drivers/STM32F1xx_HAL_Driver/Src/stm32f1xx_hal_dma.c.obj
 .debug_ranges  0x00000430       0x48 CMakeFiles/STM32.elf.dir/Drivers/STM32F1xx_HAL_Driver/Src/stm32f1xx_hal_gpio.c.obj
 .debug_ranges  0x00000478       0xa0 CMakeFiles/STM32.elf.dir/Drivers/STM32F1xx_HAL_Driver/Src/stm32f1xx_hal_rcc.c.obj
 .debug_ranges  0x00000518      0x3c0 CMakeFiles/STM32.elf.dir/Drivers/STM32F1xx_HAL_Driver/Src/stm32f1xx_hal_tim.c.obj
 .debug_ranges  0x000008d8      0x158 CMakeFiles/STM32.elf.dir/Drivers/STM32F1xx_HAL_Driver/Src/stm32f1xx_hal_tim_ex.c.obj
 .debug_ranges  0x00000a30      0x210 CMakeFiles/STM32.elf.dir/Drivers/STM32F1xx_HAL_Driver/Src/stm32f1xx_hal_uart.c.obj

.debug_line     0x00000000     0xffbd
 .debug_line    0x00000000      0x62b CMakeFiles/STM32.elf.dir/Core/Src/Motor.c.obj
 .debug_line    0x0000062b      0x2da CMakeFiles/STM32.elf.dir/Core/Src/gpio.c.obj
 .debug_line    0x00000905      0x63a CMakeFiles/STM32.elf.dir/Core/Src/main.c.obj
 .debug_line    0x00000f3f      0x4b6 CMakeFiles/STM32.elf.dir/Core/Src/retarget.c.obj
 .debug_line    0x000013f5      0x1c5 CMakeFiles/STM32.elf.dir/Core/Src/stm32f1xx_hal_msp.c.obj
 .debug_line    0x000015ba      0x3d2 CMakeFiles/STM32.elf.dir/Core/Src/stm32f1xx_it.c.obj
 .debug_line    0x0000198c      0x1d0 CMakeFiles/STM32.elf.dir/Core/Src/sysmem.c.obj
 .debug_line    0x00001b5c      0x28e CMakeFiles/STM32.elf.dir/Core/Src/system_stm32f1xx.c.obj
 .debug_line    0x00001dea      0x60e CMakeFiles/STM32.elf.dir/Core/Src/tim.c.obj
 .debug_line    0x000023f8      0x54c CMakeFiles/STM32.elf.dir/Core/Src/usart.c.obj
 .debug_line    0x00002944       0xc7 CMakeFiles/STM32.elf.dir/Core/Startup/startup_stm32f103c8tx.s.obj
 .debug_line    0x00002a0b      0x5fe CMakeFiles/STM32.elf.dir/Drivers/STM32F1xx_HAL_Driver/Src/stm32f1xx_hal.c.obj
 .debug_line    0x00003009      0x6c5 CMakeFiles/STM32.elf.dir/Drivers/STM32F1xx_HAL_Driver/Src/stm32f1xx_hal_cortex.c.obj
 .debug_line    0x000036ce      0xae6 CMakeFiles/STM32.elf.dir/Drivers/STM32F1xx_HAL_Driver/Src/stm32f1xx_hal_dma.c.obj
 .debug_line    0x000041b4      0x66d CMakeFiles/STM32.elf.dir/Drivers/STM32F1xx_HAL_Driver/Src/stm32f1xx_hal_gpio.c.obj
 .debug_line    0x00004821      0xcaa CMakeFiles/STM32.elf.dir/Drivers/STM32F1xx_HAL_Driver/Src/stm32f1xx_hal_rcc.c.obj
 .debug_line    0x000054cb     0x4a05 CMakeFiles/STM32.elf.dir/Drivers/STM32F1xx_HAL_Driver/Src/stm32f1xx_hal_tim.c.obj
 .debug_line    0x00009ed0     0x1c7a CMakeFiles/STM32.elf.dir/Drivers/STM32F1xx_HAL_Driver/Src/stm32f1xx_hal_tim_ex.c.obj
 .debug_line    0x0000bb4a     0x4473 CMakeFiles/STM32.elf.dir/Drivers/STM32F1xx_HAL_Driver/Src/stm32f1xx_hal_uart.c.obj

.debug_str      0x00000000     0x437a
 .debug_str     0x00000000      0x7cc CMakeFiles/STM32.elf.dir/Core/Src/Motor.c.obj
                                0x897 (size before relaxing)
 .debug_str     0x000007cc       0xe1 CMakeFiles/STM32.elf.dir/Core/Src/gpio.c.obj
                                0x302 (size before relaxing)
 .debug_str     0x000008ad      0x570 CMakeFiles/STM32.elf.dir/Core/Src/main.c.obj
                                0xd14 (size before relaxing)
 .debug_str     0x00000e1d      0x557 CMakeFiles/STM32.elf.dir/Core/Src/retarget.c.obj
                                0xbbb (size before relaxing)
 .debug_str     0x00001374       0x9b CMakeFiles/STM32.elf.dir/Core/Src/stm32f1xx_hal_msp.c.obj
                                0x2a4 (size before relaxing)
 .debug_str     0x0000140f      0x11e CMakeFiles/STM32.elf.dir/Core/Src/stm32f1xx_it.c.obj
                                0x6e2 (size before relaxing)
 .debug_str     0x0000152d       0xb6 CMakeFiles/STM32.elf.dir/Core/Src/sysmem.c.obj
                                0x298 (size before relaxing)
 .debug_str     0x000015e3       0xbf CMakeFiles/STM32.elf.dir/Core/Src/system_stm32f1xx.c.obj
                                0x2d4 (size before relaxing)
 .debug_str     0x000016a2      0x219 CMakeFiles/STM32.elf.dir/Core/Src/tim.c.obj
                                0x9e1 (size before relaxing)
 .debug_str     0x000018bb      0x415 CMakeFiles/STM32.elf.dir/Core/Src/usart.c.obj
                                0xb25 (size before relaxing)
 .debug_str     0x00001cd0       0x77 CMakeFiles/STM32.elf.dir/Core/Startup/startup_stm32f103c8tx.s.obj
                                 0xcd (size before relaxing)
 .debug_str     0x00001d47      0x333 CMakeFiles/STM32.elf.dir/Drivers/STM32F1xx_HAL_Driver/Src/stm32f1xx_hal.c.obj
                                0x8a4 (size before relaxing)
 .debug_str     0x0000207a      0x3df CMakeFiles/STM32.elf.dir/Drivers/STM32F1xx_HAL_Driver/Src/stm32f1xx_hal_cortex.c.obj
                                0x953 (size before relaxing)
 .debug_str     0x00002459      0x280 CMakeFiles/STM32.elf.dir/Drivers/STM32F1xx_HAL_Driver/Src/stm32f1xx_hal_dma.c.obj
                                0x67d (size before relaxing)
 .debug_str     0x000026d9      0x145 CMakeFiles/STM32.elf.dir/Drivers/STM32F1xx_HAL_Driver/Src/stm32f1xx_hal_gpio.c.obj
                                0x480 (size before relaxing)
 .debug_str     0x0000281e      0x235 CMakeFiles/STM32.elf.dir/Drivers/STM32F1xx_HAL_Driver/Src/stm32f1xx_hal_rcc.c.obj
                                0x6ab (size before relaxing)
 .debug_str     0x00002a53      0xdd9 CMakeFiles/STM32.elf.dir/Drivers/STM32F1xx_HAL_Driver/Src/stm32f1xx_hal_tim.c.obj
                               0x16bf (size before relaxing)
 .debug_str     0x0000382c      0x565 CMakeFiles/STM32.elf.dir/Drivers/STM32F1xx_HAL_Driver/Src/stm32f1xx_hal_tim_ex.c.obj
                                0xec0 (size before relaxing)
 .debug_str     0x00003d91      0x5e9 CMakeFiles/STM32.elf.dir/Drivers/STM32F1xx_HAL_Driver/Src/stm32f1xx_hal_uart.c.obj
                                0xd74 (size before relaxing)

.comment        0x00000000       0x49
 .comment       0x00000000       0x49 CMakeFiles/STM32.elf.dir/Core/Src/Motor.c.obj
                                 0x4a (size before relaxing)
 .comment       0x00000049       0x4a CMakeFiles/STM32.elf.dir/Core/Src/gpio.c.obj
 .comment       0x00000049       0x4a CMakeFiles/STM32.elf.dir/Core/Src/main.c.obj
 .comment       0x00000049       0x4a CMakeFiles/STM32.elf.dir/Core/Src/retarget.c.obj
 .comment       0x00000049       0x4a CMakeFiles/STM32.elf.dir/Core/Src/stm32f1xx_hal_msp.c.obj
 .comment       0x00000049       0x4a CMakeFiles/STM32.elf.dir/Core/Src/stm32f1xx_it.c.obj
 .comment       0x00000049       0x4a CMakeFiles/STM32.elf.dir/Core/Src/sysmem.c.obj
 .comment       0x00000049       0x4a CMakeFiles/STM32.elf.dir/Core/Src/system_stm32f1xx.c.obj
 .comment       0x00000049       0x4a CMakeFiles/STM32.elf.dir/Core/Src/tim.c.obj
 .comment       0x00000049       0x4a CMakeFiles/STM32.elf.dir/Core/Src/usart.c.obj
 .comment       0x00000049       0x4a CMakeFiles/STM32.elf.dir/Drivers/STM32F1xx_HAL_Driver/Src/stm32f1xx_hal.c.obj
 .comment       0x00000049       0x4a CMakeFiles/STM32.elf.dir/Drivers/STM32F1xx_HAL_Driver/Src/stm32f1xx_hal_cortex.c.obj
 .comment       0x00000049       0x4a CMakeFiles/STM32.elf.dir/Drivers/STM32F1xx_HAL_Driver/Src/stm32f1xx_hal_dma.c.obj
 .comment       0x00000049       0x4a CMakeFiles/STM32.elf.dir/Drivers/STM32F1xx_HAL_Driver/Src/stm32f1xx_hal_gpio.c.obj
 .comment       0x00000049       0x4a CMakeFiles/STM32.elf.dir/Drivers/STM32F1xx_HAL_Driver/Src/stm32f1xx_hal_rcc.c.obj
 .comment       0x00000049       0x4a CMakeFiles/STM32.elf.dir/Drivers/STM32F1xx_HAL_Driver/Src/stm32f1xx_hal_tim.c.obj
 .comment       0x00000049       0x4a CMakeFiles/STM32.elf.dir/Drivers/STM32F1xx_HAL_Driver/Src/stm32f1xx_hal_tim_ex.c.obj
 .comment       0x00000049       0x4a CMakeFiles/STM32.elf.dir/Drivers/STM32F1xx_HAL_Driver/Src/stm32f1xx_hal_uart.c.obj

.debug_frame    0x00000000     0x2970
 .debug_frame   0x00000000      0x184 CMakeFiles/STM32.elf.dir/Core/Src/Motor.c.obj
 .debug_frame   0x00000184       0x38 CMakeFiles/STM32.elf.dir/Core/Src/gpio.c.obj
 .debug_frame   0x000001bc       0x78 CMakeFiles/STM32.elf.dir/Core/Src/main.c.obj
 .debug_frame   0x00000234       0xb8 CMakeFiles/STM32.elf.dir/Core/Src/retarget.c.obj
 .debug_frame   0x000002ec       0x28 CMakeFiles/STM32.elf.dir/Core/Src/stm32f1xx_hal_msp.c.obj
 .debug_frame   0x00000314       0xc0 CMakeFiles/STM32.elf.dir/Core/Src/stm32f1xx_it.c.obj
 .debug_frame   0x000003d4       0x28 CMakeFiles/STM32.elf.dir/Core/Src/sysmem.c.obj
 .debug_frame   0x000003fc       0x30 CMakeFiles/STM32.elf.dir/Core/Src/system_stm32f1xx.c.obj
 .debug_frame   0x0000042c       0x9c CMakeFiles/STM32.elf.dir/Core/Src/tim.c.obj
 .debug_frame   0x000004c8       0xa0 CMakeFiles/STM32.elf.dir/Core/Src/usart.c.obj
 .debug_frame   0x00000568      0x1cc CMakeFiles/STM32.elf.dir/Drivers/STM32F1xx_HAL_Driver/Src/stm32f1xx_hal.c.obj
 .debug_frame   0x00000734      0x118 CMakeFiles/STM32.elf.dir/Drivers/STM32F1xx_HAL_Driver/Src/stm32f1xx_hal_cortex.c.obj
 .debug_frame   0x0000084c      0x144 CMakeFiles/STM32.elf.dir/Drivers/STM32F1xx_HAL_Driver/Src/stm32f1xx_hal_dma.c.obj
 .debug_frame   0x00000990       0xe4 CMakeFiles/STM32.elf.dir/Drivers/STM32F1xx_HAL_Driver/Src/stm32f1xx_hal_gpio.c.obj
 .debug_frame   0x00000a74      0x184 CMakeFiles/STM32.elf.dir/Drivers/STM32F1xx_HAL_Driver/Src/stm32f1xx_hal_rcc.c.obj
 .debug_frame   0x00000bf8      0xb18 CMakeFiles/STM32.elf.dir/Drivers/STM32F1xx_HAL_Driver/Src/stm32f1xx_hal_tim.c.obj
 .debug_frame   0x00001710      0x40c CMakeFiles/STM32.elf.dir/Drivers/STM32F1xx_HAL_Driver/Src/stm32f1xx_hal_tim_ex.c.obj
 .debug_frame   0x00001b1c      0x5d8 CMakeFiles/STM32.elf.dir/Drivers/STM32F1xx_HAL_Driver/Src/stm32f1xx_hal_uart.c.obj
 .debug_frame   0x000020f4       0x20 c:/progra~2/gnuarm~1/102021~1.10/bin/../lib/gcc/arm-none-eabi/10.3.1/../../../../arm-none-eabi/lib/thumb/v7-m/nofp\libg.a(lib_a-errno.o)
 .debug_frame   0x00002114       0x2c c:/progra~2/gnuarm~1/102021~1.10/bin/../lib/gcc/arm-none-eabi/10.3.1/../../../../arm-none-eabi/lib/thumb/v7-m/nofp\libg.a(lib_a-init.o)
 .debug_frame   0x00002140       0x2c c:/progra~2/gnuarm~1/102021~1.10/bin/../lib/gcc/arm-none-eabi/10.3.1/../../../../arm-none-eabi/lib/thumb/v7-m/nofp\libg.a(lib_a-memset.o)
 .debug_frame   0x0000216c       0x48 c:/progra~2/gnuarm~1/102021~1.10/bin/../lib/gcc/arm-none-eabi/10.3.1/../../../../arm-none-eabi/lib/thumb/v7-m/nofp\libg.a(lib_a-setvbuf.o)
 .debug_frame   0x000021b4       0x34 c:/progra~2/gnuarm~1/102021~1.10/bin/../lib/gcc/arm-none-eabi/10.3.1/../../../../arm-none-eabi/lib/thumb/v7-m/nofp\libg.a(lib_a-strcmp.o)
 .debug_frame   0x000021e8       0x5c c:/progra~2/gnuarm~1/102021~1.10/bin/../lib/gcc/arm-none-eabi/10.3.1/../../../../arm-none-eabi/lib/thumb/v7-m/nofp\libg.a(lib_a-__call_atexit.o)
 .debug_frame   0x00002244       0x20 c:/progra~2/gnuarm~1/102021~1.10/bin/../lib/gcc/arm-none-eabi/10.3.1/../../../../arm-none-eabi/lib/thumb/v7-m/nofp\libg.a(lib_a-atexit.o)
 .debug_frame   0x00002264       0x70 c:/progra~2/gnuarm~1/102021~1.10/bin/../lib/gcc/arm-none-eabi/10.3.1/../../../../arm-none-eabi/lib/thumb/v7-m/nofp\libg.a(lib_a-fflush.o)
 .debug_frame   0x000022d4      0x154 c:/progra~2/gnuarm~1/102021~1.10/bin/../lib/gcc/arm-none-eabi/10.3.1/../../../../arm-none-eabi/lib/thumb/v7-m/nofp\libg.a(lib_a-findfp.o)
 .debug_frame   0x00002428       0x34 c:/progra~2/gnuarm~1/102021~1.10/bin/../lib/gcc/arm-none-eabi/10.3.1/../../../../arm-none-eabi/lib/thumb/v7-m/nofp\libg.a(lib_a-fini.o)
 .debug_frame   0x0000245c       0x8c c:/progra~2/gnuarm~1/102021~1.10/bin/../lib/gcc/arm-none-eabi/10.3.1/../../../../arm-none-eabi/lib/thumb/v7-m/nofp\libg.a(lib_a-freer.o)
 .debug_frame   0x000024e8       0x54 c:/progra~2/gnuarm~1/102021~1.10/bin/../lib/gcc/arm-none-eabi/10.3.1/../../../../arm-none-eabi/lib/thumb/v7-m/nofp\libg.a(lib_a-fwalk.o)
 .debug_frame   0x0000253c       0xb0 c:/progra~2/gnuarm~1/102021~1.10/bin/../lib/gcc/arm-none-eabi/10.3.1/../../../../arm-none-eabi/lib/thumb/v7-m/nofp\libg.a(lib_a-lock.o)
 .debug_frame   0x000025ec       0x70 c:/progra~2/gnuarm~1/102021~1.10/bin/../lib/gcc/arm-none-eabi/10.3.1/../../../../arm-none-eabi/lib/thumb/v7-m/nofp\libg.a(lib_a-makebuf.o)
 .debug_frame   0x0000265c       0x30 c:/progra~2/gnuarm~1/102021~1.10/bin/../lib/gcc/arm-none-eabi/10.3.1/../../../../arm-none-eabi/lib/thumb/v7-m/nofp\libg.a(lib_a-malloc.o)
 .debug_frame   0x0000268c       0x4c c:/progra~2/gnuarm~1/102021~1.10/bin/../lib/gcc/arm-none-eabi/10.3.1/../../../../arm-none-eabi/lib/thumb/v7-m/nofp\libg.a(lib_a-mallocr.o)
 .debug_frame   0x000026d8       0x30 c:/progra~2/gnuarm~1/102021~1.10/bin/../lib/gcc/arm-none-eabi/10.3.1/../../../../arm-none-eabi/lib/thumb/v7-m/nofp\libg.a(lib_a-mlock.o)
 .debug_frame   0x00002708       0x2c c:/progra~2/gnuarm~1/102021~1.10/bin/../lib/gcc/arm-none-eabi/10.3.1/../../../../arm-none-eabi/lib/thumb/v7-m/nofp\libg.a(lib_a-sbrkr.o)
 .debug_frame   0x00002734       0x8c c:/progra~2/gnuarm~1/102021~1.10/bin/../lib/gcc/arm-none-eabi/10.3.1/../../../../arm-none-eabi/lib/thumb/v7-m/nofp\libg.a(lib_a-stdio.o)
 .debug_frame   0x000027c0       0x2c c:/progra~2/gnuarm~1/102021~1.10/bin/../lib/gcc/arm-none-eabi/10.3.1/../../../../arm-none-eabi/lib/thumb/v7-m/nofp\libg.a(lib_a-writer.o)
 .debug_frame   0x000027ec       0x34 c:/progra~2/gnuarm~1/102021~1.10/bin/../lib/gcc/arm-none-eabi/10.3.1/../../../../arm-none-eabi/lib/thumb/v7-m/nofp\libg.a(lib_a-__atexit.o)
 .debug_frame   0x00002820       0x2c c:/progra~2/gnuarm~1/102021~1.10/bin/../lib/gcc/arm-none-eabi/10.3.1/../../../../arm-none-eabi/lib/thumb/v7-m/nofp\libg.a(lib_a-closer.o)
 .debug_frame   0x0000284c       0x3c c:/progra~2/gnuarm~1/102021~1.10/bin/../lib/gcc/arm-none-eabi/10.3.1/../../../../arm-none-eabi/lib/thumb/v7-m/nofp\libg.a(lib_a-fclose.o)
 .debug_frame   0x00002888       0x2c c:/progra~2/gnuarm~1/102021~1.10/bin/../lib/gcc/arm-none-eabi/10.3.1/../../../../arm-none-eabi/lib/thumb/v7-m/nofp\libg.a(lib_a-fstatr.o)
 .debug_frame   0x000028b4       0x2c c:/progra~2/gnuarm~1/102021~1.10/bin/../lib/gcc/arm-none-eabi/10.3.1/../../../../arm-none-eabi/lib/thumb/v7-m/nofp\libg.a(lib_a-lseekr.o)
 .debug_frame   0x000028e0       0x2c c:/progra~2/gnuarm~1/102021~1.10/bin/../lib/gcc/arm-none-eabi/10.3.1/../../../../arm-none-eabi/lib/thumb/v7-m/nofp\libg.a(lib_a-readr.o)
 .debug_frame   0x0000290c       0x64 c:/progra~2/gnuarm~1/102021~1.10/bin/../lib/gcc/arm-none-eabi/10.3.1/../../../../arm-none-eabi/lib/thumb/v7-m/nofp\libg.a(lib_a-reent.o)
